Component: ARM Compiler 5.06 update 6 (build 750) Tool: armlink [4d35ed]

==============================================================================

Section Cross References

    startup_stm32g070xx.o(RESET) refers to startup_stm32g070xx.o(STACK) for __initial_sp
    startup_stm32g070xx.o(RESET) refers to startup_stm32g070xx.o(.text) for Reset_Handler
    startup_stm32g070xx.o(RESET) refers to stm32g0xx_it.o(i.NMI_Handler) for NMI_Handler
    startup_stm32g070xx.o(RESET) refers to stm32g0xx_it.o(i.HardFault_Handler) for HardFault_Handler
    startup_stm32g070xx.o(RESET) refers to stm32g0xx_it.o(i.SVC_Handler) for SVC_Handler
    startup_stm32g070xx.o(RESET) refers to stm32g0xx_it.o(i.PendSV_Handler) for PendSV_Handler
    startup_stm32g070xx.o(RESET) refers to stm32g0xx_it.o(i.SysTick_Handler) for SysTick_Handler
    startup_stm32g070xx.o(.text) refers to system_stm32g0xx.o(i.SystemInit) for SystemInit
    startup_stm32g070xx.o(.text) refers to entry.o(.ARM.Collect$$$$00000000) for __main
    main.o(i.MX_USART2_UART_Init) refers to stm32g0xx_hal_uart.o(i.HAL_UART_Init) for HAL_UART_Init
    main.o(i.MX_USART2_UART_Init) refers to stm32g0xx_hal_uart_ex.o(i.HAL_UARTEx_SetTxFifoThreshold) for HAL_UARTEx_SetTxFifoThreshold
    main.o(i.MX_USART2_UART_Init) refers to stm32g0xx_hal_uart_ex.o(i.HAL_UARTEx_SetRxFifoThreshold) for HAL_UARTEx_SetRxFifoThreshold
    main.o(i.MX_USART2_UART_Init) refers to stm32g0xx_hal_uart_ex.o(i.HAL_UARTEx_DisableFifoMode) for HAL_UARTEx_DisableFifoMode
    main.o(i.MX_USART2_UART_Init) refers to main.o(.bss) for .bss
    main.o(i.SystemClock_Config) refers to memseta.o(.text) for __aeabi_memclr4
    main.o(i.SystemClock_Config) refers to stm32g0xx_hal_pwr_ex.o(i.HAL_PWREx_ControlVoltageScaling) for HAL_PWREx_ControlVoltageScaling
    main.o(i.SystemClock_Config) refers to stm32g0xx_hal_rcc.o(i.HAL_RCC_OscConfig) for HAL_RCC_OscConfig
    main.o(i.SystemClock_Config) refers to stm32g0xx_hal_rcc.o(i.HAL_RCC_ClockConfig) for HAL_RCC_ClockConfig
    main.o(i.SystemClock_Config) refers to stm32g0xx_hal_rcc_ex.o(i.HAL_RCCEx_PeriphCLKConfig) for HAL_RCCEx_PeriphCLKConfig
    main.o(i.main) refers to stm32g0xx_hal.o(i.HAL_Init) for HAL_Init
    main.o(i.main) refers to main.o(i.SystemClock_Config) for SystemClock_Config
    main.o(i.main) refers to main.o(i.MX_USART2_UART_Init) for MX_USART2_UART_Init
    main.o(i.main) refers to sissdk_benchmark.o(i.sis_benchmark) for sis_benchmark
    stm32g0xx_it.o(i.SysTick_Handler) refers to stm32g0xx_hal.o(i.HAL_IncTick) for HAL_IncTick
    stm32g0xx_hal_msp.o(i.HAL_UART_MspDeInit) refers to stm32g0xx_hal_gpio.o(i.HAL_GPIO_DeInit) for HAL_GPIO_DeInit
    stm32g0xx_hal_msp.o(i.HAL_UART_MspInit) refers to memseta.o(.text) for __aeabi_memclr4
    stm32g0xx_hal_msp.o(i.HAL_UART_MspInit) refers to stm32g0xx_hal_gpio.o(i.HAL_GPIO_Init) for HAL_GPIO_Init
    stm32g0xx_hal_gpio.o(i.HAL_GPIO_EXTI_IRQHandler) refers to stm32g0xx_hal_gpio.o(i.HAL_GPIO_EXTI_Rising_Callback) for HAL_GPIO_EXTI_Rising_Callback
    stm32g0xx_hal_gpio.o(i.HAL_GPIO_EXTI_IRQHandler) refers to stm32g0xx_hal_gpio.o(i.HAL_GPIO_EXTI_Falling_Callback) for HAL_GPIO_EXTI_Falling_Callback
    stm32g0xx_hal_uart.o(i.HAL_HalfDuplex_Init) refers to stm32g0xx_hal_msp.o(i.HAL_UART_MspInit) for HAL_UART_MspInit
    stm32g0xx_hal_uart.o(i.HAL_HalfDuplex_Init) refers to stm32g0xx_hal_uart.o(i.UART_SetConfig) for UART_SetConfig
    stm32g0xx_hal_uart.o(i.HAL_HalfDuplex_Init) refers to stm32g0xx_hal_uart.o(i.UART_AdvFeatureConfig) for UART_AdvFeatureConfig
    stm32g0xx_hal_uart.o(i.HAL_HalfDuplex_Init) refers to stm32g0xx_hal_uart.o(i.UART_CheckIdleState) for UART_CheckIdleState
    stm32g0xx_hal_uart.o(i.HAL_LIN_Init) refers to stm32g0xx_hal_msp.o(i.HAL_UART_MspInit) for HAL_UART_MspInit
    stm32g0xx_hal_uart.o(i.HAL_LIN_Init) refers to stm32g0xx_hal_uart.o(i.UART_SetConfig) for UART_SetConfig
    stm32g0xx_hal_uart.o(i.HAL_LIN_Init) refers to stm32g0xx_hal_uart.o(i.UART_AdvFeatureConfig) for UART_AdvFeatureConfig
    stm32g0xx_hal_uart.o(i.HAL_LIN_Init) refers to stm32g0xx_hal_uart.o(i.UART_CheckIdleState) for UART_CheckIdleState
    stm32g0xx_hal_uart.o(i.HAL_MultiProcessor_DisableMuteMode) refers to stm32g0xx_hal_uart.o(i.UART_CheckIdleState) for UART_CheckIdleState
    stm32g0xx_hal_uart.o(i.HAL_MultiProcessor_EnableMuteMode) refers to stm32g0xx_hal_uart.o(i.UART_CheckIdleState) for UART_CheckIdleState
    stm32g0xx_hal_uart.o(i.HAL_MultiProcessor_Init) refers to stm32g0xx_hal_msp.o(i.HAL_UART_MspInit) for HAL_UART_MspInit
    stm32g0xx_hal_uart.o(i.HAL_MultiProcessor_Init) refers to stm32g0xx_hal_uart.o(i.UART_SetConfig) for UART_SetConfig
    stm32g0xx_hal_uart.o(i.HAL_MultiProcessor_Init) refers to stm32g0xx_hal_uart.o(i.UART_AdvFeatureConfig) for UART_AdvFeatureConfig
    stm32g0xx_hal_uart.o(i.HAL_MultiProcessor_Init) refers to stm32g0xx_hal_uart.o(i.UART_CheckIdleState) for UART_CheckIdleState
[...]
    i.mbedtls_ecdsa_write_signature_restartable 0x080050a2   Section        0  ecdsa.o(i.mbedtls_ecdsa_write_signature_restartable)
    i.mbedtls_ecp_check_privkey              0x080050f8   Section        0  ecp.o(i.mbedtls_ecp_check_privkey)
    i.mbedtls_ecp_check_pubkey               0x08005178   Section        0  ecp.o(i.mbedtls_ecp_check_pubkey)
    i.mbedtls_ecp_copy                       0x080051d0   Section        0  ecp.o(i.mbedtls_ecp_copy)
    i.mbedtls_ecp_curve_info_from_tls_id     0x080051fc   Section        0  ecp.o(i.mbedtls_ecp_curve_info_from_tls_id)
    i.mbedtls_ecp_gen_privkey                0x08005218   Section        0  ecp.o(i.mbedtls_ecp_gen_privkey)
    i.mbedtls_ecp_get_type                   0x0800530c   Section        0  ecp.o(i.mbedtls_ecp_get_type)
    i.mbedtls_ecp_group_free                 0x08005324   Section        0  ecp.o(i.mbedtls_ecp_group_free)
    i.mbedtls_ecp_group_init                 0x08005384   Section        0  ecp.o(i.mbedtls_ecp_group_init)
    i.mbedtls_ecp_group_load                 0x080053c8   Section        0  ecp_curves.o(i.mbedtls_ecp_group_load)
    i.mbedtls_ecp_is_zero                    0x0800562c   Section        0  ecp.o(i.mbedtls_ecp_is_zero)
    i.mbedtls_ecp_keypair_free               0x08005642   Section        0  ecp.o(i.mbedtls_ecp_keypair_free)
    i.mbedtls_ecp_keypair_init               0x0800565e   Section        0  ecp.o(i.mbedtls_ecp_keypair_init)
    i.mbedtls_ecp_mul_restartable            0x08005678   Section        0  ecp.o(i.mbedtls_ecp_mul_restartable)
    i.mbedtls_ecp_mul_shortcuts              0x080056dc   Section        0  ecp.o(i.mbedtls_ecp_mul_shortcuts)
    mbedtls_ecp_mul_shortcuts                0x080056dd   Thumb Code   116  ecp.o(i.mbedtls_ecp_mul_shortcuts)
    i.mbedtls_ecp_muladd_restartable         0x08005750   Section        0  ecp.o(i.mbedtls_ecp_muladd_restartable)
    i.mbedtls_ecp_point_free                 0x080057c0   Section        0  ecp.o(i.mbedtls_ecp_point_free)
    i.mbedtls_ecp_point_init                 0x080057dc   Section        0  ecp.o(i.mbedtls_ecp_point_init)
    i.mbedtls_ecp_point_read_binary          0x080057f8   Section        0  ecp.o(i.mbedtls_ecp_point_read_binary)
    i.mbedtls_ecp_set_zero                   0x080058d4   Section        0  ecp.o(i.mbedtls_ecp_set_zero)
    i.mbedtls_ecp_tls_read_group             0x080058fc   Section        0  ecp.o(i.mbedtls_ecp_tls_read_group)
    i.mbedtls_ecp_tls_read_group_id          0x08005918   Section        0  ecp.o(i.mbedtls_ecp_tls_read_group_id)
    i.mbedtls_hmac_drbg_free                 0x08005960   Section        0  hmac_drbg.o(i.mbedtls_hmac_drbg_free)
    i.mbedtls_hmac_drbg_init                 0x08005974   Section        0  hmac_drbg.o(i.mbedtls_hmac_drbg_init)
    i.mbedtls_hmac_drbg_random               0x0800597e   Section        0  hmac_drbg.o(i.mbedtls_hmac_drbg_random)
    i.mbedtls_hmac_drbg_random_with_add      0x0800598a   Section        0  hmac_drbg.o(i.mbedtls_hmac_drbg_random_with_add)
    i.mbedtls_hmac_drbg_reseed               0x08005a60   Section        0  hmac_drbg.o(i.mbedtls_hmac_drbg_reseed)
    i.mbedtls_hmac_drbg_seed_buf             0x08005ad6   Section        0  hmac_drbg.o(i.mbedtls_hmac_drbg_seed_buf)
    i.mbedtls_hmac_drbg_update_ret           0x08005b1e   Section        0  hmac_drbg.o(i.mbedtls_hmac_drbg_update_ret)
    i.mbedtls_internal_aes_decrypt           0x08005be4   Section        0  aes.o(i.mbedtls_internal_aes_decrypt)
    i.mbedtls_internal_aes_encrypt           0x08005ff4   Section        0  aes.o(i.mbedtls_internal_aes_encrypt)
    i.mbedtls_internal_sha256_process        0x0800640c   Section        0  sha256.o(i.mbedtls_internal_sha256_process)
    i.mbedtls_md_free                        0x08006cb4   Section        0  md.o(i.mbedtls_md_free)
    i.mbedtls_md_get_size                    0x08006cea   Section        0  md.o(i.mbedtls_md_get_size)
    i.mbedtls_md_hmac_finish                 0x08006cf4   Section        0  md.o(i.mbedtls_md_hmac_finish)
    i.mbedtls_md_hmac_reset                  0x08006d60   Section        0  md.o(i.mbedtls_md_hmac_reset)
    i.mbedtls_md_hmac_starts                 0x08006d94   Section        0  md.o(i.mbedtls_md_hmac_starts)
    i.mbedtls_md_hmac_update                 0x08006e50   Section        0  md.o(i.mbedtls_md_hmac_update)
    i.mbedtls_md_info_from_type              0x08006e74   Section        0  md.o(i.mbedtls_md_info_from_type)
    i.mbedtls_md_setup                       0x08006e90   Section        0  md.o(i.mbedtls_md_setup)
    i.mbedtls_mpi_add_abs                    0x08006ed8   Section        0  bignum.o(i.mbedtls_mpi_add_abs)
    i.mbedtls_mpi_add_int                    0x08006f8c   Section        0  bignum.o(i.mbedtls_mpi_add_int)
    i.mbedtls_mpi_add_mpi                    0x08006fba   Section        0  bignum.o(i.mbedtls_mpi_add_mpi)
    i.mbedtls_mpi_bitlen                     0x08007004   Section        0  bignum.o(i.mbedtls_mpi_bitlen)
    i.mbedtls_mpi_cmp_abs                    0x08007046   Section        0  bignum.o(i.mbedtls_mpi_cmp_abs)
    i.mbedtls_mpi_cmp_int                    0x080070ae   Section        0  bignum.o(i.mbedtls_mpi_cmp_int)
    i.mbedtls_mpi_cmp_mpi                    0x080070dc   Section        0  bignum.o(i.mbedtls_mpi_cmp_mpi)
    i.mbedtls_mpi_copy                       0x0800716a   Section        0  bignum.o(i.mbedtls_mpi_copy)
    i.mbedtls_mpi_div_mpi                    0x080071ce   Section        0  bignum.o(i.mbedtls_mpi_div_mpi)
    i.mbedtls_mpi_fill_random                0x080074d8   Section        0  bignum.o(i.mbedtls_mpi_fill_random)
    i.mbedtls_mpi_free                       0x08007536   Section        0  bignum.o(i.mbedtls_mpi_free)
    i.mbedtls_mpi_gcd                        0x0800755a   Section        0  bignum.o(i.mbedtls_mpi_gcd)
    i.mbedtls_mpi_get_bit                    0x0800765a   Section        0  bignum.o(i.mbedtls_mpi_get_bit)
    i.mbedtls_mpi_grow                       0x0800767c   Section        0  bignum.o(i.mbedtls_mpi_grow)
    i.mbedtls_mpi_init                       0x080076cc   Section        0  bignum.o(i.mbedtls_mpi_init)
    i.mbedtls_mpi_inv_mod                    0x080076d8   Section        0  bignum.o(i.mbedtls_mpi_inv_mod)
    i.mbedtls_mpi_lsb                        0x08007942   Section        0  bignum.o(i.mbedtls_mpi_lsb)
    i.mbedtls_mpi_lset                       0x08007970   Section        0  bignum.o(i.mbedtls_mpi_lset)
    i.mbedtls_mpi_mod_mpi                    0x080079aa   Section        0  bignum.o(i.mbedtls_mpi_mod_mpi)
    i.mbedtls_mpi_mul_int                    0x08007a0c   Section        0  bignum.o(i.mbedtls_mpi_mul_int)
    i.mbedtls_mpi_mul_mpi                    0x08007a24   Section        0  bignum.o(i.mbedtls_mpi_mul_mpi)
    i.mbedtls_mpi_read_binary                0x08007ae6   Section        0  bignum.o(i.mbedtls_mpi_read_binary)
    i.mbedtls_mpi_read_binary_le             0x08007b4a   Section        0  bignum.o(i.mbedtls_mpi_read_binary_le)
    i.mbedtls_mpi_read_string                0x08007bac   Section        0  bignum.o(i.mbedtls_mpi_read_string)
    i.mbedtls_mpi_safe_cond_assign           0x08007cd0   Section        0  bignum.o(i.mbedtls_mpi_safe_cond_assign)
    i.mbedtls_mpi_safe_cond_swap             0x08007d36   Section        0  bignum.o(i.mbedtls_mpi_safe_cond_swap)
    i.mbedtls_mpi_set_bit                    0x08007dc0   Section        0  bignum.o(i.mbedtls_mpi_set_bit)
    i.mbedtls_mpi_shift_l                    0x08007e18   Section        0  bignum.o(i.mbedtls_mpi_shift_l)
    i.mbedtls_mpi_shift_r                    0x08007eba   Section        0  bignum.o(i.mbedtls_mpi_shift_r)
    i.mbedtls_mpi_shrink                     0x08007f40   Section        0  bignum.o(i.mbedtls_mpi_shrink)
    i.mbedtls_mpi_size                       0x08007fac   Section        0  bignum.o(i.mbedtls_mpi_size)
    i.mbedtls_mpi_sub_abs                    0x08007fb8   Section        0  bignum.o(i.mbedtls_mpi_sub_abs)
    i.mbedtls_mpi_sub_int                    0x08008028   Section        0  bignum.o(i.mbedtls_mpi_sub_int)
    i.mbedtls_mpi_sub_mpi                    0x08008056   Section        0  bignum.o(i.mbedtls_mpi_sub_mpi)
    i.mbedtls_mpi_write_binary               0x080080a2   Section        0  bignum.o(i.mbedtls_mpi_write_binary)
    i.mbedtls_mpi_zeroize                    0x0800810a   Section        0  bignum.o(i.mbedtls_mpi_zeroize)
    mbedtls_mpi_zeroize                      0x0800810b   Thumb Code    10  bignum.o(i.mbedtls_mpi_zeroize)
    i.mbedtls_platform_zeroize               0x08008114   Section        0  platform_util.o(i.mbedtls_platform_zeroize)
    i.mbedtls_sha256_clone                   0x08008124   Section        0  sha256.o(i.mbedtls_sha256_clone)
    i.mbedtls_sha256_finish_ret              0x0800812e   Section        0  sha256.o(i.mbedtls_sha256_finish_ret)
    i.mbedtls_sha256_free                    0x0800826c   Section        0  sha256.o(i.mbedtls_sha256_free)
    i.mbedtls_sha256_init                    0x0800827a   Section        0  sha256.o(i.mbedtls_sha256_init)
    i.mbedtls_sha256_ret                     0x08008284   Section        0  sha256.o(i.mbedtls_sha256_ret)
    i.mbedtls_sha256_starts_ret              0x080082c8   Section        0  sha256.o(i.mbedtls_sha256_starts_ret)
    i.mbedtls_sha256_update_ret              0x08008358   Section        0  sha256.o(i.mbedtls_sha256_update_ret)
    i.mpi_bigendian_to_host                  0x080083d2   Section        0  bignum.o(i.mpi_bigendian_to_host)
    mpi_bigendian_to_host                    0x080083d3   Thumb Code    40  bignum.o(i.mpi_bigendian_to_host)
    i.mpi_get_digit                          0x080083fa   Section        0  bignum.o(i.mpi_get_digit)
    mpi_get_digit                            0x080083fb   Thumb Code    54  bignum.o(i.mpi_get_digit)
    i.mpi_mul_hlp                            0x08008430   Section        0  bignum.o(i.mpi_mul_hlp)
    mpi_mul_hlp                              0x08008431   Thumb Code  1218  bignum.o(i.mpi_mul_hlp)
    i.mpi_sub_hlp                            0x080088f2   Section        0  bignum.o(i.mpi_sub_hlp)
    mpi_sub_hlp                              0x080088f3   Thumb Code    76  bignum.o(i.mpi_sub_hlp)
    i.mpi_uint_bigendian_to_host             0x0800893e   Section        0  bignum.o(i.mpi_uint_bigendian_to_host)
    mpi_uint_bigendian_to_host               0x0800893f   Thumb Code    32  bignum.o(i.mpi_uint_bigendian_to_host)
    i.reflect                                0x0800895e   Section        0  sissdk_crc32.o(i.reflect)
    reflect                                  0x0800895f   Thumb Code    38  sissdk_crc32.o(i.reflect)
    i.sha224_clone_wrap                      0x08008984   Section        0  md_wrap.o(i.sha224_clone_wrap)
    sha224_clone_wrap                        0x08008985   Thumb Code     8  md_wrap.o(i.sha224_clone_wrap)
    i.sha224_ctx_alloc                       0x0800898c   Section        0  md_wrap.o(i.sha224_ctx_alloc)
    sha224_ctx_alloc                         0x0800898d   Thumb Code    22  md_wrap.o(i.sha224_ctx_alloc)
    i.sha224_ctx_free                        0x080089a2   Section        0  md_wrap.o(i.sha224_ctx_free)
    sha224_ctx_free                          0x080089a3   Thumb Code    16  md_wrap.o(i.sha224_ctx_free)
    i.sha224_finish_wrap                     0x080089b2   Section        0  md_wrap.o(i.sha224_finish_wrap)
    sha224_finish_wrap                       0x080089b3   Thumb Code     8  md_wrap.o(i.sha224_finish_wrap)
    i.sha224_process_wrap                    0x080089ba   Section        0  md_wrap.o(i.sha224_process_wrap)
    sha224_process_wrap                      0x080089bb   Thumb Code     8  md_wrap.o(i.sha224_process_wrap)
    i.sha224_starts_wrap                     0x080089c2   Section        0  md_wrap.o(i.sha224_starts_wrap)
    sha224_starts_wrap                       0x080089c3   Thumb Code    10  md_wrap.o(i.sha224_starts_wrap)
    i.sha224_update_wrap                     0x080089cc   Section        0  md_wrap.o(i.sha224_update_wrap)
    sha224_update_wrap                       0x080089cd   Thumb Code     8  md_wrap.o(i.sha224_update_wrap)
    i.sha224_wrap                            0x080089d4   Section        0  md_wrap.o(i.sha224_wrap)
    sha224_wrap                              0x080089d5   Thumb Code    10  md_wrap.o(i.sha224_wrap)
    i.sha256_starts_wrap                     0x080089de   Section        0  md_wrap.o(i.sha256_starts_wrap)
    sha256_starts_wrap                       0x080089df   Thumb Code    10  md_wrap.o(i.sha256_starts_wrap)
    i.sha256_wrap                            0x080089e8   Section        0  md_wrap.o(i.sha256_wrap)
    sha256_wrap                              0x080089e9   Thumb Code    10  md_wrap.o(i.sha256_wrap)
    i.sis_benchmark                          0x080089f4   Section        0  sissdk_benchmark.o(i.sis_benchmark)
    i.sissdk_ecdsa_loadKeyPair               0x08008be8   Section        0  sissdk_ecdsa.o(i.sissdk_ecdsa_loadKeyPair)
    i.sissdk_ecdsa_sha256                    0x08008ce8   Section        0  sissdk_ecdsa.o(i.sissdk_ecdsa_sha256)
    i.sissdk_ecdsa_sign                      0x08008d7c   Section        0  sissdk_ecdsa.o(i.sissdk_ecdsa_sign)
    i.sissdk_ecdsa_verify                    0x08008e84   Section        0  sissdk_ecdsa.o(i.sissdk_ecdsa_verify)
    i.sub32                                  0x08008f78   Section        0  ecp_curves.o(i.sub32)
    sub32                                    0x08008f79   Thumb Code    30  ecp_curves.o(i.sub32)
    i.util_dump_buf                          0x08008f98   Section        0  sissdk_utils.o(i.util_dump_buf)
    .constdata                               0x08008ff8   Section       64  system_stm32g0xx.o(.constdata)
    .constdata                               0x08009038   Section       32  system_stm32g0xx.o(.constdata)
    .constdata                               0x08009058   Section       92  sissdk_benchmark.o(.constdata)
    A_SisLogType                             0x08009058   Data           5  sissdk_benchmark.o(.constdata)
    D_SlsErrcode                             0x08009060   Data          84  sissdk_benchmark.o(.constdata)
    .constdata                               0x080090b4   Section      144  ecp.o(.constdata)
    ecp_supported_curves                     0x080090b4   Data         144  ecp.o(.constdata)
    .constdata                               0x08009144   Section     2232  ecp_curves.o(.constdata)
    secp192k1_a                              0x08009144   Data           4  ecp_curves.o(.constdata)
    secp192k1_b                              0x08009148   Data           4  ecp_curves.o(.constdata)
    secp224k1_a                              0x0800914c   Data           4  ecp_curves.o(.constdata)
    secp224k1_b                              0x08009150   Data           4  ecp_curves.o(.constdata)
    secp256k1_a                              0x08009154   Data           4  ecp_curves.o(.constdata)
    secp256k1_b                              0x08009158   Data           4  ecp_curves.o(.constdata)
    secp192r1_p                              0x0800915c   Data          24  ecp_curves.o(.constdata)
    secp192r1_b                              0x08009174   Data          24  ecp_curves.o(.constdata)
    secp192r1_gx                             0x0800918c   Data          24  ecp_curves.o(.constdata)
    secp192r1_gy                             0x080091a4   Data          24  ecp_curves.o(.constdata)
    secp192r1_n                              0x080091bc   Data          24  ecp_curves.o(.constdata)
    secp224r1_p                              0x080091d4   Data          32  ecp_curves.o(.constdata)
    secp224r1_b                              0x080091f4   Data          28  ecp_curves.o(.constdata)
    secp224r1_gx                             0x08009210   Data          28  ecp_curves.o(.constdata)
    secp224r1_gy                             0x0800922c   Data          28  ecp_curves.o(.constdata)
    secp224r1_n                              0x08009248   Data          28  ecp_curves.o(.constdata)
    secp256r1_p                              0x08009264   Data          32  ecp_curves.o(.constdata)
    secp256r1_b                              0x08009284   Data          32  ecp_curves.o(.constdata)
    secp256r1_gx                             0x080092a4   Data          32  ecp_curves.o(.constdata)
    secp256r1_gy                             0x080092c4   Data          32  ecp_curves.o(.constdata)
    secp256r1_n                              0x080092e4   Data          32  ecp_curves.o(.constdata)
    secp384r1_p                              0x08009304   Data          48  ecp_curves.o(.constdata)
    secp384r1_b                              0x08009334   Data          48  ecp_curves.o(.constdata)
    secp384r1_gx                             0x08009364   Data          48  ecp_curves.o(.constdata)
    secp384r1_gy                             0x08009394   Data          48  ecp_curves.o(.constdata)
    secp384r1_n                              0x080093c4   Data          48  ecp_curves.o(.constdata)
    secp521r1_p                              0x080093f4   Data          68  ecp_curves.o(.constdata)
    secp521r1_b                              0x08009438   Data          68  ecp_curves.o(.constdata)
    secp521r1_gx                             0x0800947c   Data          68  ecp_curves.o(.constdata)
    secp521r1_gy                             0x080094c0   Data          68  ecp_curves.o(.constdata)
    secp521r1_n                              0x08009504   Data          68  ecp_curves.o(.constdata)
    secp192k1_p                              0x08009548   Data          24  ecp_curves.o(.constdata)
    secp192k1_gx                             0x08009560   Data          24  ecp_curves.o(.constdata)
    secp192k1_gy                             0x08009578   Data          24  ecp_curves.o(.constdata)
    secp192k1_n                              0x08009590   Data          24  ecp_curves.o(.constdata)
    secp224k1_p                              0x080095a8   Data          28  ecp_curves.o(.constdata)
    secp224k1_gx                             0x080095c4   Data          28  ecp_curves.o(.constdata)
    secp224k1_gy                             0x080095e0   Data          28  ecp_curves.o(.constdata)
    secp224k1_n                              0x080095fc   Data          32  ecp_curves.o(.constdata)
    secp256k1_p                              0x0800961c   Data          32  ecp_curves.o(.constdata)
    secp256k1_gx                             0x0800963c   Data          32  ecp_curves.o(.constdata)
    secp256k1_gy                             0x0800965c   Data          32  ecp_curves.o(.constdata)
    secp256k1_n                              0x0800967c   Data          32  ecp_curves.o(.constdata)
    brainpoolP256r1_p                        0x0800969c   Data          32  ecp_curves.o(.constdata)
    brainpoolP256r1_a                        0x080096bc   Data          32  ecp_curves.o(.constdata)
    brainpoolP256r1_b                        0x080096dc   Data          32  ecp_curves.o(.constdata)
    brainpoolP256r1_gx                       0x080096fc   Data          32  ecp_curves.o(.constdata)
    brainpoolP256r1_gy                       0x0800971c   Data          32  ecp_curves.o(.constdata)
    brainpoolP256r1_n                        0x0800973c   Data          32  ecp_curves.o(.constdata)
    brainpoolP384r1_p                        0x0800975c   Data          48  ecp_curves.o(.constdata)
    brainpoolP384r1_a                        0x0800978c   Data          48  ecp_curves.o(.constdata)
    brainpoolP384r1_b                        0x080097bc   Data          48  ecp_curves.o(.constdata)
    brainpoolP384r1_gx                       0x080097ec   Data          48  ecp_curves.o(.constdata)
    brainpoolP384r1_gy                       0x0800981c   Data          48  ecp_curves.o(.constdata)
    brainpoolP384r1_n                        0x0800984c   Data          48  ecp_curves.o(.constdata)
    brainpoolP512r1_p                        0x0800987c   Data          64  ecp_curves.o(.constdata)
    brainpoolP512r1_a                        0x080098bc   Data          64  ecp_curves.o(.constdata)
    brainpoolP512r1_b                        0x080098fc   Data          64  ecp_curves.o(.constdata)
    brainpoolP512r1_gx                       0x0800993c   Data          64  ecp_curves.o(.constdata)
    brainpoolP512r1_gy                       0x0800997c   Data          64  ecp_curves.o(.constdata)
    brainpoolP512r1_n                        0x080099bc   Data          64  ecp_curves.o(.constdata)
    .constdata                               0x080099fc   Section       48  md_wrap.o(.constdata)
    .constdata                               0x08009a2c   Section       48  md_wrap.o(.constdata)
    .constdata                               0x08009a5c   Section      256  sha256.o(.constdata)
    K                                        0x08009a5c   Data         256  sha256.o(.constdata)
    .conststring                             0x08009b5c   Section      529  sissdk_benchmark.o(.conststring)
    .conststring                             0x08009d70   Section      142  ecp.o(.conststring)
    .conststring                             0x08009e00   Section        7  md_wrap.o(.conststring)
    .conststring                             0x08009e08   Section        7  md_wrap.o(.conststring)
    LOCAL_FILE_AREA                          0x08009e10   Section      311  publickey_sig.o(LOCAL_FILE_AREA)
    .data                                    0x20000000   Section       12  stm32g0xx_hal.o(.data)
    .data                                    0x2000000c   Section        4  system_stm32g0xx.o(.data)
    .data                                    0x20000010   Section      324  sissdk_benchmark.o(.data)
    testdat                                  0x20000010   Data         256  sissdk_benchmark.o(.data)
    testKey                                  0x20000110   Data          16  sissdk_benchmark.o(.data)
    _testIv                                  0x20000120   Data          16  sissdk_benchmark.o(.data)
    testIv                                   0x20000130   Data          16  sissdk_benchmark.o(.data)
    p_public_key                             0x20000144   Data           4  sissdk_benchmark.o(.data)
    p_cpuid_data                             0x20000148   Data           4  sissdk_benchmark.o(.data)
    p_private_key                            0x2000014c   Data           4  sissdk_benchmark.o(.data)
    a_sign_size                              0x20000150   Data           4  sissdk_benchmark.o(.data)
    .data                                    0x20000154   Section        4  aes.o(.data)
    aes_init_done                            0x20000154   Data           4  aes.o(.data)
    .data                                    0x20000158   Section       28  ecp_curves.o(.data)
    one                                      0x20000158   Data           4  ecp_curves.o(.data)
    Rp                                       0x2000015c   Data           8  ecp_curves.o(.data)
    Rp                                       0x20000164   Data           8  ecp_curves.o(.data)
    Rp                                       0x2000016c   Data           8  ecp_curves.o(.data)
    .data                                    0x20000174   Section        4  platform_util.o(.data)
    memset_func                              0x20000174   Data           4  platform_util.o(.data)
    .data                                    0x20000178   Section        4  stdout.o(.data)
    .data                                    0x2000017c   Section        4  mvars.o(.data)
    .data                                    0x20000180   Section        4  mvars.o(.data)
    .bss                                     0x20000184   Section      140  main.o(.bss)
    .bss                                     0x20000210   Section      640  sissdk_benchmark.o(.bss)
    output_1                                 0x20000210   Data         256  sissdk_benchmark.o(.bss)
    output_2                                 0x20000310   Data         256  sissdk_benchmark.o(.bss)
    a_sign_dy                                0x20000410   Data         128  sissdk_benchmark.o(.bss)
    .bss                                     0x20000490   Section      280  sissdk_aes.o(.bss)
    aes_context                              0x20000490   Data         280  sissdk_aes.o(.bss)
    .bss                                     0x200005a8   Section       32  sissdk_ecdsa.o(.bss)
    m_hash                                   0x200005a8   Data          32  sissdk_ecdsa.o(.bss)
    .bss                                     0x200005c8   Section     8744  aes.o(.bss)
    FSb                                      0x200005c8   Data         256  aes.o(.bss)
    FT0                                      0x200006c8   Data        1024  aes.o(.bss)
    FT1                                      0x20000ac8   Data        1024  aes.o(.bss)
    FT2                                      0x20000ec8   Data        1024  aes.o(.bss)
    FT3                                      0x200012c8   Data        1024  aes.o(.bss)
    RSb                                      0x200016c8   Data         256  aes.o(.bss)
    RT0                                      0x200017c8   Data        1024  aes.o(.bss)
    RT1                                      0x20001bc8   Data        1024  aes.o(.bss)
    RT2                                      0x20001fc8   Data        1024  aes.o(.bss)
    RT3                                      0x200023c8   Data        1024  aes.o(.bss)
    RCON                                     0x200027c8   Data          40  aes.o(.bss)
    HEAP                                     0x200027f0   Section     8192  startup_stm32g070xx.o(HEAP)
    STACK                                    0x200047f0   Section     4096  startup_stm32g070xx.o(STACK)

    Global Symbols

    Symbol Name                              Value     Ov Type        Size  Object(Section)

    BuildAttributes$$THM_ISAv3M$S$PE$A:L22$X:L11$S22$IEEE1$IW$USESV6$~STKCKD$USESV7$~SHL$OSPACE$ROPI$EBA8$MICROLIB$REQ8$PRES8$EABIv2 0x00000000   Number         0  anon$$obj.o ABSOLUTE
    __ARM_use_no_argv                        0x00000000   Number         0  main.o ABSOLUTE
    _printf_a                                0x00000000   Number         0  stubs.o ABSOLUTE
    _printf_c                                0x00000000   Number         0  stubs.o ABSOLUTE
    _printf_charcount                        0x00000000   Number         0  stubs.o ABSOLUTE
    _printf_d                                0x00000000   Number         0  stubs.o ABSOLUTE
    _printf_e                                0x00000000   Number         0  stubs.o ABSOLUTE
    _printf_f                                0x00000000   Number         0  stubs.o ABSOLUTE
    _printf_flags                            0x00000000   Number         0  stubs.o ABSOLUTE
    _printf_fp_dec                           0x00000000   Number         0  stubs.o ABSOLUTE
    _printf_fp_hex                           0x00000000   Number         0  stubs.o ABSOLUTE
    _printf_g                                0x00000000   Number         0  stubs.o ABSOLUTE
    _printf_i                                0x00000000   Number         0  stubs.o ABSOLUTE
    _printf_int_dec                          0x00000000   Number         0  stubs.o ABSOLUTE
    _printf_l                                0x00000000   Number         0  stubs.o ABSOLUTE
    _printf_lc                               0x00000000   Number         0  stubs.o ABSOLUTE
    _printf_ll                               0x00000000   Number         0  stubs.o ABSOLUTE
    _printf_lld                              0x00000000   Number         0  stubs.o ABSOLUTE
    _printf_lli                              0x00000000   Number         0  stubs.o ABSOLUTE
    _printf_llo                              0x00000000   Number         0  stubs.o ABSOLUTE
    _printf_llu                              0x00000000   Number         0  stubs.o ABSOLUTE
    _printf_llx                              0x00000000   Number         0  stubs.o ABSOLUTE
    _printf_longlong_dec                     0x00000000   Number         0  stubs.o ABSOLUTE
    _printf_longlong_hex                     0x00000000   Number         0  stubs.o ABSOLUTE
    _printf_longlong_oct                     0x00000000   Number         0  stubs.o ABSOLUTE
    _printf_ls                               0x00000000   Number         0  stubs.o ABSOLUTE
    _printf_mbtowc                           0x00000000   Number         0  stubs.o ABSOLUTE
    _printf_n                                0x00000000   Number         0  stubs.o ABSOLUTE
    _printf_o                                0x00000000   Number         0  stubs.o ABSOLUTE
    _printf_p                                0x00000000   Number         0  stubs.o ABSOLUTE
    _printf_percent                          0x00000000   Number         0  stubs.o ABSOLUTE
    _printf_pre_padding                      0x00000000   Number         0  stubs.o ABSOLUTE
    _printf_return_value                     0x00000000   Number         0  stubs.o ABSOLUTE
    _printf_s                                0x00000000   Number         0  stubs.o ABSOLUTE
    _printf_sizespec                         0x00000000   Number         0  stubs.o ABSOLUTE
    _printf_str                              0x00000000   Number         0  stubs.o ABSOLUTE
    _printf_truncate_signed                  0x00000000   Number         0  stubs.o ABSOLUTE
    _printf_truncate_unsigned                0x00000000   Number         0  stubs.o ABSOLUTE
    _printf_u                                0x00000000   Number         0  stubs.o ABSOLUTE
    _printf_wc                               0x00000000   Number         0  stubs.o ABSOLUTE
    _printf_wctomb                           0x00000000   Number         0  stubs.o ABSOLUTE
    _printf_widthprec                        0x00000000   Number         0  stubs.o ABSOLUTE
    _printf_x                                0x00000000   Number         0  stubs.o ABSOLUTE
    __cpp_initialize__aeabi_                  - Undefined Weak Reference
    __cxa_finalize                            - Undefined Weak Reference
    _clock_init                               - Undefined Weak Reference
    _microlib_exit                            - Undefined Weak Reference
    __Vectors_Size                           0x000000b8   Number         0  startup_stm32g070xx.o ABSOLUTE
    __Vectors                                0x08000000   Data           4  startup_stm32g070xx.o(RESET)
    __Vectors_End                            0x080000b8   Data           0  startup_stm32g070xx.o(RESET)
    __main                                   0x080000b9   Thumb Code     0  entry.o(.ARM.Collect$$$$00000000)
    _main_stk                                0x080000b9   Thumb Code     0  entry2.o(.ARM.Collect$$$$00000001)
    _main_scatterload                        0x080000bd   Thumb Code     0  entry5.o(.ARM.Collect$$$$00000004)
    __main_after_scatterload                 0x080000c1   Thumb Code     0  entry5.o(.ARM.Collect$$$$00000004)
    _main_clock                              0x080000c1   Thumb Code     0  entry7b.o(.ARM.Collect$$$$00000008)
    _main_cpp_init                           0x080000c1   Thumb Code     0  entry8b.o(.ARM.Collect$$$$0000000A)
    _main_init                               0x080000c1   Thumb Code     0  entry9a.o(.ARM.Collect$$$$0000000B)
    __rt_final_cpp                           0x080000c9   Thumb Code     0  entry10a.o(.ARM.Collect$$$$0000000D)
    __rt_final_exit                          0x080000c9   Thumb Code     0  entry11a.o(.ARM.Collect$$$$0000000F)
    Reset_Handler                            0x080000cd   Thumb Code     8  startup_stm32g070xx.o(.text)
    ADC1_IRQHandler                          0x080000df   Thumb Code     0  startup_stm32g070xx.o(.text)
    DMA1_Ch4_7_DMAMUX1_OVR_IRQHandler        0x080000df   Thumb Code     0  startup_stm32g070xx.o(.text)
    DMA1_Channel1_IRQHandler                 0x080000df   Thumb Code     0  startup_stm32g070xx.o(.text)
    DMA1_Channel2_3_IRQHandler               0x080000df   Thumb Code     0  startup_stm32g070xx.o(.text)
    EXTI0_1_IRQHandler                       0x080000df   Thumb Code     0  startup_stm32g070xx.o(.text)
    EXTI2_3_IRQHandler                       0x080000df   Thumb Code     0  startup_stm32g070xx.o(.text)
    EXTI4_15_IRQHandler                      0x080000df   Thumb Code     0  startup_stm32g070xx.o(.text)
    FLASH_IRQHandler                         0x080000df   Thumb Code     0  startup_stm32g070xx.o(.text)
    I2C1_IRQHandler                          0x080000df   Thumb Code     0  startup_stm32g070xx.o(.text)
    I2C2_IRQHandler                          0x080000df   Thumb Code     0  startup_stm32g070xx.o(.text)
    RCC_IRQHandler                           0x080000df   Thumb Code     0  startup_stm32g070xx.o(.text)
    RTC_TAMP_IRQHandler                      0x080000df   Thumb Code     0  startup_stm32g070xx.o(.text)
    SPI1_IRQHandler                          0x080000df   Thumb Code     0  startup_stm32g070xx.o(.text)
    SPI2_IRQHandler                          0x080000df   Thumb Code     0  startup_stm32g070xx.o(.text)
    TIM14_IRQHandler                         0x080000df   Thumb Code     0  startup_stm32g070xx.o(.text)
    TIM15_IRQHandler                         0x080000df   Thumb Code     0  startup_stm32g070xx.o(.text)
    TIM16_IRQHandler                         0x080000df   Thumb Code     0  startup_stm32g070xx.o(.text)
    TIM17_IRQHandler                         0x080000df   Thumb Code     0  startup_stm32g070xx.o(.text)
    TIM1_BRK_UP_TRG_COM_IRQHandler           0x080000df   Thumb Code     0  startup_stm32g070xx.o(.text)
    TIM1_CC_IRQHandler                       0x080000df   Thumb Code     0  startup_stm32g070xx.o(.text)
    TIM3_IRQHandler                          0x080000df   Thumb Code     0  startup_stm32g070xx.o(.text)
    TIM6_IRQHandler                          0x080000df   Thumb Code     0  startup_stm32g070xx.o(.text)
    TIM7_IRQHandler                          0x080000df   Thumb Code     0  startup_stm32g070xx.o(.text)
    USART1_IRQHandler                        0x080000df   Thumb Code     0  startup_stm32g070xx.o(.text)
    USART2_IRQHandler                        0x080000df   Thumb Code     0  startup_stm32g070xx.o(.text)
    USART3_4_IRQHandler                      0x080000df   Thumb Code     0  startup_stm32g070xx.o(.text)
    WWDG_IRQHandler                          0x080000df   Thumb Code     0  startup_stm32g070xx.o(.text)
    __aeabi_uidiv                            0x080000e9   Thumb Code     0  uidiv.o(.text)
    __aeabi_uidivmod                         0x080000e9   Thumb Code    44  uidiv.o(.text)
    __aeabi_idiv                             0x08000115   Thumb Code     0  idiv.o(.text)
    __aeabi_idivmod                          0x08000115   Thumb Code    40  idiv.o(.text)
    __aeabi_uldivmod                         0x0800013d   Thumb Code    96  uldiv.o(.text)
    ___aeabi_memcpy8$move                    0x0800019d   Thumb Code     0  memmovea.o(.text)
    __aeabi_memcpy                           0x0800019d   Thumb Code    64  memmovea.o(.text)
    __aeabi_memcpy4                          0x0800019d   Thumb Code     0  memmovea.o(.text)
    __aeabi_memmove                          0x0800019d   Thumb Code     0  memmovea.o(.text)
    __aeabi_memmove4                         0x0800019d   Thumb Code     0  memmovea.o(.text)
    __aeabi_memmove8                         0x0800019d   Thumb Code     0  memmovea.o(.text)
    __aeabi_memset                           0x080001dd   Thumb Code    14  memseta.o(.text)
    __aeabi_memset4                          0x080001dd   Thumb Code     0  memseta.o(.text)
    __aeabi_memset8                          0x080001dd   Thumb Code     0  memseta.o(.text)
    __aeabi_memclr                           0x080001eb   Thumb Code     4  memseta.o(.text)
    __aeabi_memclr4                          0x080001eb   Thumb Code     0  memseta.o(.text)
    __aeabi_memclr8                          0x080001eb   Thumb Code     0  memseta.o(.text)
    memset                                   0x080001ef   Thumb Code    18  memseta.o(.text)
    strlen                                   0x08000201   Thumb Code    14  strlen.o(.text)
    memcmp                                   0x0800020f   Thumb Code    26  memcmp.o(.text)
    calloc                                   0x08000229   Thumb Code    28  calloc.o(.text)
    __aeabi_uread4                           0x08000245   Thumb Code    20  uread4.o(.text)
    __rt_uread4                              0x08000245   Thumb Code     0  uread4.o(.text)
    _uread4                                  0x08000245   Thumb Code     0  uread4.o(.text)
    __aeabi_llsl                             0x08000259   Thumb Code    32  llshl.o(.text)
    _ll_shift_l                              0x08000259   Thumb Code     0  llshl.o(.text)
    __aeabi_llsr                             0x08000279   Thumb Code    34  llushr.o(.text)
    _ll_ushift_r                             0x08000279   Thumb Code     0  llushr.o(.text)
    __scatterload                            0x0800029d   Thumb Code    28  init.o(.text)
    __scatterload_rt2                        0x0800029d   Thumb Code     0  init.o(.text)
    __decompress                             0x080002c1   Thumb Code     0  __dczerorl2.o(.text)
    __decompress1                            0x080002c1   Thumb Code    86  __dczerorl2.o(.text)
    HAL_GPIO_Init                            0x08000319   Thumb Code   292  stm32g0xx_hal_gpio.o(i.HAL_GPIO_Init)
    HAL_GetTick                              0x0800044d   Thumb Code     6  stm32g0xx_hal.o(i.HAL_GetTick)
    HAL_IncTick                              0x08000459   Thumb Code    12  stm32g0xx_hal.o(i.HAL_IncTick)
    HAL_Init                                 0x08000469   Thumb Code    36  stm32g0xx_hal.o(i.HAL_Init)
    HAL_InitTick                             0x08000491   Thumb Code    64  stm32g0xx_hal.o(i.HAL_InitTick)
    HAL_MspInit                              0x080004d9   Thumb Code    38  stm32g0xx_hal_msp.o(i.HAL_MspInit)
    HAL_NVIC_SetPriority                     0x08000505   Thumb Code     8  stm32g0xx_hal_cortex.o(i.HAL_NVIC_SetPriority)
    HAL_PWREx_ControlVoltageScaling          0x0800050d   Thumb Code    62  stm32g0xx_hal_pwr_ex.o(i.HAL_PWREx_ControlVoltageScaling)
    HAL_RCCEx_PeriphCLKConfig                0x08000559   Thumb Code   338  stm32g0xx_hal_rcc_ex.o(i.HAL_RCCEx_PeriphCLKConfig)
    HAL_RCC_ClockConfig                      0x080006b9   Thumb Code   318  stm32g0xx_hal_rcc.o(i.HAL_RCC_ClockConfig)
    HAL_RCC_GetPCLK1Freq                     0x08000811   Thumb Code    26  stm32g0xx_hal_rcc.o(i.HAL_RCC_GetPCLK1Freq)
    HAL_RCC_GetSysClockFreq                  0x08000839   Thumb Code   130  stm32g0xx_hal_rcc.o(i.HAL_RCC_GetSysClockFreq)
    HAL_RCC_OscConfig                        0x080008c5   Thumb Code   954  stm32g0xx_hal_rcc.o(i.HAL_RCC_OscConfig)
    HAL_SYSTICK_Config                       0x08000ca5   Thumb Code    38  stm32g0xx_hal_cortex.o(i.HAL_SYSTICK_Config)
    HAL_UARTEx_DisableFifoMode               0x08000cd5   Thumb Code    66  stm32g0xx_hal_uart_ex.o(i.HAL_UARTEx_DisableFifoMode)
    HAL_UARTEx_SetRxFifoThreshold            0x08000d17   Thumb Code    78  stm32g0xx_hal_uart_ex.o(i.HAL_UARTEx_SetRxFifoThreshold)
    HAL_UARTEx_SetTxFifoThreshold            0x08000d65   Thumb Code    76  stm32g0xx_hal_uart_ex.o(i.HAL_UARTEx_SetTxFifoThreshold)
    HAL_UART_Init                            0x08000db1   Thumb Code   112  stm32g0xx_hal_uart.o(i.HAL_UART_Init)
    HAL_UART_MspInit                         0x08000e21   Thumb Code    84  stm32g0xx_hal_msp.o(i.HAL_UART_MspInit)
    HAL_UART_Transmit                        0x08000e7d   Thumb Code   224  stm32g0xx_hal_uart.o(i.HAL_UART_Transmit)
    HardFault_Handler                        0x08000f5d   Thumb Code     2  stm32g0xx_it.o(i.HardFault_Handler)
    NMI_Handler                              0x08000fa9   Thumb Code     2  stm32g0xx_it.o(i.NMI_Handler)
    PendSV_Handler                           0x08000fab   Thumb Code     2  stm32g0xx_it.o(i.PendSV_Handler)
    SVC_Handler                              0x08000fad   Thumb Code     2  stm32g0xx_it.o(i.SVC_Handler)
    SysTick_Handler                          0x08000faf   Thumb Code     8  stm32g0xx_it.o(i.SysTick_Handler)
    SystemClock_Config                       0x08000fb7   Thumb Code   108  main.o(i.SystemClock_Config)
    SystemInit                               0x08001025   Thumb Code    10  system_stm32g0xx.o(i.SystemInit)
    UART_AdvFeatureConfig                    0x08001095   Thumb Code   202  stm32g0xx_hal_uart.o(i.UART_AdvFeatureConfig)
    UART_CheckIdleState                      0x08001161   Thumb Code    94  stm32g0xx_hal_uart.o(i.UART_CheckIdleState)
    UART_SetConfig                           0x080011c5   Thumb Code   744  stm32g0xx_hal_uart.o(i.UART_SetConfig)
    UART_WaitOnFlagUntilTimeout              0x080014d1   Thumb Code   102  stm32g0xx_hal_uart.o(i.UART_WaitOnFlagUntilTimeout)
    __0printf$8                              0x08001539   Thumb Code    24  printf8.o(i.__0printf$8)
    __1printf$8                              0x08001539   Thumb Code     0  printf8.o(i.__0printf$8)
    __2printf                                0x08001539   Thumb Code     0  printf8.o(i.__0printf$8)
    __ARM_common_ll_muluu                    0x08001559   Thumb Code    48  bignum.o(i.__ARM_common_ll_muluu)
    __ARM_common_switch8                     0x08001589   Thumb Code    26  stm32g0xx_hal_dma.o(i.__ARM_common_switch8)
    __scatterload_copy                       0x080015e9   Thumb Code    14  handlers.o(i.__scatterload_copy)
    __scatterload_null                       0x080015f7   Thumb Code     2  handlers.o(i.__scatterload_null)
    __scatterload_zeroinit                   0x080015f9   Thumb Code    14  handlers.o(i.__scatterload_zeroinit)
    crc32                                    0x08001ca9   Thumb Code    68  sissdk_crc32.o(i.crc32)
    decrypt_buffer_cbc                       0x08001cf1   Thumb Code    58  sissdk_aes.o(i.decrypt_buffer_cbc)
    encrypt_buffer_cbc                       0x080048a1   Thumb Code    58  sissdk_aes.o(i.encrypt_buffer_cbc)
    fputc                                    0x08004909   Thumb Code    24  sissdk_utils.o(i.fputc)
    free                                     0x08004925   Thumb Code    80  malloc.o(i.free)
    main                                     0x08004979   Thumb Code    64  main.o(i.main)
    malloc                                   0x080049bd   Thumb Code    92  malloc.o(i.malloc)
    mbedtls_aes_crypt_cbc                    0x08004a29   Thumb Code   144  aes.o(i.mbedtls_aes_crypt_cbc)
    mbedtls_aes_crypt_ecb                    0x08004ab9   Thumb Code    24  aes.o(i.mbedtls_aes_crypt_ecb)
    mbedtls_aes_free                         0x08004ad1   Thumb Code    16  aes.o(i.mbedtls_aes_free)
    mbedtls_aes_init                         0x08004ae1   Thumb Code    12  aes.o(i.mbedtls_aes_init)
    mbedtls_aes_setkey_dec                   0x08004aed   Thumb Code   184  aes.o(i.mbedtls_aes_setkey_dec)
    mbedtls_aes_setkey_enc                   0x08004bb9   Thumb Code   422  aes.o(i.mbedtls_aes_setkey_enc)
    mbedtls_asn1_get_len                     0x08004d6d   Thumb Code   172  asn1parse.o(i.mbedtls_asn1_get_len)
    mbedtls_asn1_get_mpi                     0x08004e19   Thumb Code    38  asn1parse.o(i.mbedtls_asn1_get_mpi)
    mbedtls_asn1_get_tag                     0x08004e3f   Thumb Code    38  asn1parse.o(i.mbedtls_asn1_get_tag)
    mbedtls_asn1_write_len                   0x08004e65   Thumb Code   202  asn1write.o(i.mbedtls_asn1_write_len)
    mbedtls_asn1_write_mpi                   0x08004f39   Thumb Code   116  asn1write.o(i.mbedtls_asn1_write_mpi)
    mbedtls_asn1_write_tag                   0x08004fad   Thumb Code    24  asn1write.o(i.mbedtls_asn1_write_tag)
    mbedtls_ecdsa_free                       0x08004fc5   Thumb Code    12  ecdsa.o(i.mbedtls_ecdsa_free)
    mbedtls_ecdsa_init                       0x08004fd1   Thumb Code     8  ecdsa.o(i.mbedtls_ecdsa_init)
    mbedtls_ecdsa_read_signature             0x08004fd9   Thumb Code    16  ecdsa.o(i.mbedtls_ecdsa_read_signature)
    mbedtls_ecdsa_read_signature_restartable 0x08004fe9   Thumb Code   146  ecdsa.o(i.mbedtls_ecdsa_read_signature_restartable)
    mbedtls_ecdsa_write_signature            0x08005085   Thumb Code    30  ecdsa.o(i.mbedtls_ecdsa_write_signature)
    mbedtls_ecdsa_write_signature_restartable 0x080050a3   Thumb Code    84  ecdsa.o(i.mbedtls_ecdsa_write_signature_restartable)
    mbedtls_ecp_check_privkey                0x080050f9   Thumb Code   120  ecp.o(i.mbedtls_ecp_check_privkey)
    mbedtls_ecp_check_pubkey                 0x08005179   Thumb Code    80  ecp.o(i.mbedtls_ecp_check_pubkey)
    mbedtls_ecp_copy                         0x080051d1   Thumb Code    44  ecp.o(i.mbedtls_ecp_copy)
    mbedtls_ecp_curve_info_from_tls_id       0x080051fd   Thumb Code    24  ecp.o(i.mbedtls_ecp_curve_info_from_tls_id)
    mbedtls_ecp_gen_privkey                  0x08005219   Thumb Code   236  ecp.o(i.mbedtls_ecp_gen_privkey)
    mbedtls_ecp_get_type                     0x0800530d   Thumb Code    24  ecp.o(i.mbedtls_ecp_get_type)
    mbedtls_ecp_group_free                   0x08005325   Thumb Code    96  ecp.o(i.mbedtls_ecp_group_free)
    mbedtls_ecp_group_init                   0x08005385   Thumb Code    66  ecp.o(i.mbedtls_ecp_group_init)
    mbedtls_ecp_group_load                   0x080053c9   Thumb Code   544  ecp_curves.o(i.mbedtls_ecp_group_load)
    mbedtls_ecp_is_zero                      0x0800562d   Thumb Code    22  ecp.o(i.mbedtls_ecp_is_zero)
    mbedtls_ecp_keypair_free                 0x08005643   Thumb Code    28  ecp.o(i.mbedtls_ecp_keypair_free)
    mbedtls_ecp_keypair_init                 0x0800565f   Thumb Code    26  ecp.o(i.mbedtls_ecp_keypair_init)
    mbedtls_ecp_mul_restartable              0x08005679   Thumb Code    96  ecp.o(i.mbedtls_ecp_mul_restartable)
    mbedtls_ecp_muladd_restartable           0x08005751   Thumb Code   106  ecp.o(i.mbedtls_ecp_muladd_restartable)
    mbedtls_ecp_point_free                   0x080057c1   Thumb Code    28  ecp.o(i.mbedtls_ecp_point_free)
    mbedtls_ecp_point_init                   0x080057dd   Thumb Code    26  ecp.o(i.mbedtls_ecp_point_init)
    mbedtls_ecp_point_read_binary            0x080057f9   Thumb Code   212  ecp.o(i.mbedtls_ecp_point_read_binary)
    mbedtls_ecp_set_zero                     0x080058d5   Thumb Code    40  ecp.o(i.mbedtls_ecp_set_zero)
    mbedtls_ecp_tls_read_group               0x080058fd   Thumb Code    26  ecp.o(i.mbedtls_ecp_tls_read_group)
    mbedtls_ecp_tls_read_group_id            0x08005919   Thumb Code    62  ecp.o(i.mbedtls_ecp_tls_read_group_id)
    mbedtls_hmac_drbg_free                   0x08005961   Thumb Code    20  hmac_drbg.o(i.mbedtls_hmac_drbg_free)
    mbedtls_hmac_drbg_init                   0x08005975   Thumb Code    10  hmac_drbg.o(i.mbedtls_hmac_drbg_init)
    mbedtls_hmac_drbg_random                 0x0800597f   Thumb Code    12  hmac_drbg.o(i.mbedtls_hmac_drbg_random)
    mbedtls_hmac_drbg_random_with_add        0x0800598b   Thumb Code   214  hmac_drbg.o(i.mbedtls_hmac_drbg_random_with_add)
    mbedtls_hmac_drbg_reseed                 0x08005a61   Thumb Code   118  hmac_drbg.o(i.mbedtls_hmac_drbg_reseed)
    mbedtls_hmac_drbg_seed_buf               0x08005ad7   Thumb Code    72  hmac_drbg.o(i.mbedtls_hmac_drbg_seed_buf)
    mbedtls_hmac_drbg_update_ret             0x08005b1f   Thumb Code   198  hmac_drbg.o(i.mbedtls_hmac_drbg_update_ret)
    mbedtls_internal_aes_decrypt             0x08005be5   Thumb Code  1018  aes.o(i.mbedtls_internal_aes_decrypt)
    mbedtls_internal_aes_encrypt             0x08005ff5   Thumb Code  1028  aes.o(i.mbedtls_internal_aes_encrypt)
    mbedtls_internal_sha256_process          0x0800640d   Thumb Code  2216  sha256.o(i.mbedtls_internal_sha256_process)
    mbedtls_md_free                          0x08006cb5   Thumb Code    54  md.o(i.mbedtls_md_free)
    mbedtls_md_get_size                      0x08006ceb   Thumb Code     8  md.o(i.mbedtls_md_get_size)
    mbedtls_md_hmac_finish                   0x08006cf5   Thumb Code   102  md.o(i.mbedtls_md_hmac_finish)
    mbedtls_md_hmac_reset                    0x08006d61   Thumb Code    48  md.o(i.mbedtls_md_hmac_reset)
    mbedtls_md_hmac_starts                   0x08006d95   Thumb Code   182  md.o(i.mbedtls_md_hmac_starts)
    mbedtls_md_hmac_update                   0x08006e51   Thumb Code    32  md.o(i.mbedtls_md_hmac_update)
    mbedtls_md_info_from_type                0x08006e75   Thumb Code    20  md.o(i.mbedtls_md_info_from_type)
    mbedtls_md_setup                         0x08006e91   Thumb Code    68  md.o(i.mbedtls_md_setup)
    mbedtls_mpi_add_abs                      0x08006ed9   Thumb Code   180  bignum.o(i.mbedtls_mpi_add_abs)
    mbedtls_mpi_add_int                      0x08006f8d   Thumb Code    46  bignum.o(i.mbedtls_mpi_add_int)
    mbedtls_mpi_add_mpi                      0x08006fbb   Thumb Code    74  bignum.o(i.mbedtls_mpi_add_mpi)
    mbedtls_mpi_bitlen                       0x08007005   Thumb Code    66  bignum.o(i.mbedtls_mpi_bitlen)
    mbedtls_mpi_cmp_abs                      0x08007047   Thumb Code   104  bignum.o(i.mbedtls_mpi_cmp_abs)
    mbedtls_mpi_cmp_int                      0x080070af   Thumb Code    46  bignum.o(i.mbedtls_mpi_cmp_int)
    mbedtls_mpi_cmp_mpi                      0x080070dd   Thumb Code   142  bignum.o(i.mbedtls_mpi_cmp_mpi)
    mbedtls_mpi_copy                         0x0800716b   Thumb Code   100  bignum.o(i.mbedtls_mpi_copy)
    mbedtls_mpi_div_mpi                      0x080071cf   Thumb Code   778  bignum.o(i.mbedtls_mpi_div_mpi)
    mbedtls_mpi_fill_random                  0x080074d9   Thumb Code    94  bignum.o(i.mbedtls_mpi_fill_random)
    mbedtls_mpi_free                         0x08007537   Thumb Code    36  bignum.o(i.mbedtls_mpi_free)
    mbedtls_mpi_gcd                          0x0800755b   Thumb Code   256  bignum.o(i.mbedtls_mpi_gcd)
    mbedtls_mpi_get_bit                      0x0800765b   Thumb Code    32  bignum.o(i.mbedtls_mpi_get_bit)
    mbedtls_mpi_grow                         0x0800767d   Thumb Code    76  bignum.o(i.mbedtls_mpi_grow)
    mbedtls_mpi_init                         0x080076cd   Thumb Code    12  bignum.o(i.mbedtls_mpi_init)
    mbedtls_mpi_inv_mod                      0x080076d9   Thumb Code   618  bignum.o(i.mbedtls_mpi_inv_mod)
    mbedtls_mpi_lsb                          0x08007943   Thumb Code    46  bignum.o(i.mbedtls_mpi_lsb)
    mbedtls_mpi_lset                         0x08007971   Thumb Code    58  bignum.o(i.mbedtls_mpi_lset)
    mbedtls_mpi_mod_mpi                      0x080079ab   Thumb Code    98  bignum.o(i.mbedtls_mpi_mod_mpi)
    mbedtls_mpi_mul_int                      0x08007a0d   Thumb Code    24  bignum.o(i.mbedtls_mpi_mul_int)
    mbedtls_mpi_mul_mpi                      0x08007a25   Thumb Code   194  bignum.o(i.mbedtls_mpi_mul_mpi)
    mbedtls_mpi_read_binary                  0x08007ae7   Thumb Code   100  bignum.o(i.mbedtls_mpi_read_binary)
    mbedtls_mpi_read_binary_le               0x08007b4b   Thumb Code    96  bignum.o(i.mbedtls_mpi_read_binary_le)
    mbedtls_mpi_read_string                  0x08007bad   Thumb Code   288  bignum.o(i.mbedtls_mpi_read_string)
    mbedtls_mpi_safe_cond_assign             0x08007cd1   Thumb Code   102  bignum.o(i.mbedtls_mpi_safe_cond_assign)
    mbedtls_mpi_safe_cond_swap               0x08007d37   Thumb Code   138  bignum.o(i.mbedtls_mpi_safe_cond_swap)
    mbedtls_mpi_set_bit                      0x08007dc1   Thumb Code    88  bignum.o(i.mbedtls_mpi_set_bit)
    mbedtls_mpi_shift_l                      0x08007e19   Thumb Code   162  bignum.o(i.mbedtls_mpi_shift_l)
    mbedtls_mpi_shift_r                      0x08007ebb   Thumb Code   134  bignum.o(i.mbedtls_mpi_shift_r)
    mbedtls_mpi_shrink                       0x08007f41   Thumb Code   104  bignum.o(i.mbedtls_mpi_shrink)
    mbedtls_mpi_size                         0x08007fad   Thumb Code    12  bignum.o(i.mbedtls_mpi_size)
    mbedtls_mpi_sub_abs                      0x08007fb9   Thumb Code   112  bignum.o(i.mbedtls_mpi_sub_abs)
    mbedtls_mpi_sub_int                      0x08008029   Thumb Code    46  bignum.o(i.mbedtls_mpi_sub_int)
    mbedtls_mpi_sub_mpi                      0x08008057   Thumb Code    76  bignum.o(i.mbedtls_mpi_sub_mpi)
    mbedtls_mpi_write_binary                 0x080080a3   Thumb Code   104  bignum.o(i.mbedtls_mpi_write_binary)
    mbedtls_platform_zeroize                 0x08008115   Thumb Code    10  platform_util.o(i.mbedtls_platform_zeroize)
    mbedtls_sha256_clone                     0x08008125   Thumb Code    10  sha256.o(i.mbedtls_sha256_clone)
    mbedtls_sha256_finish_ret                0x0800812f   Thumb Code   318  sha256.o(i.mbedtls_sha256_finish_ret)
    mbedtls_sha256_free                      0x0800826d   Thumb Code    14  sha256.o(i.mbedtls_sha256_free)
    mbedtls_sha256_init                      0x0800827b   Thumb Code    10  sha256.o(i.mbedtls_sha256_init)
    mbedtls_sha256_ret                       0x08008285   Thumb Code    66  sha256.o(i.mbedtls_sha256_ret)
    mbedtls_sha256_starts_ret                0x080082c9   Thumb Code    80  sha256.o(i.mbedtls_sha256_starts_ret)
    mbedtls_sha256_update_ret                0x08008359   Thumb Code   122  sha256.o(i.mbedtls_sha256_update_ret)
    sis_benchmark                            0x080089f5   Thumb Code   264  sissdk_benchmark.o(i.sis_benchmark)
    sissdk_ecdsa_loadKeyPair                 0x08008be9   Thumb Code   106  sissdk_ecdsa.o(i.sissdk_ecdsa_loadKeyPair)
    sissdk_ecdsa_sha256                      0x08008ce9   Thumb Code    54  sissdk_ecdsa.o(i.sissdk_ecdsa_sha256)
    sissdk_ecdsa_sign                        0x08008d7d   Thumb Code   124  sissdk_ecdsa.o(i.sissdk_ecdsa_sign)
    sissdk_ecdsa_verify                      0x08008e85   Thumb Code   106  sissdk_ecdsa.o(i.sissdk_ecdsa_verify)
    util_dump_buf                            0x08008f99   Thumb Code    56  sissdk_utils.o(i.util_dump_buf)
    AHBPrescTable                            0x08008ff8   Data          64  system_stm32g0xx.o(.constdata)
    APBPrescTable                            0x08009038   Data          32  system_stm32g0xx.o(.constdata)
    mbedtls_sha224_info                      0x080099fc   Data          48  md_wrap.o(.constdata)
    mbedtls_sha256_info                      0x08009a2c   Data          48  md_wrap.o(.constdata)
    PUBLICKEY_CART                           0x08009e10   Data           0  publickey_sig.o(LOCAL_FILE_AREA)
    PRIVATE_CART                             0x08009e5f   Data           0  publickey_sig.o(LOCAL_FILE_AREA)
    SIGN_CART                                0x08009eae   Data           0  publickey_sig.o(LOCAL_FILE_AREA)
    CPU_ID                                   0x08009ee5   Data           0  publickey_sig.o(LOCAL_FILE_AREA)
    Region$$Table$$Base                      0x08009f48   Number         0  anon$$obj.o(Region$$Table)
    Region$$Table$$Limit                     0x08009f68   Number         0  anon$$obj.o(Region$$Table)
    uwTickPrio                               0x20000000   Data           4  stm32g0xx_hal.o(.data)
    uwTickFreq                               0x20000004   Data           4  stm32g0xx_hal.o(.data)
    uwTick                                   0x20000008   Data           4  stm32g0xx_hal.o(.data)
    SystemCoreClock                          0x2000000c   Data           4  system_stm32g0xx.o(.data)
    m_crc32                                  0x20000140   Data           4  sissdk_benchmark.o(.data)
    __stdout                                 0x20000178   Data           4  stdout.o(.data)
    __microlib_freelist                      0x2000017c   Data           4  mvars.o(.data)
    __microlib_freelist_initialised          0x20000180   Data           4  mvars.o(.data)
    huart2                                   0x20000184   Data         140  main.o(.bss)
    __heap_base                              0x200027f0   Data           0  startup_stm32g070xx.o(HEAP)
    __heap_limit                             0x200047f0   Data           0  startup_stm32g070xx.o(HEAP)
    __initial_sp                             0x200057f0   Data           0  startup_stm32g070xx.o(STACK)



==============================================================================

Memory Map of the image

  Image Entry point : 0x080000b9

  Load Region LR_IROM1 (Base: 0x08000000, Size: 0x0000a0ec, Max: 0x00020000, ABSOLUTE, COMPRESSED[0x0000a098])

    Execution Region ER_IROM1 (Exec base: 0x08000000, Load base: 0x08000000, Size: 0x00009f68, Max: 0x00020000, ABSOLUTE)

    Exec Addr    Load Addr    Size         Type   Attr      Idx    E Section Name        Object

    0x08000000   0x08000000   0x000000b8   Data   RO            3    RESET               startup_stm32g070xx.o
    0x080000b8   0x080000b8   0x00000000   Code   RO         4310  * .ARM.Collect$$$$00000000  mc_p.l(entry.o)
    0x080000b8   0x080000b8   0x00000004   Code   RO         4633    .ARM.Collect$$$$00000001  mc_p.l(entry2.o)
    0x080000bc   0x080000bc   0x00000004   Code   RO         4636    .ARM.Collect$$$$00000004  mc_p.l(entry5.o)
    0x080000c0   0x080000c0   0x00000000   Code   RO         4638    .ARM.Collect$$$$00000008  mc_p.l(entry7b.o)
    0x080000c0   0x080000c0   0x00000000   Code   RO         4640    .ARM.Collect$$$$0000000A  mc_p.l(entry8b.o)
    0x080000c0   0x080000c0   0x00000008   Code   RO         4641    .ARM.Collect$$$$0000000B  mc_p.l(entry9a.o)
    0x080000c8   0x080000c8   0x00000000   Code   RO         4643    .ARM.Collect$$$$0000000D  mc_p.l(entry10a.o)
    0x080000c8   0x080000c8   0x00000000   Code   RO         4645    .ARM.Collect$$$$0000000F  mc_p.l(entry11a.o)
    0x080000c8   0x080000c8   0x00000004   Code   RO         4634    .ARM.Collect$$$$00002712  mc_p.l(entry2.o)
    0x080000cc   0x080000cc   0x0000001c   Code   RO            4    .text               startup_stm32g070xx.o
    0x080000e8   0x080000e8   0x0000002c   Code   RO         4313    .text               mc_p.l(uidiv.o)
    0x08000114   0x08000114   0x00000028   Code   RO         4315    .text               mc_p.l(idiv.o)
    0x0800013c   0x0800013c   0x00000060   Code   RO         4317    .text               mc_p.l(uldiv.o)
    0x0800019c   0x0800019c   0x00000040   Code   RO         4324    .text               mc_p.l(memmovea.o)
    0x080001dc   0x080001dc   0x00000024   Code   RO         4328    .text               mc_p.l(memseta.o)
    0x08000200   0x08000200   0x0000000e   Code   RO         4330    .text               mc_p.l(strlen.o)
    0x0800020e   0x0800020e   0x0000001a   Code   RO         4334    .text               mc_p.l(memcmp.o)
    0x08000228   0x08000228   0x0000001c   Code   RO         4629    .text               mc_p.l(calloc.o)
    0x08000244   0x08000244   0x00000014   Code   RO         4631    .text               mc_p.l(uread4.o)
    0x08000258   0x08000258   0x00000020   Code   RO         4648    .text               mc_p.l(llshl.o)
    0x08000278   0x08000278   0x00000022   Code   RO         4650    .text               mc_p.l(llushr.o)
    0x0800029a   0x0800029a   0x00000002   PAD
    0x0800029c   0x0800029c   0x00000024   Code   RO         4665    .text               mc_p.l(init.o)
    0x080002c0   0x080002c0   0x00000056   Code   RO         4681    .text               mc_p.l(__dczerorl2.o)
    0x08000316   0x08000316   0x00000002   PAD
    0x08000318   0x08000318   0x00000134   Code   RO          232    i.HAL_GPIO_Init     stm32g0xx_hal_gpio.o
    0x0800044c   0x0800044c   0x0000000c   Code   RO         1592    i.HAL_GetTick       stm32g0xx_hal.o
    0x08000458   0x08000458   0x00000010   Code   RO         1598    i.HAL_IncTick       stm32g0xx_hal.o
    0x08000468   0x08000468   0x00000028   Code   RO         1599    i.HAL_Init          stm32g0xx_hal.o
    0x08000490   0x08000490   0x00000048   Code   RO         1600    i.HAL_InitTick      stm32g0xx_hal.o
    0x080004d8   0x080004d8   0x0000002c   Code   RO          196    i.HAL_MspInit       stm32g0xx_hal_msp.o
    0x08000504   0x08000504   0x00000008   Code   RO         1480    i.HAL_NVIC_SetPriority  stm32g0xx_hal_cortex.o
    0x0800050c   0x0800050c   0x0000004c   Code   RO         1361    i.HAL_PWREx_ControlVoltageScaling  stm32g0xx_hal_pwr_ex.o
    0x08000558   0x08000558   0x00000160   Code   RO          898    i.HAL_RCCEx_PeriphCLKConfig  stm32g0xx_hal_rcc_ex.o
    0x080006b8   0x080006b8   0x00000158   Code   RO          788    i.HAL_RCC_ClockConfig  stm32g0xx_hal_rcc.o
    0x08000810   0x08000810   0x00000028   Code   RO          796    i.HAL_RCC_GetPCLK1Freq  stm32g0xx_hal_rcc.o
    0x08000838   0x08000838   0x0000008c   Code   RO          797    i.HAL_RCC_GetSysClockFreq  stm32g0xx_hal_rcc.o
    0x080008c4   0x080008c4   0x000003e0   Code   RO          801    i.HAL_RCC_OscConfig  stm32g0xx_hal_rcc.o
    0x08000ca4   0x08000ca4   0x00000030   Code   RO         1484    i.HAL_SYSTICK_Config  stm32g0xx_hal_cortex.o
    0x08000cd4   0x08000cd4   0x00000042   Code   RO          698    i.HAL_UARTEx_DisableFifoMode  stm32g0xx_hal_uart_ex.o
    0x08000d16   0x08000d16   0x0000004e   Code   RO          703    i.HAL_UARTEx_SetRxFifoThreshold  stm32g0xx_hal_uart_ex.o
    0x08000d64   0x08000d64   0x0000004c   Code   RO          704    i.HAL_UARTEx_SetTxFifoThreshold  stm32g0xx_hal_uart_ex.o
    0x08000db0   0x08000db0   0x00000070   Code   RO          350    i.HAL_UART_Init     stm32g0xx_hal_uart.o
    0x08000e20   0x08000e20   0x0000005c   Code   RO          198    i.HAL_UART_MspInit  stm32g0xx_hal_msp.o
    0x08000e7c   0x08000e7c   0x000000e0   Code   RO          358    i.HAL_UART_Transmit  stm32g0xx_hal_uart.o
    0x08000f5c   0x08000f5c   0x00000002   Code   RO          149    i.HardFault_Handler  stm32g0xx_it.o
    0x08000f5e   0x08000f5e   0x00000002   PAD
    0x08000f60   0x08000f60   0x00000048   Code   RO           13    i.MX_USART2_UART_Init  main.o
    0x08000fa8   0x08000fa8   0x00000002   Code   RO          150    i.NMI_Handler       stm32g0xx_it.o
    0x08000faa   0x08000faa   0x00000002   Code   RO          151    i.PendSV_Handler    stm32g0xx_it.o
    0x08000fac   0x08000fac   0x00000002   Code   RO          152    i.SVC_Handler       stm32g0xx_it.o
    0x08000fae   0x08000fae   0x00000008   Code   RO          153    i.SysTick_Handler   stm32g0xx_it.o
    0x08000fb6   0x08000fb6   0x0000006c   Code   RO           14    i.SystemClock_Config  main.o
    0x08001022   0x08001022   0x00000002   PAD
    0x08001024   0x08001024   0x00000010   Code   RO         1840    i.SystemInit        system_stm32g0xx.o
    0x08001034   0x08001034   0x00000060   Code   RO          708    i.UARTEx_SetNbDataToProcess  stm32g0xx_hal_uart_ex.o
    0x08001094   0x08001094   0x000000ca   Code   RO          363    i.UART_AdvFeatureConfig  stm32g0xx_hal_uart.o
    0x0800115e   0x0800115e   0x00000002   PAD
    0x08001160   0x08001160   0x00000064   Code   RO          364    i.UART_CheckIdleState  stm32g0xx_hal_uart.o
    0x080011c4   0x080011c4   0x0000030c   Code   RO          381    i.UART_SetConfig    stm32g0xx_hal_uart.o
    0x080014d0   0x080014d0   0x00000066   Code   RO          386    i.UART_WaitOnFlagUntilTimeout  stm32g0xx_hal_uart.o
    0x08001536   0x08001536   0x00000002   PAD
    0x08001538   0x08001538   0x00000020   Code   RO         4547    i.__0printf$8       mc_p.l(printf8.o)
    0x08001558   0x08001558   0x00000030   Code   RO         2795    i.__ARM_common_ll_muluu  bignum.o
    0x08001588   0x08001588   0x0000001a   Code   RO         1224    i.__ARM_common_switch8  stm32g0xx_hal_dma.o
    0x080015a2   0x080015a2   0x00000002   PAD
    0x080015a4   0x080015a4   0x00000044   Code   RO         1486    i.__NVIC_SetPriority  stm32g0xx_hal_cortex.o
    0x080015e8   0x080015e8   0x0000000e   Code   RO         4675    i.__scatterload_copy  mc_p.l(handlers.o)
    0x080015f6   0x080015f6   0x00000002   Code   RO         4676    i.__scatterload_null  mc_p.l(handlers.o)
    0x080015f8   0x080015f8   0x0000000e   Code   RO         4677    i.__scatterload_zeroinit  mc_p.l(handlers.o)
    0x08001606   0x08001606   0x00000002   PAD
    0x08001608   0x08001608   0x00000428   Code   RO         4554    i._printf_core      mc_p.l(printf8.o)
    0x08001a30   0x08001a30   0x00000020   Code   RO         4555    i._printf_post_padding  mc_p.l(printf8.o)
    0x08001a50   0x08001a50   0x0000002c   Code   RO         4556    i._printf_pre_padding  mc_p.l(printf8.o)
    0x08001a7c   0x08001a7c   0x0000001a   Code   RO         3413    i.add32             ecp_curves.o
    0x08001a96   0x08001a96   0x0000003e   Code   RO         3414    i.add64             ecp_curves.o
    0x08001ad4   0x08001ad4   0x000001ac   Code   RO         2172    i.aes_gen_tables    aes.o
    0x08001c80   0x08001c80   0x00000026   Code   RO         3415    i.carry64           ecp_curves.o
    0x08001ca6   0x08001ca6   0x00000002   PAD
    0x08001ca8   0x08001ca8   0x00000048   Code   RO         2028    i.crc32             sissdk_crc32.o
    0x08001cf0   0x08001cf0   0x00000040   Code   RO         1975    i.decrypt_buffer_cbc  sissdk_aes.o
    0x08001d30   0x08001d30   0x00000056   Code   RO         2977    i.derive_mpi        ecdsa.o
    0x08001d86   0x08001d86   0x00000002   PAD
    0x08001d88   0x08001d88   0x00000098   Code   RO         2978    i.ecdsa_sign_det_restartable  ecdsa.o
    0x08001e20   0x08001e20   0x0000016c   Code   RO         2979    i.ecdsa_sign_restartable  ecdsa.o
    0x08001f8c   0x08001f8c   0x00000062   Code   RO         2980    i.ecdsa_signature_to_asn1  ecdsa.o
    0x08001fee   0x08001fee   0x00000002   PAD
    0x08001ff0   0x08001ff0   0x00000134   Code   RO         2981    i.ecdsa_verify_restartable  ecdsa.o
    0x08002124   0x08002124   0x00000360   Code   RO         3094    i.ecp_add_mixed     ecp.o
    0x08002484   0x08002484   0x00000144   Code   RO         3095    i.ecp_check_pubkey_sw  ecp.o
    0x080025c8   0x080025c8   0x00000078   Code   RO         3096    i.ecp_comb_recode_core  ecp.o
    0x08002640   0x08002640   0x0000008c   Code   RO         3097    i.ecp_comb_recode_scalar  ecp.o
    0x080026cc   0x080026cc   0x000002d2   Code   RO         3098    i.ecp_double_add_mxz  ecp.o
    0x0800299e   0x0800299e   0x000003ce   Code   RO         3099    i.ecp_double_jac    ecp.o
    0x08002d6c   0x08002d6c   0x00000078   Code   RO         3416    i.ecp_group_load    ecp_curves.o
    0x08002de4   0x08002de4   0x00000136   Code   RO         3417    i.ecp_mod_koblitz   ecp_curves.o
    0x08002f1a   0x08002f1a   0x00000098   Code   RO         3418    i.ecp_mod_p192      ecp_curves.o
    0x08002fb2   0x08002fb2   0x00000002   PAD
    0x08002fb4   0x08002fb4   0x00000018   Code   RO         3419    i.ecp_mod_p192k1    ecp_curves.o
    0x08002fcc   0x08002fcc   0x0000022c   Code   RO         3420    i.ecp_mod_p224      ecp_curves.o
    0x080031f8   0x080031f8   0x00000018   Code   RO         3421    i.ecp_mod_p224k1    ecp_curves.o
    0x08003210   0x08003210   0x00000090   Code   RO         3422    i.ecp_mod_p255      ecp_curves.o
    0x080032a0   0x080032a0   0x0000041c   Code   RO         3423    i.ecp_mod_p256      ecp_curves.o
    0x080036bc   0x080036bc   0x00000018   Code   RO         3424    i.ecp_mod_p256k1    ecp_curves.o
    0x080036d4   0x080036d4   0x00000538   Code   RO         3425    i.ecp_mod_p384      ecp_curves.o
    0x08003c0c   0x08003c0c   0x000000cc   Code   RO         3426    i.ecp_mod_p448      ecp_curves.o
    0x08003cd8   0x08003cd8   0x0000006c   Code   RO         3427    i.ecp_mod_p521      ecp_curves.o
    0x08003d44   0x08003d44   0x0000008c   Code   RO         3100    i.ecp_modp          ecp.o
    0x08003dd0   0x08003dd0   0x0000000c   Code   RO         3428    i.ecp_mpi_load      ecp_curves.o
    0x08003ddc   0x08003ddc   0x00000158   Code   RO         3101    i.ecp_mul_comb      ecp.o
    0x08003f34   0x08003f34   0x0000008a   Code   RO         3102    i.ecp_mul_comb_core  ecp.o
    0x08003fbe   0x08003fbe   0x0000013a   Code   RO         3103    i.ecp_mul_mxz       ecp.o
    0x080040f8   0x080040f8   0x000000ba   Code   RO         3104    i.ecp_normalize_jac  ecp.o
    0x080041b2   0x080041b2   0x00000002   PAD
    0x080041b4   0x080041b4   0x000001f4   Code   RO         3105    i.ecp_normalize_jac_many  ecp.o
    0x080043a8   0x080043a8   0x000000e8   Code   RO         3106    i.ecp_precompute_comb  ecp.o
    0x08004490   0x08004490   0x000000fc   Code   RO         3107    i.ecp_randomize_jac  ecp.o
    0x0800458c   0x0800458c   0x0000009c   Code   RO         3108    i.ecp_randomize_mxz  ecp.o
    0x08004628   0x08004628   0x00000046   Code   RO         3109    i.ecp_safe_invert_jac  ecp.o
    0x0800466e   0x0800466e   0x0000005e   Code   RO         3110    i.ecp_select_comb   ecp.o
    0x080046cc   0x080046cc   0x000000c0   Code   RO         3429    i.ecp_use_curve25519  ecp_curves.o
    0x0800478c   0x0800478c   0x00000114   Code   RO         3430    i.ecp_use_curve448  ecp_curves.o
    0x080048a0   0x080048a0   0x00000040   Code   RO         1976    i.encrypt_buffer_cbc  sissdk_aes.o
    0x080048e0   0x080048e0   0x00000026   Code   RO         3431    i.fix_negative      ecp_curves.o
    0x08004906   0x08004906   0x00000002   PAD
    0x08004908   0x08004908   0x0000001c   Code   RO         2123    i.fputc             sissdk_utils.o
    0x08004924   0x08004924   0x00000054   Code   RO         4601    i.free              mc_p.l(malloc.o)
    0x08004978   0x08004978   0x00000044   Code   RO           15    i.main              main.o
    0x080049bc   0x080049bc   0x0000006c   Code   RO         4602    i.malloc            mc_p.l(malloc.o)
    0x08004a28   0x08004a28   0x00000090   Code   RO         2173    i.mbedtls_aes_crypt_cbc  aes.o
    0x08004ab8   0x08004ab8   0x00000018   Code   RO         2174    i.mbedtls_aes_crypt_ecb  aes.o
    0x08004ad0   0x08004ad0   0x00000010   Code   RO         2177    i.mbedtls_aes_free  aes.o
    0x08004ae0   0x08004ae0   0x0000000c   Code   RO         2178    i.mbedtls_aes_init  aes.o
    0x08004aec   0x08004aec   0x000000cc   Code   RO         2179    i.mbedtls_aes_setkey_dec  aes.o
    0x08004bb8   0x08004bb8   0x000001b4   Code   RO         2180    i.mbedtls_aes_setkey_enc  aes.o
    0x08004d6c   0x08004d6c   0x000000ac   Code   RO         2296    i.mbedtls_asn1_get_len  asn1parse.o
    0x08004e18   0x08004e18   0x00000026   Code   RO         2297    i.mbedtls_asn1_get_mpi  asn1parse.o
    0x08004e3e   0x08004e3e   0x00000026   Code   RO         2299    i.mbedtls_asn1_get_tag  asn1parse.o
    0x08004e64   0x08004e64   0x000000d4   Code   RO         2393    i.mbedtls_asn1_write_len  asn1write.o
    0x08004f38   0x08004f38   0x00000074   Code   RO         2394    i.mbedtls_asn1_write_mpi  asn1write.o
    0x08004fac   0x08004fac   0x00000018   Code   RO         2401    i.mbedtls_asn1_write_tag  asn1write.o
    0x08004fc4   0x08004fc4   0x0000000c   Code   RO         2982    i.mbedtls_ecdsa_free  ecdsa.o
    0x08004fd0   0x08004fd0   0x00000008   Code   RO         2985    i.mbedtls_ecdsa_init  ecdsa.o
    0x08004fd8   0x08004fd8   0x00000010   Code   RO         2986    i.mbedtls_ecdsa_read_signature  ecdsa.o
    0x08004fe8   0x08004fe8   0x0000009c   Code   RO         2987    i.mbedtls_ecdsa_read_signature_restartable  ecdsa.o
    0x08005084   0x08005084   0x0000001e   Code   RO         2991    i.mbedtls_ecdsa_write_signature  ecdsa.o
    0x080050a2   0x080050a2   0x00000054   Code   RO         2993    i.mbedtls_ecdsa_write_signature_restartable  ecdsa.o
    0x080050f6   0x080050f6   0x00000002   PAD
    0x080050f8   0x080050f8   0x00000080   Code   RO         3111    i.mbedtls_ecp_check_privkey  ecp.o
    0x08005178   0x08005178   0x00000058   Code   RO         3113    i.mbedtls_ecp_check_pubkey  ecp.o
    0x080051d0   0x080051d0   0x0000002c   Code   RO         3114    i.mbedtls_ecp_copy  ecp.o
    0x080051fc   0x080051fc   0x0000001c   Code   RO         3117    i.mbedtls_ecp_curve_info_from_tls_id  ecp.o
    0x08005218   0x08005218   0x000000f4   Code   RO         3122    i.mbedtls_ecp_gen_privkey  ecp.o
    0x0800530c   0x0800530c   0x00000018   Code   RO         3123    i.mbedtls_ecp_get_type  ecp.o
    0x08005324   0x08005324   0x00000060   Code   RO         3125    i.mbedtls_ecp_group_free  ecp.o
    0x08005384   0x08005384   0x00000042   Code   RO         3126    i.mbedtls_ecp_group_init  ecp.o
    0x080053c6   0x080053c6   0x00000002   PAD
    0x080053c8   0x080053c8   0x00000264   Code   RO         3432    i.mbedtls_ecp_group_load  ecp_curves.o
    0x0800562c   0x0800562c   0x00000016   Code   RO         3128    i.mbedtls_ecp_is_zero  ecp.o
    0x08005642   0x08005642   0x0000001c   Code   RO         3129    i.mbedtls_ecp_keypair_free  ecp.o
    0x0800565e   0x0800565e   0x0000001a   Code   RO         3130    i.mbedtls_ecp_keypair_init  ecp.o
    0x08005678   0x08005678   0x00000064   Code   RO         3132    i.mbedtls_ecp_mul_restartable  ecp.o
    0x080056dc   0x080056dc   0x00000074   Code   RO         3133    i.mbedtls_ecp_mul_shortcuts  ecp.o
    0x08005750   0x08005750   0x00000070   Code   RO         3135    i.mbedtls_ecp_muladd_restartable  ecp.o
    0x080057c0   0x080057c0   0x0000001c   Code   RO         3137    i.mbedtls_ecp_point_free  ecp.o
    0x080057dc   0x080057dc   0x0000001a   Code   RO         3138    i.mbedtls_ecp_point_init  ecp.o
    0x080057f6   0x080057f6   0x00000002   PAD
    0x080057f8   0x080057f8   0x000000dc   Code   RO         3139    i.mbedtls_ecp_point_read_binary  ecp.o
    0x080058d4   0x080058d4   0x00000028   Code   RO         3143    i.mbedtls_ecp_set_zero  ecp.o
    0x080058fc   0x080058fc   0x0000001a   Code   RO         3144    i.mbedtls_ecp_tls_read_group  ecp.o
    0x08005916   0x08005916   0x00000002   PAD
    0x08005918   0x08005918   0x00000048   Code   RO         3145    i.mbedtls_ecp_tls_read_group_id  ecp.o
    0x08005960   0x08005960   0x00000014   Code   RO         3629    i.mbedtls_hmac_drbg_free  hmac_drbg.o
    0x08005974   0x08005974   0x0000000a   Code   RO         3630    i.mbedtls_hmac_drbg_init  hmac_drbg.o
    0x0800597e   0x0800597e   0x0000000c   Code   RO         3631    i.mbedtls_hmac_drbg_random  hmac_drbg.o
    0x0800598a   0x0800598a   0x000000d6   Code   RO         3632    i.mbedtls_hmac_drbg_random_with_add  hmac_drbg.o
    0x08005a60   0x08005a60   0x00000076   Code   RO         3633    i.mbedtls_hmac_drbg_reseed  hmac_drbg.o
    0x08005ad6   0x08005ad6   0x00000048   Code   RO         3635    i.mbedtls_hmac_drbg_seed_buf  hmac_drbg.o
    0x08005b1e   0x08005b1e   0x000000c6   Code   RO         3640    i.mbedtls_hmac_drbg_update_ret  hmac_drbg.o
    0x08005be4   0x08005be4   0x00000410   Code   RO         2181    i.mbedtls_internal_aes_decrypt  aes.o
    0x08005ff4   0x08005ff4   0x00000418   Code   RO         2182    i.mbedtls_internal_aes_encrypt  aes.o
    0x0800640c   0x0800640c   0x000008a8   Code   RO         4075    i.mbedtls_internal_sha256_process  sha256.o
    0x08006cb4   0x08006cb4   0x00000036   Code   RO         3710    i.mbedtls_md_free   md.o
    0x08006cea   0x08006cea   0x00000008   Code   RO         3712    i.mbedtls_md_get_size  md.o
    0x08006cf2   0x08006cf2   0x00000002   PAD
    0x08006cf4   0x08006cf4   0x0000006c   Code   RO         3715    i.mbedtls_md_hmac_finish  md.o
    0x08006d60   0x08006d60   0x00000034   Code   RO         3716    i.mbedtls_md_hmac_reset  md.o
    0x08006d94   0x08006d94   0x000000bc   Code   RO         3717    i.mbedtls_md_hmac_starts  md.o
    0x08006e50   0x08006e50   0x00000024   Code   RO         3718    i.mbedtls_md_hmac_update  md.o
    0x08006e74   0x08006e74   0x0000001c   Code   RO         3720    i.mbedtls_md_info_from_type  md.o
    0x08006e90   0x08006e90   0x00000048   Code   RO         3725    i.mbedtls_md_setup  md.o
    0x08006ed8   0x08006ed8   0x000000b4   Code   RO         2503    i.mbedtls_mpi_add_abs  bignum.o
    0x08006f8c   0x08006f8c   0x0000002e   Code   RO         2504    i.mbedtls_mpi_add_int  bignum.o
    0x08006fba   0x08006fba   0x0000004a   Code   RO         2505    i.mbedtls_mpi_add_mpi  bignum.o
    0x08007004   0x08007004   0x00000042   Code   RO         2506    i.mbedtls_mpi_bitlen  bignum.o
    0x08007046   0x08007046   0x00000068   Code   RO         2507    i.mbedtls_mpi_cmp_abs  bignum.o
    0x080070ae   0x080070ae   0x0000002e   Code   RO         2508    i.mbedtls_mpi_cmp_int  bignum.o
    0x080070dc   0x080070dc   0x0000008e   Code   RO         2509    i.mbedtls_mpi_cmp_mpi  bignum.o
    0x0800716a   0x0800716a   0x00000064   Code   RO         2510    i.mbedtls_mpi_copy  bignum.o
    0x080071ce   0x080071ce   0x0000030a   Code   RO         2512    i.mbedtls_mpi_div_mpi  bignum.o
    0x080074d8   0x080074d8   0x0000005e   Code   RO         2514    i.mbedtls_mpi_fill_random  bignum.o
    0x08007536   0x08007536   0x00000024   Code   RO         2515    i.mbedtls_mpi_free  bignum.o
    0x0800755a   0x0800755a   0x00000100   Code   RO         2516    i.mbedtls_mpi_gcd   bignum.o
    0x0800765a   0x0800765a   0x00000020   Code   RO         2517    i.mbedtls_mpi_get_bit  bignum.o
    0x0800767a   0x0800767a   0x00000002   PAD
    0x0800767c   0x0800767c   0x00000050   Code   RO         2518    i.mbedtls_mpi_grow  bignum.o
    0x080076cc   0x080076cc   0x0000000c   Code   RO         2519    i.mbedtls_mpi_init  bignum.o
    0x080076d8   0x080076d8   0x0000026a   Code   RO         2520    i.mbedtls_mpi_inv_mod  bignum.o
    0x08007942   0x08007942   0x0000002e   Code   RO         2521    i.mbedtls_mpi_lsb   bignum.o
    0x08007970   0x08007970   0x0000003a   Code   RO         2522    i.mbedtls_mpi_lset  bignum.o
    0x080079aa   0x080079aa   0x00000062   Code   RO         2524    i.mbedtls_mpi_mod_mpi  bignum.o
    0x08007a0c   0x08007a0c   0x00000018   Code   RO         2525    i.mbedtls_mpi_mul_int  bignum.o
    0x08007a24   0x08007a24   0x000000c2   Code   RO         2526    i.mbedtls_mpi_mul_mpi  bignum.o
    0x08007ae6   0x08007ae6   0x00000064   Code   RO         2527    i.mbedtls_mpi_read_binary  bignum.o
    0x08007b4a   0x08007b4a   0x00000060   Code   RO         2528    i.mbedtls_mpi_read_binary_le  bignum.o
    0x08007baa   0x08007baa   0x00000002   PAD
    0x08007bac   0x08007bac   0x00000124   Code   RO         2529    i.mbedtls_mpi_read_string  bignum.o
    0x08007cd0   0x08007cd0   0x00000066   Code   RO         2530    i.mbedtls_mpi_safe_cond_assign  bignum.o
    0x08007d36   0x08007d36   0x0000008a   Code   RO         2531    i.mbedtls_mpi_safe_cond_swap  bignum.o
    0x08007dc0   0x08007dc0   0x00000058   Code   RO         2532    i.mbedtls_mpi_set_bit  bignum.o
    0x08007e18   0x08007e18   0x000000a2   Code   RO         2533    i.mbedtls_mpi_shift_l  bignum.o
    0x08007eba   0x08007eba   0x00000086   Code   RO         2534    i.mbedtls_mpi_shift_r  bignum.o
    0x08007f40   0x08007f40   0x0000006c   Code   RO         2535    i.mbedtls_mpi_shrink  bignum.o
    0x08007fac   0x08007fac   0x0000000c   Code   RO         2536    i.mbedtls_mpi_size  bignum.o
    0x08007fb8   0x08007fb8   0x00000070   Code   RO         2537    i.mbedtls_mpi_sub_abs  bignum.o
    0x08008028   0x08008028   0x0000002e   Code   RO         2538    i.mbedtls_mpi_sub_int  bignum.o
    0x08008056   0x08008056   0x0000004c   Code   RO         2539    i.mbedtls_mpi_sub_mpi  bignum.o
    0x080080a2   0x080080a2   0x00000068   Code   RO         2541    i.mbedtls_mpi_write_binary  bignum.o
    0x0800810a   0x0800810a   0x0000000a   Code   RO         2544    i.mbedtls_mpi_zeroize  bignum.o
    0x08008114   0x08008114   0x00000010   Code   RO         4031    i.mbedtls_platform_zeroize  platform_util.o
    0x08008124   0x08008124   0x0000000a   Code   RO         4077    i.mbedtls_sha256_clone  sha256.o
    0x0800812e   0x0800812e   0x0000013e   Code   RO         4079    i.mbedtls_sha256_finish_ret  sha256.o
    0x0800826c   0x0800826c   0x0000000e   Code   RO         4080    i.mbedtls_sha256_free  sha256.o
    0x0800827a   0x0800827a   0x0000000a   Code   RO         4081    i.mbedtls_sha256_init  sha256.o
    0x08008284   0x08008284   0x00000042   Code   RO         4083    i.mbedtls_sha256_ret  sha256.o
    0x080082c6   0x080082c6   0x00000002   PAD
    0x080082c8   0x080082c8   0x00000090   Code   RO         4085    i.mbedtls_sha256_starts_ret  sha256.o
    0x08008358   0x08008358   0x0000007a   Code   RO         4087    i.mbedtls_sha256_update_ret  sha256.o
    0x080083d2   0x080083d2   0x00000028   Code   RO         2545    i.mpi_bigendian_to_host  bignum.o
    0x080083fa   0x080083fa   0x00000036   Code   RO         2546    i.mpi_get_digit     bignum.o
    0x08008430   0x08008430   0x000004c2   Code   RO         2549    i.mpi_mul_hlp       bignum.o
    0x080088f2   0x080088f2   0x0000004c   Code   RO         2550    i.mpi_sub_hlp       bignum.o
    0x0800893e   0x0800893e   0x00000020   Code   RO         2551    i.mpi_uint_bigendian_to_host  bignum.o
    0x0800895e   0x0800895e   0x00000026   Code   RO         2030    i.reflect           sissdk_crc32.o
    0x08008984   0x08008984   0x00000008   Code   RO         3846    i.sha224_clone_wrap  md_wrap.o
    0x0800898c   0x0800898c   0x00000016   Code   RO         3847    i.sha224_ctx_alloc  md_wrap.o
    0x080089a2   0x080089a2   0x00000010   Code   RO         3848    i.sha224_ctx_free   md_wrap.o
    0x080089b2   0x080089b2   0x00000008   Code   RO         3849    i.sha224_finish_wrap  md_wrap.o
    0x080089ba   0x080089ba   0x00000008   Code   RO         3850    i.sha224_process_wrap  md_wrap.o
    0x080089c2   0x080089c2   0x0000000a   Code   RO         3851    i.sha224_starts_wrap  md_wrap.o
    0x080089cc   0x080089cc   0x00000008   Code   RO         3852    i.sha224_update_wrap  md_wrap.o
    0x080089d4   0x080089d4   0x0000000a   Code   RO         3853    i.sha224_wrap       md_wrap.o
    0x080089de   0x080089de   0x0000000a   Code   RO         3854    i.sha256_starts_wrap  md_wrap.o
    0x080089e8   0x080089e8   0x0000000a   Code   RO         3855    i.sha256_wrap       md_wrap.o
    0x080089f2   0x080089f2   0x00000002   PAD
    0x080089f4   0x080089f4   0x000001f4   Code   RO         1950    i.sis_benchmark     sissdk_benchmark.o
    0x08008be8   0x08008be8   0x00000100   Code   RO         2051    i.sissdk_ecdsa_loadKeyPair  sissdk_ecdsa.o
    0x08008ce8   0x08008ce8   0x00000094   Code   RO         2052    i.sissdk_ecdsa_sha256  sissdk_ecdsa.o
    0x08008d7c   0x08008d7c   0x00000108   Code   RO         2053    i.sissdk_ecdsa_sign  sissdk_ecdsa.o
    0x08008e84   0x08008e84   0x000000f4   Code   RO         2054    i.sissdk_ecdsa_verify  sissdk_ecdsa.o
    0x08008f78   0x08008f78   0x0000001e   Code   RO         3433    i.sub32             ecp_curves.o
    0x08008f96   0x08008f96   0x00000002   PAD
    0x08008f98   0x08008f98   0x00000060   Code   RO         2125    i.util_dump_buf     sissdk_utils.o
    0x08008ff8   0x08008ff8   0x00000040   Data   RO         1841    .constdata          system_stm32g0xx.o
    0x08009038   0x08009038   0x00000020   Data   RO         1842    .constdata          system_stm32g0xx.o
    0x08009058   0x08009058   0x0000005c   Data   RO         1952    .constdata          sissdk_benchmark.o
    0x080090b4   0x080090b4   0x00000090   Data   RO         3150    .constdata          ecp.o
    0x08009144   0x08009144   0x000008b8   Data   RO         3434    .constdata          ecp_curves.o
    0x080099fc   0x080099fc   0x00000030   Data   RO         3856    .constdata          md_wrap.o
    0x08009a2c   0x08009a2c   0x00000030   Data   RO         3857    .constdata          md_wrap.o
    0x08009a5c   0x08009a5c   0x00000100   Data   RO         4088    .constdata          sha256.o
    0x08009b5c   0x08009b5c   0x00000211   Data   RO         1953    .conststring        sissdk_benchmark.o
    0x08009d6d   0x08009d6d   0x00000003   PAD
    0x08009d70   0x08009d70   0x0000008e   Data   RO         3151    .conststring        ecp.o
    0x08009dfe   0x08009dfe   0x00000002   PAD
    0x08009e00   0x08009e00   0x00000007   Data   RO         3858    .conststring        md_wrap.o
    0x08009e07   0x08009e07   0x00000001   PAD
    0x08009e08   0x08009e08   0x00000007   Data   RO         3859    .conststring        md_wrap.o
    0x08009e0f   0x08009e0f   0x00000001   PAD
    0x08009e10   0x08009e10   0x00000137   Data   RO         2171    LOCAL_FILE_AREA     publickey_sig.o
    0x08009f47   0x08009f47   0x00000001   PAD
    0x08009f48   0x08009f48   0x00000020   Data   RO         4673    Region$$Table       anon$$obj.o


    Execution Region RW_IRAM1 (Exec base: 0x20000000, Load base: 0x08009f68, Size: 0x000057f0, Max: 0x00009000, ABSOLUTE, COMPRESSED[0x00000130])

    Exec Addr    Load Addr    Size         Type   Attr      Idx    E Section Name        Object

    0x20000000   COMPRESSED   0x0000000c   Data   RW         1611    .data               stm32g0xx_hal.o
    0x2000000c   COMPRESSED   0x00000004   Data   RW         1843    .data               system_stm32g0xx.o
    0x20000010   COMPRESSED   0x00000144   Data   RW         1954    .data               sissdk_benchmark.o
    0x20000154   COMPRESSED   0x00000004   Data   RW         2184    .data               aes.o
    0x20000158   COMPRESSED   0x0000001c   Data   RW         3435    .data               ecp_curves.o
    0x20000174   COMPRESSED   0x00000004   Data   RW         4032    .data               platform_util.o
    0x20000178   COMPRESSED   0x00000004   Data   RW         4647    .data               mc_p.l(stdout.o)
    0x2000017c   COMPRESSED   0x00000004   Data   RW         4652    .data               mc_p.l(mvars.o)
    0x20000180   COMPRESSED   0x00000004   Data   RW         4653    .data               mc_p.l(mvars.o)
    0x20000184        -       0x0000008c   Zero   RW           16    .bss                main.o
    0x20000210        -       0x00000280   Zero   RW         1951    .bss                sissdk_benchmark.o
    0x20000490        -       0x00000118   Zero   RW         1977    .bss                sissdk_aes.o
    0x200005a8        -       0x00000020   Zero   RW         2055    .bss                sissdk_ecdsa.o
    0x200005c8        -       0x00002228   Zero   RW         2183    .bss                aes.o
    0x200027f0        -       0x00002000   Zero   RW            2    HEAP                startup_stm32g070xx.o
    0x200047f0        -       0x00001000   Zero   RW            1    STACK               startup_stm32g070xx.o


==============================================================================

Image component sizes


      Code (inc. data)   RO Data    RW Data    ZI Data      Debug   Object Name

      3352        120          0          4       8744      11354   aes.o
       248          0          0          0          0       6364   asn1parse.o
       352         10          0          0          0       3097   asn1write.o
      6132         12          0          0          0      36816   bignum.o
      1314         38          0          0          0      14938   ecdsa.o
      7104         96        286          0          0      36138   ecp.o
      5340        226       2232         28          0      22465   ecp_curves.o
       644          0          0          0          0       6152   hmac_drbg.o
       248         12          0          0        140     361813   main.o
       546         32          0          0          0       7978   md.o
       110          0        110          0          0       7334   md_wrap.o
        16          6          0          4          0       1287   platform_util.o
         0          0        311          0          0          0   publickey_sig.o
      2900         68        256          0          0       7736   sha256.o
       128         12          0          0        280       3394   sissdk_aes.o
         0          0          0          0          0       5224   sissdk_api.o
       500        236        621        324        640       7316   sissdk_benchmark.o
       110          4          0          0          0       2268   sissdk_crc32.o
       912        522          0          0         32      10727   sissdk_ecdsa.o
       124         44          0          0          0       1172   sissdk_utils.o
        28          8        184          0      12288        628   startup_stm32g070xx.o
       140         22          0         12          0       3189   stm32g0xx_hal.o
       124         18          0          0          0      11424   stm32g0xx_hal_cortex.o
        26          0          0          0          0         72   stm32g0xx_hal_dma.o
       308         16          0          0          0       1584   stm32g0xx_hal_gpio.o
       136         14          0          0          0       1505   stm32g0xx_hal_msp.o
        76         14          0          0          0        738   stm32g0xx_hal_pwr_ex.o
      1516         88          0          0          0      20085   stm32g0xx_hal_rcc.o
       352         14          0          0          0       1632   stm32g0xx_hal_rcc_ex.o
      1520         42          0          0          0       6593   stm32g0xx_hal_uart.o
       316         16          0          0          0       3613   stm32g0xx_hal_uart_ex.o
        16          0          0          0          0       2119   stm32g0xx_it.o
        16          6         96          4          0       1131   system_stm32g0xx.o

    ----------------------------------------------------------------------
     34696       1696       4136        376      22124     607886   Object Totals
         0          0         32          0          0          0   (incl. Generated)
        42          0          8          0          0          0   (incl. Padding)

    ----------------------------------------------------------------------

      Code (inc. data)   RO Data    RW Data    ZI Data      Debug   Library Member Name

        86          0          0          0          0          0   __dczerorl2.o
        28          0          0          0          0         68   calloc.o
         0          0          0          0          0          0   entry.o
         0          0          0          0          0          0   entry10a.o
         0          0          0          0          0          0   entry11a.o
         8          4          0          0          0          0   entry2.o
         4          0          0          0          0          0   entry5.o
         0          0          0          0          0          0   entry7b.o
         0          0          0          0          0          0   entry8b.o
         8          4          0          0          0          0   entry9a.o
        30          0          0          0          0          0   handlers.o
        40          0          0          0          0         72   idiv.o
        36          8          0          0          0         68   init.o
        32          0          0          0          0         68   llshl.o
        34          0          0          0          0         68   llushr.o
       192         20          0          0          0        144   malloc.o
        26          0          0          0          0         72   memcmp.o
        64          0          0          0          0         68   memmovea.o
        36          0          0          0          0        100   memseta.o
         0          0          0          8          0          0   mvars.o
      1172         52          0          0          0        324   printf8.o
         0          0          0          4          0          0   stdout.o
        14          0          0          0          0         60   strlen.o
        44          0          0          0          0         72   uidiv.o
        96          0          0          0          0         84   uldiv.o
        20          0          0          0          0         60   uread4.o

    ----------------------------------------------------------------------
      1976         88          0         12          0       1328   Library Totals
         6          0          0          0          0          0   (incl. Padding)

    ----------------------------------------------------------------------

      Code (inc. data)   RO Data    RW Data    ZI Data      Debug   Library Name

      1970         88          0         12          0       1328   mc_p.l

    ----------------------------------------------------------------------
      1976         88          0         12          0       1328   Library Totals

    ----------------------------------------------------------------------

==============================================================================


      Code (inc. data)   RO Data    RW Data    ZI Data      Debug   

     36672       1784       4136        388      22124     599846   Grand Totals
     36672       1784       4136        304      22124     599846   ELF Image Totals (compressed)
     36672       1784       4136        304          0          0   ROM Totals

==============================================================================

    Total RO  Size (Code + RO Data)                40808 (  39.85kB)
    Total RW  Size (RW Data + ZI Data)             22512 (  21.98kB)
    Total ROM Size (Code + RO Data + RW Data)      41112 (  40.15kB)

==============================================================================

