<!doctype html public "-//w3c//dtd html 4.0 transitional//en">
<html><head>
<title>Static Call Graph - [Safety License Shield\Safety License Shield.axf]</title></head>
<body><HR>
<H1>Static Call Graph for image Safety License Shield\Safety License Shield.axf</H1><HR>
<BR><P>#&#060CALLGRAPH&#062# ARM Linker, 5060750: Last Updated: Wed Jan 08 16:12:57 2020
<BR><P>
<H3>Maximum Stack Usage =       2524 bytes + Unknown(Cycles, Untraceable Function Pointers)</H3><H3>
Call chain for Maximum Stack Depth:</H3>
main &rArr; sis_benchmark &rArr; decrypt_buffer_cbc &rArr; mbedtls_aes_setkey_dec &rArr; mbedtls_aes_setkey_enc &rArr; aes_gen_tables &rArr; __aeabi_idivmod &rArr; __aeabi_uidivmod
<P>
<H3>
Mutually Recursive functions
</H3> <LI><a href="#[11]">ADC1_IRQHandler</a>&nbsp;&nbsp;&nbsp;&rArr;&nbsp;&nbsp;&nbsp;<a href="#[11]">ADC1_IRQHandler</a><BR>
 <LI><a href="#[3]">HardFault_Handler</a>&nbsp;&nbsp;&nbsp;&rArr;&nbsp;&nbsp;&nbsp;<a href="#[3]">HardFault_Handler</a><BR>
</UL>
<P>
<H3>
Function Pointers
</H3><UL>
 <LI><a href="#[11]">ADC1_IRQHandler</a> from startup_stm32g070xx.o(.text) referenced from startup_stm32g070xx.o(RESET)
 <LI><a href="#[10]">DMA1_Ch4_7_DMAMUX1_OVR_IRQHandler</a> from startup_stm32g070xx.o(.text) referenced from startup_stm32g070xx.o(RESET)
 <LI><a href="#[e]">DMA1_Channel1_IRQHandler</a> from startup_stm32g070xx.o(.text) referenced from startup_stm32g070xx.o(RESET)
 <LI><a href="#[f]">DMA1_Channel2_3_IRQHandler</a> from startup_stm32g070xx.o(.text) referenced from startup_stm32g070xx.o(RESET)
 <LI><a href="#[b]">EXTI0_1_IRQHandler</a> from startup_stm32g070xx.o(.text) referenced from startup_stm32g070xx.o(RESET)
 <LI><a href="#[c]">EXTI2_3_IRQHandler</a> from startup_stm32g070xx.o(.text) referenced from startup_stm32g070xx.o(RESET)
 <LI><a href="#[d]">EXTI4_15_IRQHandler</a> from startup_stm32g070xx.o(.text) referenced from startup_stm32g070xx.o(RESET)
 <LI><a href="#[9]">FLASH_IRQHandler</a> from startup_stm32g070xx.o(.text) referenced from startup_stm32g070xx.o(RESET)
 <LI><a href="#[3]">HardFault_Handler</a> from stm32g0xx_it.o(i.HardFault_Handler) referenced from startup_stm32g070xx.o(RESET)
 <LI><a href="#[1b]">I2C1_IRQHandler</a> from startup_stm32g070xx.o(.text) referenced from startup_stm32g070xx.o(RESET)
 <LI><a href="#[1c]">I2C2_IRQHandler</a> from startup_stm32g070xx.o(.text) referenced from startup_stm32g070xx.o(RESET)
 <LI><a href="#[2]">NMI_Handler</a> from stm32g0xx_it.o(i.NMI_Handler) referenced from startup_stm32g070xx.o(RESET)
 <LI><a href="#[5]">PendSV_Handler</a> from stm32g0xx_it.o(i.PendSV_Handler) referenced from startup_stm32g070xx.o(RESET)
 <LI><a href="#[a]">RCC_IRQHandler</a> from startup_stm32g070xx.o(.text) referenced from startup_stm32g070xx.o(RESET)
 <LI><a href="#[8]">RTC_TAMP_IRQHandler</a> from startup_stm32g070xx.o(.text) referenced from startup_stm32g070xx.o(RESET)
 <LI><a href="#[1]">Reset_Handler</a> from startup_stm32g070xx.o(.text) referenced from startup_stm32g070xx.o(RESET)
 <LI><a href="#[1d]">SPI1_IRQHandler</a> from startup_stm32g070xx.o(.text) referenced from startup_stm32g070xx.o(RESET)
 <LI><a href="#[1e]">SPI2_IRQHandler</a> from startup_stm32g070xx.o(.text) referenced from startup_stm32g070xx.o(RESET)
 <LI><a href="#[4]">SVC_Handler</a> from stm32g0xx_it.o(i.SVC_Handler) referenced from startup_stm32g070xx.o(RESET)
 <LI><a href="#[6]">SysTick_Handler</a> from stm32g0xx_it.o(i.SysTick_Handler) referenced from startup_stm32g070xx.o(RESET)
 <LI><a href="#[23]">SystemInit</a> from system_stm32g0xx.o(i.SystemInit) referenced from startup_stm32g070xx.o(.text)
 <LI><a href="#[17]">TIM14_IRQHandler</a> from startup_stm32g070xx.o(.text) referenced from startup_stm32g070xx.o(RESET)
 <LI><a href="#[18]">TIM15_IRQHandler</a> from startup_stm32g070xx.o(.text) referenced from startup_stm32g070xx.o(RESET)
 <LI><a href="#[19]">TIM16_IRQHandler</a> from startup_stm32g070xx.o(.text) referenced from startup_stm32g070xx.o(RESET)
 <LI><a href="#[1a]">TIM17_IRQHandler</a> from startup_stm32g070xx.o(.text) referenced from startup_stm32g070xx.o(RESET)
 <LI><a href="#[12]">TIM1_BRK_UP_TRG_COM_IRQHandler</a> from startup_stm32g070xx.o(.text) referenced from startup_stm32g070xx.o(RESET)
 <LI><a href="#[13]">TIM1_CC_IRQHandler</a> from startup_stm32g070xx.o(.text) referenced from startup_stm32g070xx.o(RESET)
 <LI><a href="#[14]">TIM3_IRQHandler</a> from startup_stm32g070xx.o(.text) referenced from startup_stm32g070xx.o(RESET)
 <LI><a href="#[15]">TIM6_IRQHandler</a> from startup_stm32g070xx.o(.text) referenced from startup_stm32g070xx.o(RESET)
 <LI><a href="#[16]">TIM7_IRQHandler</a> from startup_stm32g070xx.o(.text) referenced from startup_stm32g070xx.o(RESET)
 <LI><a href="#[1f]">USART1_IRQHandler</a> from startup_stm32g070xx.o(.text) referenced from startup_stm32g070xx.o(RESET)
 <LI><a href="#[20]">USART2_IRQHandler</a> from startup_stm32g070xx.o(.text) referenced from startup_stm32g070xx.o(RESET)
 <LI><a href="#[21]">USART3_4_IRQHandler</a> from startup_stm32g070xx.o(.text) referenced from startup_stm32g070xx.o(RESET)
 <LI><a href="#[7]">WWDG_IRQHandler</a> from startup_stm32g070xx.o(.text) referenced from startup_stm32g070xx.o(RESET)
 <LI><a href="#[24]">__main</a> from entry.o(.ARM.Collect$$$$00000000) referenced from startup_stm32g070xx.o(.text)
 <LI><a href="#[27]">ecp_mod_p192</a> from ecp_curves.o(i.ecp_mod_p192) referenced from ecp_curves.o(i.mbedtls_ecp_group_load)
 <LI><a href="#[2c]">ecp_mod_p192k1</a> from ecp_curves.o(i.ecp_mod_p192k1) referenced from ecp_curves.o(i.mbedtls_ecp_group_load)
 <LI><a href="#[28]">ecp_mod_p224</a> from ecp_curves.o(i.ecp_mod_p224) referenced from ecp_curves.o(i.mbedtls_ecp_group_load)
 <LI><a href="#[2d]">ecp_mod_p224k1</a> from ecp_curves.o(i.ecp_mod_p224k1) referenced from ecp_curves.o(i.mbedtls_ecp_group_load)
 <LI><a href="#[2f]">ecp_mod_p255</a> from ecp_curves.o(i.ecp_mod_p255) referenced from ecp_curves.o(i.mbedtls_ecp_group_load)
 <LI><a href="#[29]">ecp_mod_p256</a> from ecp_curves.o(i.ecp_mod_p256) referenced from ecp_curves.o(i.mbedtls_ecp_group_load)
 <LI><a href="#[2e]">ecp_mod_p256k1</a> from ecp_curves.o(i.ecp_mod_p256k1) referenced from ecp_curves.o(i.mbedtls_ecp_group_load)
 <LI><a href="#[2a]">ecp_mod_p384</a> from ecp_curves.o(i.ecp_mod_p384) referenced from ecp_curves.o(i.mbedtls_ecp_group_load)
 <LI><a href="#[30]">ecp_mod_p448</a> from ecp_curves.o(i.ecp_mod_p448) referenced from ecp_curves.o(i.mbedtls_ecp_group_load)
 <LI><a href="#[2b]">ecp_mod_p521</a> from ecp_curves.o(i.ecp_mod_p521) referenced from ecp_curves.o(i.mbedtls_ecp_group_load)
 <LI><a href="#[25]">fputc</a> from sissdk_utils.o(i.fputc) referenced from printf8.o(i.__0printf$8)
 <LI><a href="#[22]">main</a> from main.o(i.main) referenced from entry9a.o(.ARM.Collect$$$$0000000B)
 <LI><a href="#[26]">mbedtls_hmac_drbg_random</a> from hmac_drbg.o(i.mbedtls_hmac_drbg_random) referenced from ecdsa.o(i.ecdsa_sign_det_restartable)
 <LI><a href="#[0]">memset</a> from memseta.o(.text) referenced 2 times from platform_util.o(.data)
 <LI><a href="#[37]">sha224_clone_wrap</a> from md_wrap.o(i.sha224_clone_wrap) referenced 2 times from md_wrap.o(.constdata)
 <LI><a href="#[35]">sha224_ctx_alloc</a> from md_wrap.o(i.sha224_ctx_alloc) referenced 2 times from md_wrap.o(.constdata)
 <LI><a href="#[36]">sha224_ctx_free</a> from md_wrap.o(i.sha224_ctx_free) referenced 2 times from md_wrap.o(.constdata)
 <LI><a href="#[33]">sha224_finish_wrap</a> from md_wrap.o(i.sha224_finish_wrap) referenced 2 times from md_wrap.o(.constdata)
 <LI><a href="#[38]">sha224_process_wrap</a> from md_wrap.o(i.sha224_process_wrap) referenced 2 times from md_wrap.o(.constdata)
 <LI><a href="#[31]">sha224_starts_wrap</a> from md_wrap.o(i.sha224_starts_wrap) referenced from md_wrap.o(.constdata)
 <LI><a href="#[32]">sha224_update_wrap</a> from md_wrap.o(i.sha224_update_wrap) referenced 2 times from md_wrap.o(.constdata)
 <LI><a href="#[34]">sha224_wrap</a> from md_wrap.o(i.sha224_wrap) referenced from md_wrap.o(.constdata)
 <LI><a href="#[39]">sha256_starts_wrap</a> from md_wrap.o(i.sha256_starts_wrap) referenced from md_wrap.o(.constdata)
 <LI><a href="#[3a]">sha256_wrap</a> from md_wrap.o(i.sha256_wrap) referenced from md_wrap.o(.constdata)
</UL>
<P>
<H3>
Global Symbols
</H3>
<P><STRONG><a name="[24]"></a>__main</STRONG> (Thumb, 0 bytes, Stack size unknown bytes, entry.o(.ARM.Collect$$$$00000000))
<BR>[Address Reference Count : 1]<UL><LI> startup_stm32g070xx.o(.text)
</UL>
<P><STRONG><a name="[105]"></a>_main_stk</STRONG> (Thumb, 0 bytes, Stack size unknown bytes, entry2.o(.ARM.Collect$$$$00000001))

<P><STRONG><a name="[3b]"></a>_main_scatterload</STRONG> (Thumb, 0 bytes, Stack size unknown bytes, entry5.o(.ARM.Collect$$$$00000004))
<BR><BR>[Calls]<UL><LI><a href="#[3c]">&gt;&gt;</a>&nbsp;&nbsp;&nbsp;__scatterload
</UL>

<P><STRONG><a name="[46]"></a>__main_after_scatterload</STRONG> (Thumb, 0 bytes, Stack size unknown bytes, entry5.o(.ARM.Collect$$$$00000004))
<BR><BR>[Called By]<UL><LI><a href="#[3c]">&gt;&gt;</a>&nbsp;&nbsp;&nbsp;__scatterload
</UL>

<P><STRONG><a name="[106]"></a>_main_clock</STRONG> (Thumb, 0 bytes, Stack size unknown bytes, entry7b.o(.ARM.Collect$$$$00000008))

<P><STRONG><a name="[107]"></a>_main_cpp_init</STRONG> (Thumb, 0 bytes, Stack size unknown bytes, entry8b.o(.ARM.Collect$$$$0000000A))

<P><STRONG><a name="[108]"></a>_main_init</STRONG> (Thumb, 0 bytes, Stack size unknown bytes, entry9a.o(.ARM.Collect$$$$0000000B))

<P><STRONG><a name="[109]"></a>__rt_final_cpp</STRONG> (Thumb, 0 bytes, Stack size unknown bytes, entry10a.o(.ARM.Collect$$$$0000000D))

<P><STRONG><a name="[10a]"></a>__rt_final_exit</STRONG> (Thumb, 0 bytes, Stack size unknown bytes, entry11a.o(.ARM.Collect$$$$0000000F))

<P><STRONG><a name="[1]"></a>Reset_Handler</STRONG> (Thumb, 8 bytes, Stack size 0 bytes, startup_stm32g070xx.o(.text))
<BR>[Address Reference Count : 1]<UL><LI> startup_stm32g070xx.o(RESET)
</UL>
<P><STRONG><a name="[11]"></a>ADC1_IRQHandler</STRONG> (Thumb, 0 bytes, Stack size 0 bytes, startup_stm32g070xx.o(.text))
<BR><BR>[Calls]<UL><LI><a href="#[11]">&gt;&gt;</a>&nbsp;&nbsp;&nbsp;ADC1_IRQHandler
</UL>
<BR>[Called By]<UL><LI><a href="#[11]">&gt;&gt;</a>&nbsp;&nbsp;&nbsp;ADC1_IRQHandler
</UL>
<BR>[Address Reference Count : 1]<UL><LI> startup_stm32g070xx.o(RESET)
</UL>
<P><STRONG><a name="[10]"></a>DMA1_Ch4_7_DMAMUX1_OVR_IRQHandler</STRONG> (Thumb, 0 bytes, Stack size 0 bytes, startup_stm32g070xx.o(.text))
<BR>[Address Reference Count : 1]<UL><LI> startup_stm32g070xx.o(RESET)
</UL>
<P><STRONG><a name="[e]"></a>DMA1_Channel1_IRQHandler</STRONG> (Thumb, 0 bytes, Stack size 0 bytes, startup_stm32g070xx.o(.text))
<BR>[Address Reference Count : 1]<UL><LI> startup_stm32g070xx.o(RESET)
</UL>
<P><STRONG><a name="[f]"></a>DMA1_Channel2_3_IRQHandler</STRONG> (Thumb, 0 bytes, Stack size 0 bytes, startup_stm32g070xx.o(.text))
<BR>[Address Reference Count : 1]<UL><LI> startup_stm32g070xx.o(RESET)
</UL>
<P><STRONG><a name="[b]"></a>EXTI0_1_IRQHandler</STRONG> (Thumb, 0 bytes, Stack size 0 bytes, startup_stm32g070xx.o(.text))
<BR>[Address Reference Count : 1]<UL><LI> startup_stm32g070xx.o(RESET)
</UL>
<P><STRONG><a name="[c]"></a>EXTI2_3_IRQHandler</STRONG> (Thumb, 0 bytes, Stack size 0 bytes, startup_stm32g070xx.o(.text))
<BR>[Address Reference Count : 1]<UL><LI> startup_stm32g070xx.o(RESET)
</UL>
<P><STRONG><a name="[d]"></a>EXTI4_15_IRQHandler</STRONG> (Thumb, 0 bytes, Stack size 0 bytes, startup_stm32g070xx.o(.text))
<BR>[Address Reference Count : 1]<UL><LI> startup_stm32g070xx.o(RESET)
</UL>
<P><STRONG><a name="[9]"></a>FLASH_IRQHandler</STRONG> (Thumb, 0 bytes, Stack size 0 bytes, startup_stm32g070xx.o(.text))
<BR>[Address Reference Count : 1]<UL><LI> startup_stm32g070xx.o(RESET)
</UL>
<P><STRONG><a name="[1b]"></a>I2C1_IRQHandler</STRONG> (Thumb, 0 bytes, Stack size 0 bytes, startup_stm32g070xx.o(.text))
<BR>[Address Reference Count : 1]<UL><LI> startup_stm32g070xx.o(RESET)
</UL>
<P><STRONG><a name="[1c]"></a>I2C2_IRQHandler</STRONG> (Thumb, 0 bytes, Stack size 0 bytes, startup_stm32g070xx.o(.text))
<BR>[Address Reference Count : 1]<UL><LI> startup_stm32g070xx.o(RESET)
</UL>
<P><STRONG><a name="[a]"></a>RCC_IRQHandler</STRONG> (Thumb, 0 bytes, Stack size 0 bytes, startup_stm32g070xx.o(.text))
<BR>[Address Reference Count : 1]<UL><LI> startup_stm32g070xx.o(RESET)
</UL>
<P><STRONG><a name="[8]"></a>RTC_TAMP_IRQHandler</STRONG> (Thumb, 0 bytes, Stack size 0 bytes, startup_stm32g070xx.o(.text))
<BR>[Address Reference Count : 1]<UL><LI> startup_stm32g070xx.o(RESET)
</UL>
<P><STRONG><a name="[1d]"></a>SPI1_IRQHandler</STRONG> (Thumb, 0 bytes, Stack size 0 bytes, startup_stm32g070xx.o(.text))
<BR>[Address Reference Count : 1]<UL><LI> startup_stm32g070xx.o(RESET)
</UL>
<P><STRONG><a name="[1e]"></a>SPI2_IRQHandler</STRONG> (Thumb, 0 bytes, Stack size 0 bytes, startup_stm32g070xx.o(.text))
<BR>[Address Reference Count : 1]<UL><LI> startup_stm32g070xx.o(RESET)
</UL>
<P><STRONG><a name="[17]"></a>TIM14_IRQHandler</STRONG> (Thumb, 0 bytes, Stack size 0 bytes, startup_stm32g070xx.o(.text))
<BR>[Address Reference Count : 1]<UL><LI> startup_stm32g070xx.o(RESET)
</UL>
<P><STRONG><a name="[18]"></a>TIM15_IRQHandler</STRONG> (Thumb, 0 bytes, Stack size 0 bytes, startup_stm32g070xx.o(.text))
<BR>[Address Reference Count : 1]<UL><LI> startup_stm32g070xx.o(RESET)
</UL>
<P><STRONG><a name="[19]"></a>TIM16_IRQHandler</STRONG> (Thumb, 0 bytes, Stack size 0 bytes, startup_stm32g070xx.o(.text))
<BR>[Address Reference Count : 1]<UL><LI> startup_stm32g070xx.o(RESET)
</UL>
<P><STRONG><a name="[1a]"></a>TIM17_IRQHandler</STRONG> (Thumb, 0 bytes, Stack size 0 bytes, startup_stm32g070xx.o(.text))
<BR>[Address Reference Count : 1]<UL><LI> startup_stm32g070xx.o(RESET)
</UL>
<P><STRONG><a name="[12]"></a>TIM1_BRK_UP_TRG_COM_IRQHandler</STRONG> (Thumb, 0 bytes, Stack size 0 bytes, startup_stm32g070xx.o(.text))
<BR>[Address Reference Count : 1]<UL><LI> startup_stm32g070xx.o(RESET)
</UL>
<P><STRONG><a name="[13]"></a>TIM1_CC_IRQHandler</STRONG> (Thumb, 0 bytes, Stack size 0 bytes, startup_stm32g070xx.o(.text))
<BR>[Address Reference Count : 1]<UL><LI> startup_stm32g070xx.o(RESET)
</UL>
<P><STRONG><a name="[14]"></a>TIM3_IRQHandler</STRONG> (Thumb, 0 bytes, Stack size 0 bytes, startup_stm32g070xx.o(.text))
<BR>[Address Reference Count : 1]<UL><LI> startup_stm32g070xx.o(RESET)
</UL>
<P><STRONG><a name="[15]"></a>TIM6_IRQHandler</STRONG> (Thumb, 0 bytes, Stack size 0 bytes, startup_stm32g070xx.o(.text))
<BR>[Address Reference Count : 1]<UL><LI> startup_stm32g070xx.o(RESET)
</UL>
<P><STRONG><a name="[16]"></a>TIM7_IRQHandler</STRONG> (Thumb, 0 bytes, Stack size 0 bytes, startup_stm32g070xx.o(.text))
<BR>[Address Reference Count : 1]<UL><LI> startup_stm32g070xx.o(RESET)
</UL>
<P><STRONG><a name="[1f]"></a>USART1_IRQHandler</STRONG> (Thumb, 0 bytes, Stack size 0 bytes, startup_stm32g070xx.o(.text))
<BR>[Address Reference Count : 1]<UL><LI> startup_stm32g070xx.o(RESET)
</UL>
<P><STRONG><a name="[20]"></a>USART2_IRQHandler</STRONG> (Thumb, 0 bytes, Stack size 0 bytes, startup_stm32g070xx.o(.text))
<BR>[Address Reference Count : 1]<UL><LI> startup_stm32g070xx.o(RESET)
</UL>
<P><STRONG><a name="[21]"></a>USART3_4_IRQHandler</STRONG> (Thumb, 0 bytes, Stack size 0 bytes, startup_stm32g070xx.o(.text))
<BR>[Address Reference Count : 1]<UL><LI> startup_stm32g070xx.o(RESET)
</UL>
<P><STRONG><a name="[7]"></a>WWDG_IRQHandler</STRONG> (Thumb, 0 bytes, Stack size 0 bytes, startup_stm32g070xx.o(.text))
<BR>[Address Reference Count : 1]<UL><LI> startup_stm32g070xx.o(RESET)
</UL>
<P><STRONG><a name="[10b]"></a>__aeabi_uidiv</STRONG> (Thumb, 0 bytes, Stack size 12 bytes, uidiv.o(.text), UNUSED)

<P><STRONG><a name="[3e]"></a>__aeabi_uidivmod</STRONG> (Thumb, 44 bytes, Stack size 12 bytes, uidiv.o(.text))
<BR><BR>[Stack]<UL><LI>Max Depth = 12<LI>Call Chain = __aeabi_uidivmod
</UL>
<BR>[Called By]<UL><LI><a href="#[54]">&gt;&gt;</a>&nbsp;&nbsp;&nbsp;UARTEx_SetNbDataToProcess
<LI><a href="#[51]">&gt;&gt;</a>&nbsp;&nbsp;&nbsp;HAL_RCC_GetSysClockFreq
<LI><a href="#[58]">&gt;&gt;</a>&nbsp;&nbsp;&nbsp;UART_SetConfig
<LI><a href="#[52]">&gt;&gt;</a>&nbsp;&nbsp;&nbsp;HAL_RCC_OscConfig
<LI><a href="#[4d]">&gt;&gt;</a>&nbsp;&nbsp;&nbsp;HAL_PWREx_ControlVoltageScaling
<LI><a href="#[ac]">&gt;&gt;</a>&nbsp;&nbsp;&nbsp;ecp_precompute_comb
<LI><a href="#[ab]">&gt;&gt;</a>&nbsp;&nbsp;&nbsp;ecp_mul_comb
<LI><a href="#[3d]">&gt;&gt;</a>&nbsp;&nbsp;&nbsp;__aeabi_idivmod
<LI><a href="#[48]">&gt;&gt;</a>&nbsp;&nbsp;&nbsp;HAL_InitTick
</UL>

<P><STRONG><a name="[10c]"></a>__aeabi_idiv</STRONG> (Thumb, 0 bytes, Stack size 16 bytes, idiv.o(.text), UNUSED)

<P><STRONG><a name="[3d]"></a>__aeabi_idivmod</STRONG> (Thumb, 40 bytes, Stack size 16 bytes, idiv.o(.text))
<BR><BR>[Stack]<UL><LI>Max Depth = 28<LI>Call Chain = __aeabi_idivmod &rArr; __aeabi_uidivmod
</UL>
<BR>[Calls]<UL><LI><a href="#[3e]">&gt;&gt;</a>&nbsp;&nbsp;&nbsp;__aeabi_uidivmod
</UL>
<BR>[Called By]<UL><LI><a href="#[68]">&gt;&gt;</a>&nbsp;&nbsp;&nbsp;aes_gen_tables
</UL>

<P><STRONG><a name="[3f]"></a>__aeabi_uldivmod</STRONG> (Thumb, 96 bytes, Stack size 48 bytes, uldiv.o(.text))
<BR><BR>[Stack]<UL><LI>Max Depth = 56<LI>Call Chain = __aeabi_uldivmod &rArr; __aeabi_llsr
</UL>
<BR>[Calls]<UL><LI><a href="#[40]">&gt;&gt;</a>&nbsp;&nbsp;&nbsp;__aeabi_llsr
<LI><a href="#[41]">&gt;&gt;</a>&nbsp;&nbsp;&nbsp;__aeabi_llsl
</UL>
<BR>[Called By]<UL><LI><a href="#[ec]">&gt;&gt;</a>&nbsp;&nbsp;&nbsp;mbedtls_mpi_div_mpi
<LI><a href="#[65]">&gt;&gt;</a>&nbsp;&nbsp;&nbsp;_printf_core
</UL>

<P><STRONG><a name="[10d]"></a>___aeabi_memcpy8$move</STRONG> (Thumb, 0 bytes, Stack size 8 bytes, memmovea.o(.text), UNUSED)

<P><STRONG><a name="[8a]"></a>__aeabi_memcpy</STRONG> (Thumb, 64 bytes, Stack size 8 bytes, memmovea.o(.text))
<BR><BR>[Stack]<UL><LI>Max Depth = 8<LI>Call Chain = __aeabi_memcpy
</UL>
<BR>[Called By]<UL><LI><a href="#[e2]">&gt;&gt;</a>&nbsp;&nbsp;&nbsp;mbedtls_hmac_drbg_reseed
<LI><a href="#[e0]">&gt;&gt;</a>&nbsp;&nbsp;&nbsp;mbedtls_hmac_drbg_random_with_add
<LI><a href="#[fb]">&gt;&gt;</a>&nbsp;&nbsp;&nbsp;mbedtls_sha256_update_ret
<LI><a href="#[70]">&gt;&gt;</a>&nbsp;&nbsp;&nbsp;mbedtls_mpi_read_binary
<LI><a href="#[6e]">&gt;&gt;</a>&nbsp;&nbsp;&nbsp;mbedtls_aes_crypt_cbc
<LI><a href="#[86]">&gt;&gt;</a>&nbsp;&nbsp;&nbsp;ecdsa_signature_to_asn1
</UL>

<P><STRONG><a name="[a2]"></a>__aeabi_memcpy4</STRONG> (Thumb, 0 bytes, Stack size 8 bytes, memmovea.o(.text))
<BR><BR>[Stack]<UL><LI>Max Depth = 8<LI>Call Chain = __aeabi_memcpy4
</UL>
<BR>[Called By]<UL><LI><a href="#[f5]">&gt;&gt;</a>&nbsp;&nbsp;&nbsp;mbedtls_sha256_clone
<LI><a href="#[2b]">&gt;&gt;</a>&nbsp;&nbsp;&nbsp;ecp_mod_p521
<LI><a href="#[30]">&gt;&gt;</a>&nbsp;&nbsp;&nbsp;ecp_mod_p448
<LI><a href="#[2f]">&gt;&gt;</a>&nbsp;&nbsp;&nbsp;ecp_mod_p255
<LI><a href="#[a1]">&gt;&gt;</a>&nbsp;&nbsp;&nbsp;ecp_mod_koblitz
<LI><a href="#[b8]">&gt;&gt;</a>&nbsp;&nbsp;&nbsp;mbedtls_mpi_shrink
<LI><a href="#[a4]">&gt;&gt;</a>&nbsp;&nbsp;&nbsp;mbedtls_mpi_grow
<LI><a href="#[95]">&gt;&gt;</a>&nbsp;&nbsp;&nbsp;mbedtls_mpi_copy
</UL>

<P><STRONG><a name="[10e]"></a>__aeabi_memmove</STRONG> (Thumb, 0 bytes, Stack size 8 bytes, memmovea.o(.text), UNUSED)

<P><STRONG><a name="[10f]"></a>__aeabi_memmove4</STRONG> (Thumb, 0 bytes, Stack size 8 bytes, memmovea.o(.text), UNUSED)

<P><STRONG><a name="[110]"></a>__aeabi_memmove8</STRONG> (Thumb, 0 bytes, Stack size 8 bytes, memmovea.o(.text), UNUSED)

<P><STRONG><a name="[43]"></a>__aeabi_memset</STRONG> (Thumb, 14 bytes, Stack size 0 bytes, memseta.o(.text))
<BR><BR>[Called By]<UL><LI><a href="#[e8]">&gt;&gt;</a>&nbsp;&nbsp;&nbsp;mbedtls_md_hmac_starts
<LI><a href="#[0]">&gt;&gt;</a>&nbsp;&nbsp;&nbsp;memset
<LI><a href="#[42]">&gt;&gt;</a>&nbsp;&nbsp;&nbsp;__aeabi_memclr
<LI><a href="#[79]">&gt;&gt;</a>&nbsp;&nbsp;&nbsp;mbedtls_hmac_drbg_seed_buf
</UL>

<P><STRONG><a name="[111]"></a>__aeabi_memset4</STRONG> (Thumb, 0 bytes, Stack size 0 bytes, memseta.o(.text), UNUSED)

<P><STRONG><a name="[112]"></a>__aeabi_memset8</STRONG> (Thumb, 0 bytes, Stack size 0 bytes, memseta.o(.text), UNUSED)

<P><STRONG><a name="[42]"></a>__aeabi_memclr</STRONG> (Thumb, 4 bytes, Stack size 0 bytes, memseta.o(.text))
<BR><BR>[Calls]<UL><LI><a href="#[43]">&gt;&gt;</a>&nbsp;&nbsp;&nbsp;__aeabi_memset
</UL>
<BR>[Called By]<UL><LI><a href="#[f6]">&gt;&gt;</a>&nbsp;&nbsp;&nbsp;mbedtls_sha256_finish_ret
<LI><a href="#[98]">&gt;&gt;</a>&nbsp;&nbsp;&nbsp;ecp_comb_recode_core
<LI><a href="#[78]">&gt;&gt;</a>&nbsp;&nbsp;&nbsp;mbedtls_mpi_write_binary
</UL>

<P><STRONG><a name="[5b]"></a>__aeabi_memclr4</STRONG> (Thumb, 0 bytes, Stack size 0 bytes, memseta.o(.text))
<BR><BR>[Called By]<UL><LI><a href="#[57]">&gt;&gt;</a>&nbsp;&nbsp;&nbsp;HAL_UART_MspInit
<LI><a href="#[62]">&gt;&gt;</a>&nbsp;&nbsp;&nbsp;SystemClock_Config
<LI><a href="#[e2]">&gt;&gt;</a>&nbsp;&nbsp;&nbsp;mbedtls_hmac_drbg_reseed
<LI><a href="#[f8]">&gt;&gt;</a>&nbsp;&nbsp;&nbsp;mbedtls_sha256_init
<LI><a href="#[f6]">&gt;&gt;</a>&nbsp;&nbsp;&nbsp;mbedtls_sha256_finish_ret
<LI><a href="#[30]">&gt;&gt;</a>&nbsp;&nbsp;&nbsp;ecp_mod_p448
<LI><a href="#[2a]">&gt;&gt;</a>&nbsp;&nbsp;&nbsp;ecp_mod_p384
<LI><a href="#[29]">&gt;&gt;</a>&nbsp;&nbsp;&nbsp;ecp_mod_p256
<LI><a href="#[2f]">&gt;&gt;</a>&nbsp;&nbsp;&nbsp;ecp_mod_p255
<LI><a href="#[28]">&gt;&gt;</a>&nbsp;&nbsp;&nbsp;ecp_mod_p224
<LI><a href="#[a1]">&gt;&gt;</a>&nbsp;&nbsp;&nbsp;ecp_mod_koblitz
<LI><a href="#[6c]">&gt;&gt;</a>&nbsp;&nbsp;&nbsp;mbedtls_aes_init
<LI><a href="#[77]">&gt;&gt;</a>&nbsp;&nbsp;&nbsp;mbedtls_hmac_drbg_init
<LI><a href="#[b2]">&gt;&gt;</a>&nbsp;&nbsp;&nbsp;mbedtls_mpi_lset
<LI><a href="#[95]">&gt;&gt;</a>&nbsp;&nbsp;&nbsp;mbedtls_mpi_copy
</UL>

<P><STRONG><a name="[113]"></a>__aeabi_memclr8</STRONG> (Thumb, 0 bytes, Stack size 0 bytes, memseta.o(.text), UNUSED)

<P><STRONG><a name="[0]"></a>memset</STRONG> (Thumb, 18 bytes, Stack size 8 bytes, memseta.o(.text))
<BR><BR>[Stack]<UL><LI>Max Depth = 8<LI>Call Chain = memset
</UL>
<BR>[Calls]<UL><LI><a href="#[43]">&gt;&gt;</a>&nbsp;&nbsp;&nbsp;__aeabi_memset
</UL>
<BR>[Address Reference Count : 1]<UL><LI> platform_util.o(.data)
</UL>
<P><STRONG><a name="[f2]"></a>strlen</STRONG> (Thumb, 14 bytes, Stack size 0 bytes, strlen.o(.text))
<BR><BR>[Called By]<UL><LI><a href="#[bb]">&gt;&gt;</a>&nbsp;&nbsp;&nbsp;mbedtls_mpi_read_string
</UL>

<P><STRONG><a name="[ff]"></a>memcmp</STRONG> (Thumb, 26 bytes, Stack size 12 bytes, memcmp.o(.text))
<BR><BR>[Stack]<UL><LI>Max Depth = 12<LI>Call Chain = memcmp
</UL>
<BR>[Called By]<UL><LI><a href="#[c0]">&gt;&gt;</a>&nbsp;&nbsp;&nbsp;sis_benchmark
</UL>

<P><STRONG><a name="[44]"></a>calloc</STRONG> (Thumb, 28 bytes, Stack size 8 bytes, calloc.o(.text))
<BR><BR>[Stack]<UL><LI>Max Depth = 28<LI>Call Chain = calloc &rArr; malloc
</UL>
<BR>[Calls]<UL><LI><a href="#[45]">&gt;&gt;</a>&nbsp;&nbsp;&nbsp;malloc
</UL>
<BR>[Called By]<UL><LI><a href="#[35]">&gt;&gt;</a>&nbsp;&nbsp;&nbsp;sha224_ctx_alloc
<LI><a href="#[e7]">&gt;&gt;</a>&nbsp;&nbsp;&nbsp;mbedtls_md_setup
<LI><a href="#[b7]">&gt;&gt;</a>&nbsp;&nbsp;&nbsp;ecp_normalize_jac_many
<LI><a href="#[ab]">&gt;&gt;</a>&nbsp;&nbsp;&nbsp;ecp_mul_comb
<LI><a href="#[b8]">&gt;&gt;</a>&nbsp;&nbsp;&nbsp;mbedtls_mpi_shrink
<LI><a href="#[a4]">&gt;&gt;</a>&nbsp;&nbsp;&nbsp;mbedtls_mpi_grow
</UL>

<P><STRONG><a name="[c6]"></a>__aeabi_uread4</STRONG> (Thumb, 20 bytes, Stack size 0 bytes, uread4.o(.text))
<BR><BR>[Called By]<UL><LI><a href="#[e9]">&gt;&gt;</a>&nbsp;&nbsp;&nbsp;mbedtls_internal_sha256_process
<LI><a href="#[c3]">&gt;&gt;</a>&nbsp;&nbsp;&nbsp;mbedtls_internal_aes_encrypt
<LI><a href="#[c2]">&gt;&gt;</a>&nbsp;&nbsp;&nbsp;mbedtls_internal_aes_decrypt
<LI><a href="#[bf]">&gt;&gt;</a>&nbsp;&nbsp;&nbsp;mbedtls_aes_setkey_enc
<LI><a href="#[c7]">&gt;&gt;</a>&nbsp;&nbsp;&nbsp;mbedtls_asn1_get_len
</UL>

<P><STRONG><a name="[114]"></a>__rt_uread4</STRONG> (Thumb, 0 bytes, Stack size 0 bytes, uread4.o(.text), UNUSED)

<P><STRONG><a name="[115]"></a>_uread4</STRONG> (Thumb, 0 bytes, Stack size 0 bytes, uread4.o(.text), UNUSED)

<P><STRONG><a name="[41]"></a>__aeabi_llsl</STRONG> (Thumb, 32 bytes, Stack size 8 bytes, llshl.o(.text))
<BR><BR>[Stack]<UL><LI>Max Depth = 8<LI>Call Chain = __aeabi_llsl
</UL>
<BR>[Called By]<UL><LI><a href="#[3f]">&gt;&gt;</a>&nbsp;&nbsp;&nbsp;__aeabi_uldivmod
</UL>

<P><STRONG><a name="[116]"></a>_ll_shift_l</STRONG> (Thumb, 0 bytes, Stack size 8 bytes, llshl.o(.text), UNUSED)

<P><STRONG><a name="[40]"></a>__aeabi_llsr</STRONG> (Thumb, 34 bytes, Stack size 8 bytes, llushr.o(.text))
<BR><BR>[Stack]<UL><LI>Max Depth = 8<LI>Call Chain = __aeabi_llsr
</UL>
<BR>[Called By]<UL><LI><a href="#[3f]">&gt;&gt;</a>&nbsp;&nbsp;&nbsp;__aeabi_uldivmod
</UL>

<P><STRONG><a name="[117]"></a>_ll_ushift_r</STRONG> (Thumb, 0 bytes, Stack size 8 bytes, llushr.o(.text), UNUSED)

<P><STRONG><a name="[3c]"></a>__scatterload</STRONG> (Thumb, 28 bytes, Stack size 0 bytes, init.o(.text))
<BR><BR>[Calls]<UL><LI><a href="#[46]">&gt;&gt;</a>&nbsp;&nbsp;&nbsp;__main_after_scatterload
</UL>
<BR>[Called By]<UL><LI><a href="#[3b]">&gt;&gt;</a>&nbsp;&nbsp;&nbsp;_main_scatterload
</UL>

<P><STRONG><a name="[118]"></a>__scatterload_rt2</STRONG> (Thumb, 0 bytes, Stack size 0 bytes, init.o(.text), UNUSED)

<P><STRONG><a name="[119]"></a>__decompress</STRONG> (Thumb, 0 bytes, Stack size unknown bytes, __dczerorl2.o(.text), UNUSED)

<P><STRONG><a name="[11a]"></a>__decompress1</STRONG> (Thumb, 86 bytes, Stack size unknown bytes, __dczerorl2.o(.text), UNUSED)

<P><STRONG><a name="[5c]"></a>HAL_GPIO_Init</STRONG> (Thumb, 292 bytes, Stack size 20 bytes, stm32g0xx_hal_gpio.o(i.HAL_GPIO_Init))
<BR><BR>[Stack]<UL><LI>Max Depth = 20<LI>Call Chain = HAL_GPIO_Init
</UL>
<BR>[Called By]<UL><LI><a href="#[57]">&gt;&gt;</a>&nbsp;&nbsp;&nbsp;HAL_UART_MspInit
</UL>

<P><STRONG><a name="[4f]"></a>HAL_GetTick</STRONG> (Thumb, 6 bytes, Stack size 0 bytes, stm32g0xx_hal.o(i.HAL_GetTick))
<BR><BR>[Called By]<UL><LI><a href="#[5e]">&gt;&gt;</a>&nbsp;&nbsp;&nbsp;UART_WaitOnFlagUntilTimeout
<LI><a href="#[5a]">&gt;&gt;</a>&nbsp;&nbsp;&nbsp;UART_CheckIdleState
<LI><a href="#[5d]">&gt;&gt;</a>&nbsp;&nbsp;&nbsp;HAL_UART_Transmit
<LI><a href="#[52]">&gt;&gt;</a>&nbsp;&nbsp;&nbsp;HAL_RCC_OscConfig
<LI><a href="#[50]">&gt;&gt;</a>&nbsp;&nbsp;&nbsp;HAL_RCC_ClockConfig
<LI><a href="#[4e]">&gt;&gt;</a>&nbsp;&nbsp;&nbsp;HAL_RCCEx_PeriphCLKConfig
</UL>

<P><STRONG><a name="[61]"></a>HAL_IncTick</STRONG> (Thumb, 12 bytes, Stack size 0 bytes, stm32g0xx_hal.o(i.HAL_IncTick))
<BR><BR>[Called By]<UL><LI><a href="#[6]">&gt;&gt;</a>&nbsp;&nbsp;&nbsp;SysTick_Handler
</UL>

<P><STRONG><a name="[47]"></a>HAL_Init</STRONG> (Thumb, 36 bytes, Stack size 8 bytes, stm32g0xx_hal.o(i.HAL_Init))
<BR><BR>[Stack]<UL><LI>Max Depth = 36<LI>Call Chain = HAL_Init &rArr; HAL_InitTick &rArr; __aeabi_uidivmod
</UL>
<BR>[Calls]<UL><LI><a href="#[49]">&gt;&gt;</a>&nbsp;&nbsp;&nbsp;HAL_MspInit
<LI><a href="#[48]">&gt;&gt;</a>&nbsp;&nbsp;&nbsp;HAL_InitTick
</UL>
<BR>[Called By]<UL><LI><a href="#[22]">&gt;&gt;</a>&nbsp;&nbsp;&nbsp;main
</UL>

<P><STRONG><a name="[48]"></a>HAL_InitTick</STRONG> (Thumb, 64 bytes, Stack size 16 bytes, stm32g0xx_hal.o(i.HAL_InitTick))
<BR><BR>[Stack]<UL><LI>Max Depth = 28<LI>Call Chain = HAL_InitTick &rArr; __aeabi_uidivmod
</UL>
<BR>[Calls]<UL><LI><a href="#[3e]">&gt;&gt;</a>&nbsp;&nbsp;&nbsp;__aeabi_uidivmod
<LI><a href="#[4a]">&gt;&gt;</a>&nbsp;&nbsp;&nbsp;HAL_SYSTICK_Config
<LI><a href="#[4b]">&gt;&gt;</a>&nbsp;&nbsp;&nbsp;HAL_NVIC_SetPriority
</UL>
<BR>[Called By]<UL><LI><a href="#[52]">&gt;&gt;</a>&nbsp;&nbsp;&nbsp;HAL_RCC_OscConfig
<LI><a href="#[50]">&gt;&gt;</a>&nbsp;&nbsp;&nbsp;HAL_RCC_ClockConfig
<LI><a href="#[47]">&gt;&gt;</a>&nbsp;&nbsp;&nbsp;HAL_Init
</UL>

<P><STRONG><a name="[49]"></a>HAL_MspInit</STRONG> (Thumb, 38 bytes, Stack size 8 bytes, stm32g0xx_hal_msp.o(i.HAL_MspInit))
<BR><BR>[Stack]<UL><LI>Max Depth = 8<LI>Call Chain = HAL_MspInit
</UL>
<BR>[Called By]<UL><LI><a href="#[47]">&gt;&gt;</a>&nbsp;&nbsp;&nbsp;HAL_Init
</UL>

<P><STRONG><a name="[4b]"></a>HAL_NVIC_SetPriority</STRONG> (Thumb, 8 bytes, Stack size 8 bytes, stm32g0xx_hal_cortex.o(i.HAL_NVIC_SetPriority))
<BR><BR>[Stack]<UL><LI>Max Depth = 8<LI>Call Chain = HAL_NVIC_SetPriority
</UL>
<BR>[Calls]<UL><LI><a href="#[4c]">&gt;&gt;</a>&nbsp;&nbsp;&nbsp;__NVIC_SetPriority
</UL>
<BR>[Called By]<UL><LI><a href="#[48]">&gt;&gt;</a>&nbsp;&nbsp;&nbsp;HAL_InitTick
</UL>

<P><STRONG><a name="[4d]"></a>HAL_PWREx_ControlVoltageScaling</STRONG> (Thumb, 62 bytes, Stack size 8 bytes, stm32g0xx_hal_pwr_ex.o(i.HAL_PWREx_ControlVoltageScaling))
<BR><BR>[Stack]<UL><LI>Max Depth = 20<LI>Call Chain = HAL_PWREx_ControlVoltageScaling &rArr; __aeabi_uidivmod
</UL>
<BR>[Calls]<UL><LI><a href="#[3e]">&gt;&gt;</a>&nbsp;&nbsp;&nbsp;__aeabi_uidivmod
</UL>
<BR>[Called By]<UL><LI><a href="#[62]">&gt;&gt;</a>&nbsp;&nbsp;&nbsp;SystemClock_Config
</UL>

<P><STRONG><a name="[4e]"></a>HAL_RCCEx_PeriphCLKConfig</STRONG> (Thumb, 338 bytes, Stack size 24 bytes, stm32g0xx_hal_rcc_ex.o(i.HAL_RCCEx_PeriphCLKConfig))
<BR><BR>[Stack]<UL><LI>Max Depth = 24<LI>Call Chain = HAL_RCCEx_PeriphCLKConfig
</UL>
<BR>[Calls]<UL><LI><a href="#[4f]">&gt;&gt;</a>&nbsp;&nbsp;&nbsp;HAL_GetTick
</UL>
<BR>[Called By]<UL><LI><a href="#[62]">&gt;&gt;</a>&nbsp;&nbsp;&nbsp;SystemClock_Config
</UL>

<P><STRONG><a name="[50]"></a>HAL_RCC_ClockConfig</STRONG> (Thumb, 318 bytes, Stack size 24 bytes, stm32g0xx_hal_rcc.o(i.HAL_RCC_ClockConfig))
<BR><BR>[Stack]<UL><LI>Max Depth = 52<LI>Call Chain = HAL_RCC_ClockConfig &rArr; HAL_InitTick &rArr; __aeabi_uidivmod
</UL>
<BR>[Calls]<UL><LI><a href="#[51]">&gt;&gt;</a>&nbsp;&nbsp;&nbsp;HAL_RCC_GetSysClockFreq
<LI><a href="#[4f]">&gt;&gt;</a>&nbsp;&nbsp;&nbsp;HAL_GetTick
<LI><a href="#[48]">&gt;&gt;</a>&nbsp;&nbsp;&nbsp;HAL_InitTick
</UL>
<BR>[Called By]<UL><LI><a href="#[62]">&gt;&gt;</a>&nbsp;&nbsp;&nbsp;SystemClock_Config
</UL>

<P><STRONG><a name="[63]"></a>HAL_RCC_GetPCLK1Freq</STRONG> (Thumb, 26 bytes, Stack size 0 bytes, stm32g0xx_hal_rcc.o(i.HAL_RCC_GetPCLK1Freq))
<BR><BR>[Called By]<UL><LI><a href="#[58]">&gt;&gt;</a>&nbsp;&nbsp;&nbsp;UART_SetConfig
</UL>

<P><STRONG><a name="[51]"></a>HAL_RCC_GetSysClockFreq</STRONG> (Thumb, 130 bytes, Stack size 8 bytes, stm32g0xx_hal_rcc.o(i.HAL_RCC_GetSysClockFreq))
<BR><BR>[Stack]<UL><LI>Max Depth = 20<LI>Call Chain = HAL_RCC_GetSysClockFreq &rArr; __aeabi_uidivmod
</UL>
<BR>[Calls]<UL><LI><a href="#[3e]">&gt;&gt;</a>&nbsp;&nbsp;&nbsp;__aeabi_uidivmod
</UL>
<BR>[Called By]<UL><LI><a href="#[58]">&gt;&gt;</a>&nbsp;&nbsp;&nbsp;UART_SetConfig
<LI><a href="#[50]">&gt;&gt;</a>&nbsp;&nbsp;&nbsp;HAL_RCC_ClockConfig
</UL>

<P><STRONG><a name="[52]"></a>HAL_RCC_OscConfig</STRONG> (Thumb, 954 bytes, Stack size 24 bytes, stm32g0xx_hal_rcc.o(i.HAL_RCC_OscConfig))
<BR><BR>[Stack]<UL><LI>Max Depth = 52<LI>Call Chain = HAL_RCC_OscConfig &rArr; HAL_InitTick &rArr; __aeabi_uidivmod
</UL>
<BR>[Calls]<UL><LI><a href="#[4f]">&gt;&gt;</a>&nbsp;&nbsp;&nbsp;HAL_GetTick
<LI><a href="#[3e]">&gt;&gt;</a>&nbsp;&nbsp;&nbsp;__aeabi_uidivmod
<LI><a href="#[48]">&gt;&gt;</a>&nbsp;&nbsp;&nbsp;HAL_InitTick
</UL>
<BR>[Called By]<UL><LI><a href="#[62]">&gt;&gt;</a>&nbsp;&nbsp;&nbsp;SystemClock_Config
</UL>

<P><STRONG><a name="[4a]"></a>HAL_SYSTICK_Config</STRONG> (Thumb, 38 bytes, Stack size 8 bytes, stm32g0xx_hal_cortex.o(i.HAL_SYSTICK_Config))
<BR><BR>[Stack]<UL><LI>Max Depth = 8<LI>Call Chain = HAL_SYSTICK_Config
</UL>
<BR>[Calls]<UL><LI><a href="#[4c]">&gt;&gt;</a>&nbsp;&nbsp;&nbsp;__NVIC_SetPriority
</UL>
<BR>[Called By]<UL><LI><a href="#[48]">&gt;&gt;</a>&nbsp;&nbsp;&nbsp;HAL_InitTick
</UL>

<P><STRONG><a name="[60]"></a>HAL_UARTEx_DisableFifoMode</STRONG> (Thumb, 66 bytes, Stack size 12 bytes, stm32g0xx_hal_uart_ex.o(i.HAL_UARTEx_DisableFifoMode))
<BR><BR>[Stack]<UL><LI>Max Depth = 12<LI>Call Chain = HAL_UARTEx_DisableFifoMode
</UL>
<BR>[Called By]<UL><LI><a href="#[5f]">&gt;&gt;</a>&nbsp;&nbsp;&nbsp;MX_USART2_UART_Init
</UL>

<P><STRONG><a name="[53]"></a>HAL_UARTEx_SetRxFifoThreshold</STRONG> (Thumb, 78 bytes, Stack size 24 bytes, stm32g0xx_hal_uart_ex.o(i.HAL_UARTEx_SetRxFifoThreshold))
<BR><BR>[Stack]<UL><LI>Max Depth = 76<LI>Call Chain = HAL_UARTEx_SetRxFifoThreshold &rArr; UARTEx_SetNbDataToProcess &rArr; __aeabi_uidivmod
</UL>
<BR>[Calls]<UL><LI><a href="#[54]">&gt;&gt;</a>&nbsp;&nbsp;&nbsp;UARTEx_SetNbDataToProcess
</UL>
<BR>[Called By]<UL><LI><a href="#[5f]">&gt;&gt;</a>&nbsp;&nbsp;&nbsp;MX_USART2_UART_Init
</UL>

<P><STRONG><a name="[55]"></a>HAL_UARTEx_SetTxFifoThreshold</STRONG> (Thumb, 76 bytes, Stack size 24 bytes, stm32g0xx_hal_uart_ex.o(i.HAL_UARTEx_SetTxFifoThreshold))
<BR><BR>[Stack]<UL><LI>Max Depth = 76<LI>Call Chain = HAL_UARTEx_SetTxFifoThreshold &rArr; UARTEx_SetNbDataToProcess &rArr; __aeabi_uidivmod
</UL>
<BR>[Calls]<UL><LI><a href="#[54]">&gt;&gt;</a>&nbsp;&nbsp;&nbsp;UARTEx_SetNbDataToProcess
</UL>
<BR>[Called By]<UL><LI><a href="#[5f]">&gt;&gt;</a>&nbsp;&nbsp;&nbsp;MX_USART2_UART_Init
</UL>

<P><STRONG><a name="[56]"></a>HAL_UART_Init</STRONG> (Thumb, 112 bytes, Stack size 16 bytes, stm32g0xx_hal_uart.o(i.HAL_UART_Init))
<BR><BR>[Stack]<UL><LI>Max Depth = 88<LI>Call Chain = HAL_UART_Init &rArr; UART_CheckIdleState &rArr; UART_WaitOnFlagUntilTimeout
</UL>
<BR>[Calls]<UL><LI><a href="#[58]">&gt;&gt;</a>&nbsp;&nbsp;&nbsp;UART_SetConfig
<LI><a href="#[5a]">&gt;&gt;</a>&nbsp;&nbsp;&nbsp;UART_CheckIdleState
<LI><a href="#[59]">&gt;&gt;</a>&nbsp;&nbsp;&nbsp;UART_AdvFeatureConfig
<LI><a href="#[57]">&gt;&gt;</a>&nbsp;&nbsp;&nbsp;HAL_UART_MspInit
</UL>
<BR>[Called By]<UL><LI><a href="#[5f]">&gt;&gt;</a>&nbsp;&nbsp;&nbsp;MX_USART2_UART_Init
</UL>

<P><STRONG><a name="[57]"></a>HAL_UART_MspInit</STRONG> (Thumb, 84 bytes, Stack size 32 bytes, stm32g0xx_hal_msp.o(i.HAL_UART_MspInit))
<BR><BR>[Stack]<UL><LI>Max Depth = 52<LI>Call Chain = HAL_UART_MspInit &rArr; HAL_GPIO_Init
</UL>
<BR>[Calls]<UL><LI><a href="#[5c]">&gt;&gt;</a>&nbsp;&nbsp;&nbsp;HAL_GPIO_Init
<LI><a href="#[5b]">&gt;&gt;</a>&nbsp;&nbsp;&nbsp;__aeabi_memclr4
</UL>
<BR>[Called By]<UL><LI><a href="#[56]">&gt;&gt;</a>&nbsp;&nbsp;&nbsp;HAL_UART_Init
</UL>

<P><STRONG><a name="[5d]"></a>HAL_UART_Transmit</STRONG> (Thumb, 224 bytes, Stack size 56 bytes, stm32g0xx_hal_uart.o(i.HAL_UART_Transmit))
<BR><BR>[Stack]<UL><LI>Max Depth = 96<LI>Call Chain = HAL_UART_Transmit &rArr; UART_WaitOnFlagUntilTimeout
</UL>
<BR>[Calls]<UL><LI><a href="#[4f]">&gt;&gt;</a>&nbsp;&nbsp;&nbsp;HAL_GetTick
<LI><a href="#[5e]">&gt;&gt;</a>&nbsp;&nbsp;&nbsp;UART_WaitOnFlagUntilTimeout
</UL>
<BR>[Called By]<UL><LI><a href="#[25]">&gt;&gt;</a>&nbsp;&nbsp;&nbsp;fputc
</UL>

<P><STRONG><a name="[3]"></a>HardFault_Handler</STRONG> (Thumb, 2 bytes, Stack size 0 bytes, stm32g0xx_it.o(i.HardFault_Handler))
<BR><BR>[Calls]<UL><LI><a href="#[3]">&gt;&gt;</a>&nbsp;&nbsp;&nbsp;HardFault_Handler
</UL>
<BR>[Called By]<UL><LI><a href="#[3]">&gt;&gt;</a>&nbsp;&nbsp;&nbsp;HardFault_Handler
</UL>
<BR>[Address Reference Count : 1]<UL><LI> startup_stm32g070xx.o(RESET)
</UL>
<P><STRONG><a name="[2]"></a>NMI_Handler</STRONG> (Thumb, 2 bytes, Stack size 0 bytes, stm32g0xx_it.o(i.NMI_Handler))
<BR>[Address Reference Count : 1]<UL><LI> startup_stm32g070xx.o(RESET)
</UL>
<P><STRONG><a name="[5]"></a>PendSV_Handler</STRONG> (Thumb, 2 bytes, Stack size 0 bytes, stm32g0xx_it.o(i.PendSV_Handler))
<BR>[Address Reference Count : 1]<UL><LI> startup_stm32g070xx.o(RESET)
</UL>
<P><STRONG><a name="[4]"></a>SVC_Handler</STRONG> (Thumb, 2 bytes, Stack size 0 bytes, stm32g0xx_it.o(i.SVC_Handler))
<BR>[Address Reference Count : 1]<UL><LI> startup_stm32g070xx.o(RESET)
</UL>
<P><STRONG><a name="[6]"></a>SysTick_Handler</STRONG> (Thumb, 8 bytes, Stack size 8 bytes, stm32g0xx_it.o(i.SysTick_Handler))
<BR><BR>[Stack]<UL><LI>Max Depth = 8<LI>Call Chain = SysTick_Handler
</UL>
<BR>[Calls]<UL><LI><a href="#[61]">&gt;&gt;</a>&nbsp;&nbsp;&nbsp;HAL_IncTick
</UL>
<BR>[Address Reference Count : 1]<UL><LI> startup_stm32g070xx.o(RESET)
</UL>
<P><STRONG><a name="[62]"></a>SystemClock_Config</STRONG> (Thumb, 108 bytes, Stack size 112 bytes, main.o(i.SystemClock_Config))
<BR><BR>[Stack]<UL><LI>Max Depth = 164<LI>Call Chain = SystemClock_Config &rArr; HAL_RCC_OscConfig &rArr; HAL_InitTick &rArr; __aeabi_uidivmod
</UL>
<BR>[Calls]<UL><LI><a href="#[52]">&gt;&gt;</a>&nbsp;&nbsp;&nbsp;HAL_RCC_OscConfig
<LI><a href="#[50]">&gt;&gt;</a>&nbsp;&nbsp;&nbsp;HAL_RCC_ClockConfig
<LI><a href="#[4e]">&gt;&gt;</a>&nbsp;&nbsp;&nbsp;HAL_RCCEx_PeriphCLKConfig
<LI><a href="#[4d]">&gt;&gt;</a>&nbsp;&nbsp;&nbsp;HAL_PWREx_ControlVoltageScaling
<LI><a href="#[5b]">&gt;&gt;</a>&nbsp;&nbsp;&nbsp;__aeabi_memclr4
</UL>
<BR>[Called By]<UL><LI><a href="#[22]">&gt;&gt;</a>&nbsp;&nbsp;&nbsp;main
</UL>

<P><STRONG><a name="[23]"></a>SystemInit</STRONG> (Thumb, 10 bytes, Stack size 0 bytes, system_stm32g0xx.o(i.SystemInit))
<BR>[Address Reference Count : 1]<UL><LI> startup_stm32g070xx.o(.text)
</UL>
<P><STRONG><a name="[59]"></a>UART_AdvFeatureConfig</STRONG> (Thumb, 202 bytes, Stack size 8 bytes, stm32g0xx_hal_uart.o(i.UART_AdvFeatureConfig))
<BR><BR>[Stack]<UL><LI>Max Depth = 8<LI>Call Chain = UART_AdvFeatureConfig
</UL>
<BR>[Called By]<UL><LI><a href="#[56]">&gt;&gt;</a>&nbsp;&nbsp;&nbsp;HAL_UART_Init
</UL>

<P><STRONG><a name="[5a]"></a>UART_CheckIdleState</STRONG> (Thumb, 94 bytes, Stack size 32 bytes, stm32g0xx_hal_uart.o(i.UART_CheckIdleState))
<BR><BR>[Stack]<UL><LI>Max Depth = 72<LI>Call Chain = UART_CheckIdleState &rArr; UART_WaitOnFlagUntilTimeout
</UL>
<BR>[Calls]<UL><LI><a href="#[4f]">&gt;&gt;</a>&nbsp;&nbsp;&nbsp;HAL_GetTick
<LI><a href="#[5e]">&gt;&gt;</a>&nbsp;&nbsp;&nbsp;UART_WaitOnFlagUntilTimeout
</UL>
<BR>[Called By]<UL><LI><a href="#[56]">&gt;&gt;</a>&nbsp;&nbsp;&nbsp;HAL_UART_Init
</UL>

<P><STRONG><a name="[58]"></a>UART_SetConfig</STRONG> (Thumb, 744 bytes, Stack size 24 bytes, stm32g0xx_hal_uart.o(i.UART_SetConfig))
<BR><BR>[Stack]<UL><LI>Max Depth = 44<LI>Call Chain = UART_SetConfig &rArr; HAL_RCC_GetSysClockFreq &rArr; __aeabi_uidivmod
</UL>
<BR>[Calls]<UL><LI><a href="#[51]">&gt;&gt;</a>&nbsp;&nbsp;&nbsp;HAL_RCC_GetSysClockFreq
<LI><a href="#[63]">&gt;&gt;</a>&nbsp;&nbsp;&nbsp;HAL_RCC_GetPCLK1Freq
<LI><a href="#[3e]">&gt;&gt;</a>&nbsp;&nbsp;&nbsp;__aeabi_uidivmod
</UL>
<BR>[Called By]<UL><LI><a href="#[56]">&gt;&gt;</a>&nbsp;&nbsp;&nbsp;HAL_UART_Init
</UL>

<P><STRONG><a name="[5e]"></a>UART_WaitOnFlagUntilTimeout</STRONG> (Thumb, 102 bytes, Stack size 40 bytes, stm32g0xx_hal_uart.o(i.UART_WaitOnFlagUntilTimeout))
<BR><BR>[Stack]<UL><LI>Max Depth = 40<LI>Call Chain = UART_WaitOnFlagUntilTimeout
</UL>
<BR>[Calls]<UL><LI><a href="#[4f]">&gt;&gt;</a>&nbsp;&nbsp;&nbsp;HAL_GetTick
</UL>
<BR>[Called By]<UL><LI><a href="#[5a]">&gt;&gt;</a>&nbsp;&nbsp;&nbsp;UART_CheckIdleState
<LI><a href="#[5d]">&gt;&gt;</a>&nbsp;&nbsp;&nbsp;HAL_UART_Transmit
</UL>

<P><STRONG><a name="[64]"></a>__0printf$8</STRONG> (Thumb, 24 bytes, Stack size 24 bytes, printf8.o(i.__0printf$8), UNUSED)
<BR><BR>[Calls]<UL><LI><a href="#[65]">&gt;&gt;</a>&nbsp;&nbsp;&nbsp;_printf_core
</UL>

<P><STRONG><a name="[11b]"></a>__1printf$8</STRONG> (Thumb, 0 bytes, Stack size 24 bytes, printf8.o(i.__0printf$8), UNUSED)

<P><STRONG><a name="[fe]"></a>__2printf</STRONG> (Thumb, 0 bytes, Stack size 24 bytes, printf8.o(i.__0printf$8))
<BR><BR>[Stack]<UL><LI>Max Depth = 24<LI>Call Chain = __2printf
</UL>
<BR>[Called By]<UL><LI><a href="#[c0]">&gt;&gt;</a>&nbsp;&nbsp;&nbsp;sis_benchmark
<LI><a href="#[104]">&gt;&gt;</a>&nbsp;&nbsp;&nbsp;util_dump_buf
<LI><a href="#[103]">&gt;&gt;</a>&nbsp;&nbsp;&nbsp;sissdk_ecdsa_sha256
<LI><a href="#[102]">&gt;&gt;</a>&nbsp;&nbsp;&nbsp;sissdk_ecdsa_loadKeyPair
<LI><a href="#[101]">&gt;&gt;</a>&nbsp;&nbsp;&nbsp;sissdk_ecdsa_verify
<LI><a href="#[100]">&gt;&gt;</a>&nbsp;&nbsp;&nbsp;sissdk_ecdsa_sign
</UL>

<P><STRONG><a name="[fd]"></a>__ARM_common_ll_muluu</STRONG> (Thumb, 48 bytes, Stack size 24 bytes, bignum.o(i.__ARM_common_ll_muluu))
<BR><BR>[Stack]<UL><LI>Max Depth = 24<LI>Call Chain = __ARM_common_ll_muluu
</UL>
<BR>[Called By]<UL><LI><a href="#[f1]">&gt;&gt;</a>&nbsp;&nbsp;&nbsp;mpi_mul_hlp
</UL>

<P><STRONG><a name="[d8]"></a>__ARM_common_switch8</STRONG> (Thumb, 26 bytes, Stack size 8 bytes, stm32g0xx_hal_dma.o(i.__ARM_common_switch8))
<BR><BR>[Stack]<UL><LI>Max Depth = 8<LI>Call Chain = __ARM_common_switch8
</UL>
<BR>[Called By]<UL><LI><a href="#[d7]">&gt;&gt;</a>&nbsp;&nbsp;&nbsp;mbedtls_ecp_group_load
</UL>

<P><STRONG><a name="[11c]"></a>__scatterload_copy</STRONG> (Thumb, 14 bytes, Stack size unknown bytes, handlers.o(i.__scatterload_copy), UNUSED)

<P><STRONG><a name="[11d]"></a>__scatterload_null</STRONG> (Thumb, 2 bytes, Stack size unknown bytes, handlers.o(i.__scatterload_null), UNUSED)

<P><STRONG><a name="[11e]"></a>__scatterload_zeroinit</STRONG> (Thumb, 14 bytes, Stack size unknown bytes, handlers.o(i.__scatterload_zeroinit), UNUSED)

<P><STRONG><a name="[69]"></a>crc32</STRONG> (Thumb, 68 bytes, Stack size 24 bytes, sissdk_crc32.o(i.crc32))
<BR><BR>[Stack]<UL><LI>Max Depth = 40<LI>Call Chain = crc32 &rArr; reflect
</UL>
<BR>[Calls]<UL><LI><a href="#[6a]">&gt;&gt;</a>&nbsp;&nbsp;&nbsp;reflect
</UL>
<BR>[Called By]<UL><LI><a href="#[c0]">&gt;&gt;</a>&nbsp;&nbsp;&nbsp;sis_benchmark
</UL>

<P><STRONG><a name="[6b]"></a>decrypt_buffer_cbc</STRONG> (Thumb, 58 bytes, Stack size 48 bytes, sissdk_aes.o(i.decrypt_buffer_cbc))
<BR><BR>[Stack]<UL><LI>Max Depth = 2492<LI>Call Chain = decrypt_buffer_cbc &rArr; mbedtls_aes_setkey_dec &rArr; mbedtls_aes_setkey_enc &rArr; aes_gen_tables &rArr; __aeabi_idivmod &rArr; __aeabi_uidivmod
</UL>
<BR>[Calls]<UL><LI><a href="#[6d]">&gt;&gt;</a>&nbsp;&nbsp;&nbsp;mbedtls_aes_setkey_dec
<LI><a href="#[6c]">&gt;&gt;</a>&nbsp;&nbsp;&nbsp;mbedtls_aes_init
<LI><a href="#[6e]">&gt;&gt;</a>&nbsp;&nbsp;&nbsp;mbedtls_aes_crypt_cbc
</UL>
<BR>[Called By]<UL><LI><a href="#[c0]">&gt;&gt;</a>&nbsp;&nbsp;&nbsp;sis_benchmark
</UL>

<P><STRONG><a name="[be]"></a>encrypt_buffer_cbc</STRONG> (Thumb, 58 bytes, Stack size 48 bytes, sissdk_aes.o(i.encrypt_buffer_cbc))
<BR><BR>[Stack]<UL><LI>Max Depth = 2188<LI>Call Chain = encrypt_buffer_cbc &rArr; mbedtls_aes_setkey_enc &rArr; aes_gen_tables &rArr; __aeabi_idivmod &rArr; __aeabi_uidivmod
</UL>
<BR>[Calls]<UL><LI><a href="#[bf]">&gt;&gt;</a>&nbsp;&nbsp;&nbsp;mbedtls_aes_setkey_enc
<LI><a href="#[6c]">&gt;&gt;</a>&nbsp;&nbsp;&nbsp;mbedtls_aes_init
<LI><a href="#[6e]">&gt;&gt;</a>&nbsp;&nbsp;&nbsp;mbedtls_aes_crypt_cbc
</UL>
<BR>[Called By]<UL><LI><a href="#[c0]">&gt;&gt;</a>&nbsp;&nbsp;&nbsp;sis_benchmark
</UL>

<P><STRONG><a name="[25]"></a>fputc</STRONG> (Thumb, 24 bytes, Stack size 16 bytes, sissdk_utils.o(i.fputc))
<BR><BR>[Stack]<UL><LI>Max Depth = 112<LI>Call Chain = fputc &rArr; HAL_UART_Transmit &rArr; UART_WaitOnFlagUntilTimeout
</UL>
<BR>[Calls]<UL><LI><a href="#[5d]">&gt;&gt;</a>&nbsp;&nbsp;&nbsp;HAL_UART_Transmit
</UL>
<BR>[Address Reference Count : 1]<UL><LI> printf8.o(i.__0printf$8)
</UL>
<P><STRONG><a name="[b0]"></a>free</STRONG> (Thumb, 80 bytes, Stack size 8 bytes, malloc.o(i.free))
<BR><BR>[Stack]<UL><LI>Max Depth = 8<LI>Call Chain = free
</UL>
<BR>[Called By]<UL><LI><a href="#[36]">&gt;&gt;</a>&nbsp;&nbsp;&nbsp;sha224_ctx_free
<LI><a href="#[df]">&gt;&gt;</a>&nbsp;&nbsp;&nbsp;mbedtls_md_free
<LI><a href="#[bc]">&gt;&gt;</a>&nbsp;&nbsp;&nbsp;mbedtls_ecp_group_free
<LI><a href="#[b7]">&gt;&gt;</a>&nbsp;&nbsp;&nbsp;ecp_normalize_jac_many
<LI><a href="#[ab]">&gt;&gt;</a>&nbsp;&nbsp;&nbsp;ecp_mul_comb
<LI><a href="#[b8]">&gt;&gt;</a>&nbsp;&nbsp;&nbsp;mbedtls_mpi_shrink
<LI><a href="#[a4]">&gt;&gt;</a>&nbsp;&nbsp;&nbsp;mbedtls_mpi_grow
<LI><a href="#[7c]">&gt;&gt;</a>&nbsp;&nbsp;&nbsp;mbedtls_mpi_free
</UL>

<P><STRONG><a name="[22]"></a>main</STRONG> (Thumb, 64 bytes, Stack size 8 bytes, main.o(i.main))
<BR><BR>[Stack]<UL><LI>Max Depth = 2524<LI>Call Chain = main &rArr; sis_benchmark &rArr; decrypt_buffer_cbc &rArr; mbedtls_aes_setkey_dec &rArr; mbedtls_aes_setkey_enc &rArr; aes_gen_tables &rArr; __aeabi_idivmod &rArr; __aeabi_uidivmod
</UL>
<BR>[Calls]<UL><LI><a href="#[c0]">&gt;&gt;</a>&nbsp;&nbsp;&nbsp;sis_benchmark
<LI><a href="#[47]">&gt;&gt;</a>&nbsp;&nbsp;&nbsp;HAL_Init
<LI><a href="#[62]">&gt;&gt;</a>&nbsp;&nbsp;&nbsp;SystemClock_Config
<LI><a href="#[5f]">&gt;&gt;</a>&nbsp;&nbsp;&nbsp;MX_USART2_UART_Init
</UL>
<BR>[Address Reference Count : 1]<UL><LI> entry9a.o(.ARM.Collect$$$$0000000B)
</UL>
<P><STRONG><a name="[45]"></a>malloc</STRONG> (Thumb, 92 bytes, Stack size 20 bytes, malloc.o(i.malloc))
<BR><BR>[Stack]<UL><LI>Max Depth = 20<LI>Call Chain = malloc
</UL>
<BR>[Called By]<UL><LI><a href="#[44]">&gt;&gt;</a>&nbsp;&nbsp;&nbsp;calloc
</UL>

<P><STRONG><a name="[6e]"></a>mbedtls_aes_crypt_cbc</STRONG> (Thumb, 144 bytes, Stack size 56 bytes, aes.o(i.mbedtls_aes_crypt_cbc))
<BR><BR>[Stack]<UL><LI>Max Depth = 136<LI>Call Chain = mbedtls_aes_crypt_cbc &rArr; mbedtls_aes_crypt_ecb &rArr; mbedtls_internal_aes_encrypt
</UL>
<BR>[Calls]<UL><LI><a href="#[8a]">&gt;&gt;</a>&nbsp;&nbsp;&nbsp;__aeabi_memcpy
<LI><a href="#[c1]">&gt;&gt;</a>&nbsp;&nbsp;&nbsp;mbedtls_aes_crypt_ecb
</UL>
<BR>[Called By]<UL><LI><a href="#[be]">&gt;&gt;</a>&nbsp;&nbsp;&nbsp;encrypt_buffer_cbc
<LI><a href="#[6b]">&gt;&gt;</a>&nbsp;&nbsp;&nbsp;decrypt_buffer_cbc
</UL>

<P><STRONG><a name="[c1]"></a>mbedtls_aes_crypt_ecb</STRONG> (Thumb, 24 bytes, Stack size 8 bytes, aes.o(i.mbedtls_aes_crypt_ecb))
<BR><BR>[Stack]<UL><LI>Max Depth = 80<LI>Call Chain = mbedtls_aes_crypt_ecb &rArr; mbedtls_internal_aes_encrypt
</UL>
<BR>[Calls]<UL><LI><a href="#[c3]">&gt;&gt;</a>&nbsp;&nbsp;&nbsp;mbedtls_internal_aes_encrypt
<LI><a href="#[c2]">&gt;&gt;</a>&nbsp;&nbsp;&nbsp;mbedtls_internal_aes_decrypt
</UL>
<BR>[Called By]<UL><LI><a href="#[6e]">&gt;&gt;</a>&nbsp;&nbsp;&nbsp;mbedtls_aes_crypt_cbc
</UL>

<P><STRONG><a name="[c4]"></a>mbedtls_aes_free</STRONG> (Thumb, 16 bytes, Stack size 8 bytes, aes.o(i.mbedtls_aes_free))
<BR><BR>[Stack]<UL><LI>Max Depth = 8<LI>Call Chain = mbedtls_aes_free
</UL>
<BR>[Calls]<UL><LI><a href="#[c5]">&gt;&gt;</a>&nbsp;&nbsp;&nbsp;mbedtls_platform_zeroize
</UL>
<BR>[Called By]<UL><LI><a href="#[6d]">&gt;&gt;</a>&nbsp;&nbsp;&nbsp;mbedtls_aes_setkey_dec
</UL>

<P><STRONG><a name="[6c]"></a>mbedtls_aes_init</STRONG> (Thumb, 12 bytes, Stack size 8 bytes, aes.o(i.mbedtls_aes_init))
<BR><BR>[Stack]<UL><LI>Max Depth = 8<LI>Call Chain = mbedtls_aes_init
</UL>
<BR>[Calls]<UL><LI><a href="#[5b]">&gt;&gt;</a>&nbsp;&nbsp;&nbsp;__aeabi_memclr4
</UL>
<BR>[Called By]<UL><LI><a href="#[6d]">&gt;&gt;</a>&nbsp;&nbsp;&nbsp;mbedtls_aes_setkey_dec
<LI><a href="#[be]">&gt;&gt;</a>&nbsp;&nbsp;&nbsp;encrypt_buffer_cbc
<LI><a href="#[6b]">&gt;&gt;</a>&nbsp;&nbsp;&nbsp;decrypt_buffer_cbc
</UL>

<P><STRONG><a name="[6d]"></a>mbedtls_aes_setkey_dec</STRONG> (Thumb, 184 bytes, Stack size 304 bytes, aes.o(i.mbedtls_aes_setkey_dec))
<BR><BR>[Stack]<UL><LI>Max Depth = 2444<LI>Call Chain = mbedtls_aes_setkey_dec &rArr; mbedtls_aes_setkey_enc &rArr; aes_gen_tables &rArr; __aeabi_idivmod &rArr; __aeabi_uidivmod
</UL>
<BR>[Calls]<UL><LI><a href="#[c4]">&gt;&gt;</a>&nbsp;&nbsp;&nbsp;mbedtls_aes_free
<LI><a href="#[bf]">&gt;&gt;</a>&nbsp;&nbsp;&nbsp;mbedtls_aes_setkey_enc
<LI><a href="#[6c]">&gt;&gt;</a>&nbsp;&nbsp;&nbsp;mbedtls_aes_init
</UL>
<BR>[Called By]<UL><LI><a href="#[6b]">&gt;&gt;</a>&nbsp;&nbsp;&nbsp;decrypt_buffer_cbc
</UL>

<P><STRONG><a name="[bf]"></a>mbedtls_aes_setkey_enc</STRONG> (Thumb, 422 bytes, Stack size 40 bytes, aes.o(i.mbedtls_aes_setkey_enc))
<BR><BR>[Stack]<UL><LI>Max Depth = 2140<LI>Call Chain = mbedtls_aes_setkey_enc &rArr; aes_gen_tables &rArr; __aeabi_idivmod &rArr; __aeabi_uidivmod
</UL>
<BR>[Calls]<UL><LI><a href="#[68]">&gt;&gt;</a>&nbsp;&nbsp;&nbsp;aes_gen_tables
<LI><a href="#[c6]">&gt;&gt;</a>&nbsp;&nbsp;&nbsp;__aeabi_uread4
</UL>
<BR>[Called By]<UL><LI><a href="#[6d]">&gt;&gt;</a>&nbsp;&nbsp;&nbsp;mbedtls_aes_setkey_dec
<LI><a href="#[be]">&gt;&gt;</a>&nbsp;&nbsp;&nbsp;encrypt_buffer_cbc
</UL>

<P><STRONG><a name="[c7]"></a>mbedtls_asn1_get_len</STRONG> (Thumb, 172 bytes, Stack size 32 bytes, asn1parse.o(i.mbedtls_asn1_get_len))
<BR><BR>[Stack]<UL><LI>Max Depth = 32<LI>Call Chain = mbedtls_asn1_get_len
</UL>
<BR>[Calls]<UL><LI><a href="#[c6]">&gt;&gt;</a>&nbsp;&nbsp;&nbsp;__aeabi_uread4
</UL>
<BR>[Called By]<UL><LI><a href="#[c9]">&gt;&gt;</a>&nbsp;&nbsp;&nbsp;mbedtls_asn1_get_tag
</UL>

<P><STRONG><a name="[c8]"></a>mbedtls_asn1_get_mpi</STRONG> (Thumb, 38 bytes, Stack size 16 bytes, asn1parse.o(i.mbedtls_asn1_get_mpi))
<BR><BR>[Stack]<UL><LI>Max Depth = 124<LI>Call Chain = mbedtls_asn1_get_mpi &rArr; mbedtls_mpi_read_binary &rArr; mbedtls_mpi_lset &rArr; mbedtls_mpi_grow &rArr; calloc &rArr; malloc
</UL>
<BR>[Calls]<UL><LI><a href="#[70]">&gt;&gt;</a>&nbsp;&nbsp;&nbsp;mbedtls_mpi_read_binary
<LI><a href="#[c9]">&gt;&gt;</a>&nbsp;&nbsp;&nbsp;mbedtls_asn1_get_tag
</UL>
<BR>[Called By]<UL><LI><a href="#[d0]">&gt;&gt;</a>&nbsp;&nbsp;&nbsp;mbedtls_ecdsa_read_signature_restartable
</UL>

<P><STRONG><a name="[c9]"></a>mbedtls_asn1_get_tag</STRONG> (Thumb, 38 bytes, Stack size 16 bytes, asn1parse.o(i.mbedtls_asn1_get_tag))
<BR><BR>[Stack]<UL><LI>Max Depth = 48<LI>Call Chain = mbedtls_asn1_get_tag &rArr; mbedtls_asn1_get_len
</UL>
<BR>[Calls]<UL><LI><a href="#[c7]">&gt;&gt;</a>&nbsp;&nbsp;&nbsp;mbedtls_asn1_get_len
</UL>
<BR>[Called By]<UL><LI><a href="#[d0]">&gt;&gt;</a>&nbsp;&nbsp;&nbsp;mbedtls_ecdsa_read_signature_restartable
<LI><a href="#[c8]">&gt;&gt;</a>&nbsp;&nbsp;&nbsp;mbedtls_asn1_get_mpi
</UL>

<P><STRONG><a name="[88]"></a>mbedtls_asn1_write_len</STRONG> (Thumb, 202 bytes, Stack size 20 bytes, asn1write.o(i.mbedtls_asn1_write_len))
<BR><BR>[Stack]<UL><LI>Max Depth = 20<LI>Call Chain = mbedtls_asn1_write_len
</UL>
<BR>[Called By]<UL><LI><a href="#[86]">&gt;&gt;</a>&nbsp;&nbsp;&nbsp;ecdsa_signature_to_asn1
<LI><a href="#[87]">&gt;&gt;</a>&nbsp;&nbsp;&nbsp;mbedtls_asn1_write_mpi
</UL>

<P><STRONG><a name="[87]"></a>mbedtls_asn1_write_mpi</STRONG> (Thumb, 116 bytes, Stack size 32 bytes, asn1write.o(i.mbedtls_asn1_write_mpi))
<BR><BR>[Stack]<UL><LI>Max Depth = 52<LI>Call Chain = mbedtls_asn1_write_mpi &rArr; mbedtls_asn1_write_len
</UL>
<BR>[Calls]<UL><LI><a href="#[78]">&gt;&gt;</a>&nbsp;&nbsp;&nbsp;mbedtls_mpi_write_binary
<LI><a href="#[ca]">&gt;&gt;</a>&nbsp;&nbsp;&nbsp;mbedtls_mpi_size
<LI><a href="#[89]">&gt;&gt;</a>&nbsp;&nbsp;&nbsp;mbedtls_asn1_write_tag
<LI><a href="#[88]">&gt;&gt;</a>&nbsp;&nbsp;&nbsp;mbedtls_asn1_write_len
</UL>
<BR>[Called By]<UL><LI><a href="#[86]">&gt;&gt;</a>&nbsp;&nbsp;&nbsp;ecdsa_signature_to_asn1
</UL>

<P><STRONG><a name="[89]"></a>mbedtls_asn1_write_tag</STRONG> (Thumb, 24 bytes, Stack size 0 bytes, asn1write.o(i.mbedtls_asn1_write_tag))
<BR><BR>[Called By]<UL><LI><a href="#[86]">&gt;&gt;</a>&nbsp;&nbsp;&nbsp;ecdsa_signature_to_asn1
<LI><a href="#[87]">&gt;&gt;</a>&nbsp;&nbsp;&nbsp;mbedtls_asn1_write_mpi
</UL>

<P><STRONG><a name="[cb]"></a>mbedtls_ecdsa_free</STRONG> (Thumb, 12 bytes, Stack size 8 bytes, ecdsa.o(i.mbedtls_ecdsa_free))
<BR><BR>[Stack]<UL><LI>Max Depth = 56<LI>Call Chain = mbedtls_ecdsa_free &rArr; mbedtls_ecp_keypair_free &rArr; mbedtls_ecp_group_free &rArr; mbedtls_ecp_point_free &rArr; mbedtls_mpi_free &rArr; mbedtls_mpi_zeroize
</UL>
<BR>[Calls]<UL><LI><a href="#[cc]">&gt;&gt;</a>&nbsp;&nbsp;&nbsp;mbedtls_ecp_keypair_free
</UL>
<BR>[Called By]<UL><LI><a href="#[101]">&gt;&gt;</a>&nbsp;&nbsp;&nbsp;sissdk_ecdsa_verify
<LI><a href="#[100]">&gt;&gt;</a>&nbsp;&nbsp;&nbsp;sissdk_ecdsa_sign
</UL>

<P><STRONG><a name="[cd]"></a>mbedtls_ecdsa_init</STRONG> (Thumb, 8 bytes, Stack size 8 bytes, ecdsa.o(i.mbedtls_ecdsa_init))
<BR><BR>[Stack]<UL><LI>Max Depth = 40<LI>Call Chain = mbedtls_ecdsa_init &rArr; mbedtls_ecp_keypair_init &rArr; mbedtls_ecp_group_init &rArr; mbedtls_ecp_point_init
</UL>
<BR>[Calls]<UL><LI><a href="#[ce]">&gt;&gt;</a>&nbsp;&nbsp;&nbsp;mbedtls_ecp_keypair_init
</UL>
<BR>[Called By]<UL><LI><a href="#[101]">&gt;&gt;</a>&nbsp;&nbsp;&nbsp;sissdk_ecdsa_verify
<LI><a href="#[100]">&gt;&gt;</a>&nbsp;&nbsp;&nbsp;sissdk_ecdsa_sign
</UL>

<P><STRONG><a name="[cf]"></a>mbedtls_ecdsa_read_signature</STRONG> (Thumb, 16 bytes, Stack size 24 bytes, ecdsa.o(i.mbedtls_ecdsa_read_signature))
<BR><BR>[Stack]<UL><LI>Max Depth = 1524<LI>Call Chain = mbedtls_ecdsa_read_signature &rArr; mbedtls_ecdsa_read_signature_restartable &rArr; ecdsa_verify_restartable &rArr; mbedtls_ecp_muladd_restartable &rArr; mbedtls_ecp_mul_shortcuts &rArr; mbedtls_ecp_mul_restartable &rArr; ecp_mul_comb &rArr; ecp_precompute_comb &rArr; ecp_normalize_jac_many &rArr; ecp_normalize_jac &rArr; mbedtls_mpi_inv_mod &rArr; mbedtls_mpi_mod_mpi &rArr; mbedtls_mpi_div_mpi &rArr; mbedtls_mpi_mul_int &rArr; mbedtls_mpi_mul_mpi &rArr; mbedtls_mpi_copy &rArr; mbedtls_mpi_grow &rArr; calloc &rArr; malloc
</UL>
<BR>[Calls]<UL><LI><a href="#[d0]">&gt;&gt;</a>&nbsp;&nbsp;&nbsp;mbedtls_ecdsa_read_signature_restartable
</UL>
<BR>[Called By]<UL><LI><a href="#[101]">&gt;&gt;</a>&nbsp;&nbsp;&nbsp;sissdk_ecdsa_verify
</UL>

<P><STRONG><a name="[d0]"></a>mbedtls_ecdsa_read_signature_restartable</STRONG> (Thumb, 146 bytes, Stack size 80 bytes, ecdsa.o(i.mbedtls_ecdsa_read_signature_restartable))
<BR><BR>[Stack]<UL><LI>Max Depth = 1500<LI>Call Chain = mbedtls_ecdsa_read_signature_restartable &rArr; ecdsa_verify_restartable &rArr; mbedtls_ecp_muladd_restartable &rArr; mbedtls_ecp_mul_shortcuts &rArr; mbedtls_ecp_mul_restartable &rArr; ecp_mul_comb &rArr; ecp_precompute_comb &rArr; ecp_normalize_jac_many &rArr; ecp_normalize_jac &rArr; mbedtls_mpi_inv_mod &rArr; mbedtls_mpi_mod_mpi &rArr; mbedtls_mpi_div_mpi &rArr; mbedtls_mpi_mul_int &rArr; mbedtls_mpi_mul_mpi &rArr; mbedtls_mpi_copy &rArr; mbedtls_mpi_grow &rArr; calloc &rArr; malloc
</UL>
<BR>[Calls]<UL><LI><a href="#[8b]">&gt;&gt;</a>&nbsp;&nbsp;&nbsp;ecdsa_verify_restartable
<LI><a href="#[76]">&gt;&gt;</a>&nbsp;&nbsp;&nbsp;mbedtls_mpi_init
<LI><a href="#[7c]">&gt;&gt;</a>&nbsp;&nbsp;&nbsp;mbedtls_mpi_free
<LI><a href="#[c9]">&gt;&gt;</a>&nbsp;&nbsp;&nbsp;mbedtls_asn1_get_tag
<LI><a href="#[c8]">&gt;&gt;</a>&nbsp;&nbsp;&nbsp;mbedtls_asn1_get_mpi
</UL>
<BR>[Called By]<UL><LI><a href="#[cf]">&gt;&gt;</a>&nbsp;&nbsp;&nbsp;mbedtls_ecdsa_read_signature
</UL>

<P><STRONG><a name="[d1]"></a>mbedtls_ecdsa_write_signature</STRONG> (Thumb, 30 bytes, Stack size 40 bytes, ecdsa.o(i.mbedtls_ecdsa_write_signature))
<BR><BR>[Stack]<UL><LI>Max Depth = 1668<LI>Call Chain = mbedtls_ecdsa_write_signature &rArr; mbedtls_ecdsa_write_signature_restartable &rArr; ecdsa_sign_det_restartable &rArr; ecdsa_sign_restartable &rArr; mbedtls_ecp_mul_restartable &rArr; ecp_mul_comb &rArr; ecp_precompute_comb &rArr; ecp_normalize_jac_many &rArr; ecp_normalize_jac &rArr; mbedtls_mpi_inv_mod &rArr; mbedtls_mpi_mod_mpi &rArr; mbedtls_mpi_div_mpi &rArr; mbedtls_mpi_mul_int &rArr; mbedtls_mpi_mul_mpi &rArr; mbedtls_mpi_copy &rArr; mbedtls_mpi_grow &rArr; calloc &rArr; malloc
</UL>
<BR>[Calls]<UL><LI><a href="#[d2]">&gt;&gt;</a>&nbsp;&nbsp;&nbsp;mbedtls_ecdsa_write_signature_restartable
</UL>
<BR>[Called By]<UL><LI><a href="#[100]">&gt;&gt;</a>&nbsp;&nbsp;&nbsp;sissdk_ecdsa_sign
</UL>

<P><STRONG><a name="[d2]"></a>mbedtls_ecdsa_write_signature_restartable</STRONG> (Thumb, 84 bytes, Stack size 64 bytes, ecdsa.o(i.mbedtls_ecdsa_write_signature_restartable))
<BR><BR>[Stack]<UL><LI>Max Depth = 1628<LI>Call Chain = mbedtls_ecdsa_write_signature_restartable &rArr; ecdsa_sign_det_restartable &rArr; ecdsa_sign_restartable &rArr; mbedtls_ecp_mul_restartable &rArr; ecp_mul_comb &rArr; ecp_precompute_comb &rArr; ecp_normalize_jac_many &rArr; ecp_normalize_jac &rArr; mbedtls_mpi_inv_mod &rArr; mbedtls_mpi_mod_mpi &rArr; mbedtls_mpi_div_mpi &rArr; mbedtls_mpi_mul_int &rArr; mbedtls_mpi_mul_mpi &rArr; mbedtls_mpi_copy &rArr; mbedtls_mpi_grow &rArr; calloc &rArr; malloc
</UL>
<BR>[Calls]<UL><LI><a href="#[86]">&gt;&gt;</a>&nbsp;&nbsp;&nbsp;ecdsa_signature_to_asn1
<LI><a href="#[74]">&gt;&gt;</a>&nbsp;&nbsp;&nbsp;ecdsa_sign_det_restartable
<LI><a href="#[76]">&gt;&gt;</a>&nbsp;&nbsp;&nbsp;mbedtls_mpi_init
<LI><a href="#[7c]">&gt;&gt;</a>&nbsp;&nbsp;&nbsp;mbedtls_mpi_free
</UL>
<BR>[Called By]<UL><LI><a href="#[d1]">&gt;&gt;</a>&nbsp;&nbsp;&nbsp;mbedtls_ecdsa_write_signature
</UL>

<P><STRONG><a name="[d3]"></a>mbedtls_ecp_check_privkey</STRONG> (Thumb, 120 bytes, Stack size 16 bytes, ecp.o(i.mbedtls_ecp_check_privkey))
<BR><BR>[Stack]<UL><LI>Max Depth = 48<LI>Call Chain = mbedtls_ecp_check_privkey &rArr; mbedtls_mpi_cmp_int &rArr; mbedtls_mpi_cmp_mpi
</UL>
<BR>[Calls]<UL><LI><a href="#[d4]">&gt;&gt;</a>&nbsp;&nbsp;&nbsp;mbedtls_ecp_get_type
<LI><a href="#[99]">&gt;&gt;</a>&nbsp;&nbsp;&nbsp;mbedtls_mpi_get_bit
<LI><a href="#[72]">&gt;&gt;</a>&nbsp;&nbsp;&nbsp;mbedtls_mpi_cmp_mpi
<LI><a href="#[7d]">&gt;&gt;</a>&nbsp;&nbsp;&nbsp;mbedtls_mpi_cmp_int
<LI><a href="#[a0]">&gt;&gt;</a>&nbsp;&nbsp;&nbsp;mbedtls_mpi_bitlen
</UL>
<BR>[Called By]<UL><LI><a href="#[80]">&gt;&gt;</a>&nbsp;&nbsp;&nbsp;mbedtls_ecp_mul_restartable
</UL>

<P><STRONG><a name="[d5]"></a>mbedtls_ecp_check_pubkey</STRONG> (Thumb, 80 bytes, Stack size 16 bytes, ecp.o(i.mbedtls_ecp_check_pubkey))
<BR><BR>[Stack]<UL><LI>Max Depth = 372<LI>Call Chain = mbedtls_ecp_check_pubkey &rArr; ecp_check_pubkey_sw &rArr; ecp_modp &rArr; mbedtls_mpi_mod_mpi &rArr; mbedtls_mpi_div_mpi &rArr; mbedtls_mpi_mul_int &rArr; mbedtls_mpi_mul_mpi &rArr; mbedtls_mpi_copy &rArr; mbedtls_mpi_grow &rArr; calloc &rArr; malloc
</UL>
<BR>[Calls]<UL><LI><a href="#[d4]">&gt;&gt;</a>&nbsp;&nbsp;&nbsp;mbedtls_ecp_get_type
<LI><a href="#[96]">&gt;&gt;</a>&nbsp;&nbsp;&nbsp;ecp_check_pubkey_sw
<LI><a href="#[7d]">&gt;&gt;</a>&nbsp;&nbsp;&nbsp;mbedtls_mpi_cmp_int
<LI><a href="#[ca]">&gt;&gt;</a>&nbsp;&nbsp;&nbsp;mbedtls_mpi_size
</UL>
<BR>[Called By]<UL><LI><a href="#[80]">&gt;&gt;</a>&nbsp;&nbsp;&nbsp;mbedtls_ecp_mul_restartable
</UL>

<P><STRONG><a name="[8f]"></a>mbedtls_ecp_copy</STRONG> (Thumb, 44 bytes, Stack size 16 bytes, ecp.o(i.mbedtls_ecp_copy))
<BR><BR>[Stack]<UL><LI>Max Depth = 92<LI>Call Chain = mbedtls_ecp_copy &rArr; mbedtls_mpi_copy &rArr; mbedtls_mpi_grow &rArr; calloc &rArr; malloc
</UL>
<BR>[Calls]<UL><LI><a href="#[95]">&gt;&gt;</a>&nbsp;&nbsp;&nbsp;mbedtls_mpi_copy
</UL>
<BR>[Called By]<UL><LI><a href="#[d9]">&gt;&gt;</a>&nbsp;&nbsp;&nbsp;mbedtls_ecp_mul_shortcuts
<LI><a href="#[ac]">&gt;&gt;</a>&nbsp;&nbsp;&nbsp;ecp_precompute_comb
<LI><a href="#[b4]">&gt;&gt;</a>&nbsp;&nbsp;&nbsp;ecp_mul_mxz
<LI><a href="#[8e]">&gt;&gt;</a>&nbsp;&nbsp;&nbsp;ecp_add_mixed
</UL>

<P><STRONG><a name="[de]"></a>mbedtls_ecp_curve_info_from_tls_id</STRONG> (Thumb, 24 bytes, Stack size 0 bytes, ecp.o(i.mbedtls_ecp_curve_info_from_tls_id))
<BR><BR>[Called By]<UL><LI><a href="#[dd]">&gt;&gt;</a>&nbsp;&nbsp;&nbsp;mbedtls_ecp_tls_read_group_id
</UL>

<P><STRONG><a name="[7f]"></a>mbedtls_ecp_gen_privkey</STRONG> (Thumb, 236 bytes, Stack size 48 bytes, ecp.o(i.mbedtls_ecp_gen_privkey))
<BR><BR>[Stack]<UL><LI>Max Depth = 156<LI>Call Chain = mbedtls_ecp_gen_privkey &rArr; mbedtls_mpi_fill_random &rArr; mbedtls_mpi_lset &rArr; mbedtls_mpi_grow &rArr; calloc &rArr; malloc
</UL>
<BR>[Calls]<UL><LI><a href="#[d4]">&gt;&gt;</a>&nbsp;&nbsp;&nbsp;mbedtls_ecp_get_type
<LI><a href="#[71]">&gt;&gt;</a>&nbsp;&nbsp;&nbsp;mbedtls_mpi_shift_r
<LI><a href="#[aa]">&gt;&gt;</a>&nbsp;&nbsp;&nbsp;mbedtls_mpi_set_bit
<LI><a href="#[b9]">&gt;&gt;</a>&nbsp;&nbsp;&nbsp;mbedtls_mpi_fill_random
<LI><a href="#[72]">&gt;&gt;</a>&nbsp;&nbsp;&nbsp;mbedtls_mpi_cmp_mpi
<LI><a href="#[7d]">&gt;&gt;</a>&nbsp;&nbsp;&nbsp;mbedtls_mpi_cmp_int
<LI><a href="#[a0]">&gt;&gt;</a>&nbsp;&nbsp;&nbsp;mbedtls_mpi_bitlen
</UL>
<BR>[Called By]<UL><LI><a href="#[7a]">&gt;&gt;</a>&nbsp;&nbsp;&nbsp;ecdsa_sign_restartable
</UL>

<P><STRONG><a name="[d4]"></a>mbedtls_ecp_get_type</STRONG> (Thumb, 24 bytes, Stack size 0 bytes, ecp.o(i.mbedtls_ecp_get_type))
<BR><BR>[Called By]<UL><LI><a href="#[d5]">&gt;&gt;</a>&nbsp;&nbsp;&nbsp;mbedtls_ecp_check_pubkey
<LI><a href="#[d3]">&gt;&gt;</a>&nbsp;&nbsp;&nbsp;mbedtls_ecp_check_privkey
<LI><a href="#[da]">&gt;&gt;</a>&nbsp;&nbsp;&nbsp;mbedtls_ecp_point_read_binary
<LI><a href="#[8c]">&gt;&gt;</a>&nbsp;&nbsp;&nbsp;mbedtls_ecp_muladd_restartable
<LI><a href="#[80]">&gt;&gt;</a>&nbsp;&nbsp;&nbsp;mbedtls_ecp_mul_restartable
<LI><a href="#[7f]">&gt;&gt;</a>&nbsp;&nbsp;&nbsp;mbedtls_ecp_gen_privkey
</UL>

<P><STRONG><a name="[bc]"></a>mbedtls_ecp_group_free</STRONG> (Thumb, 96 bytes, Stack size 16 bytes, ecp.o(i.mbedtls_ecp_group_free))
<BR><BR>[Stack]<UL><LI>Max Depth = 40<LI>Call Chain = mbedtls_ecp_group_free &rArr; mbedtls_ecp_point_free &rArr; mbedtls_mpi_free &rArr; mbedtls_mpi_zeroize
</UL>
<BR>[Calls]<UL><LI><a href="#[c5]">&gt;&gt;</a>&nbsp;&nbsp;&nbsp;mbedtls_platform_zeroize
<LI><a href="#[85]">&gt;&gt;</a>&nbsp;&nbsp;&nbsp;mbedtls_ecp_point_free
<LI><a href="#[7c]">&gt;&gt;</a>&nbsp;&nbsp;&nbsp;mbedtls_mpi_free
<LI><a href="#[b0]">&gt;&gt;</a>&nbsp;&nbsp;&nbsp;free
</UL>
<BR>[Called By]<UL><LI><a href="#[bd]">&gt;&gt;</a>&nbsp;&nbsp;&nbsp;ecp_use_curve448
<LI><a href="#[ba]">&gt;&gt;</a>&nbsp;&nbsp;&nbsp;ecp_use_curve25519
<LI><a href="#[cc]">&gt;&gt;</a>&nbsp;&nbsp;&nbsp;mbedtls_ecp_keypair_free
<LI><a href="#[d7]">&gt;&gt;</a>&nbsp;&nbsp;&nbsp;mbedtls_ecp_group_load
</UL>

<P><STRONG><a name="[d6]"></a>mbedtls_ecp_group_init</STRONG> (Thumb, 66 bytes, Stack size 16 bytes, ecp.o(i.mbedtls_ecp_group_init))
<BR><BR>[Stack]<UL><LI>Max Depth = 24<LI>Call Chain = mbedtls_ecp_group_init &rArr; mbedtls_ecp_point_init
</UL>
<BR>[Calls]<UL><LI><a href="#[7e]">&gt;&gt;</a>&nbsp;&nbsp;&nbsp;mbedtls_ecp_point_init
<LI><a href="#[76]">&gt;&gt;</a>&nbsp;&nbsp;&nbsp;mbedtls_mpi_init
</UL>
<BR>[Called By]<UL><LI><a href="#[ce]">&gt;&gt;</a>&nbsp;&nbsp;&nbsp;mbedtls_ecp_keypair_init
</UL>

<P><STRONG><a name="[d7]"></a>mbedtls_ecp_group_load</STRONG> (Thumb, 544 bytes, Stack size 56 bytes, ecp_curves.o(i.mbedtls_ecp_group_load))
<BR><BR>[Stack]<UL><LI>Max Depth = 308<LI>Call Chain = mbedtls_ecp_group_load &rArr; ecp_use_curve448 &rArr; mbedtls_mpi_read_string &rArr; mbedtls_mpi_mul_int &rArr; mbedtls_mpi_mul_mpi &rArr; mbedtls_mpi_copy &rArr; mbedtls_mpi_grow &rArr; calloc &rArr; malloc
</UL>
<BR>[Calls]<UL><LI><a href="#[bd]">&gt;&gt;</a>&nbsp;&nbsp;&nbsp;ecp_use_curve448
<LI><a href="#[ba]">&gt;&gt;</a>&nbsp;&nbsp;&nbsp;ecp_use_curve25519
<LI><a href="#[9e]">&gt;&gt;</a>&nbsp;&nbsp;&nbsp;ecp_group_load
<LI><a href="#[bc]">&gt;&gt;</a>&nbsp;&nbsp;&nbsp;mbedtls_ecp_group_free
<LI><a href="#[d8]">&gt;&gt;</a>&nbsp;&nbsp;&nbsp;__ARM_common_switch8
</UL>
<BR>[Called By]<UL><LI><a href="#[dc]">&gt;&gt;</a>&nbsp;&nbsp;&nbsp;mbedtls_ecp_tls_read_group
</UL>

<P><STRONG><a name="[8d]"></a>mbedtls_ecp_is_zero</STRONG> (Thumb, 22 bytes, Stack size 8 bytes, ecp.o(i.mbedtls_ecp_is_zero))
<BR><BR>[Stack]<UL><LI>Max Depth = 40<LI>Call Chain = mbedtls_ecp_is_zero &rArr; mbedtls_mpi_cmp_int &rArr; mbedtls_mpi_cmp_mpi
</UL>
<BR>[Calls]<UL><LI><a href="#[7d]">&gt;&gt;</a>&nbsp;&nbsp;&nbsp;mbedtls_mpi_cmp_int
</UL>
<BR>[Called By]<UL><LI><a href="#[8b]">&gt;&gt;</a>&nbsp;&nbsp;&nbsp;ecdsa_verify_restartable
</UL>

<P><STRONG><a name="[cc]"></a>mbedtls_ecp_keypair_free</STRONG> (Thumb, 28 bytes, Stack size 8 bytes, ecp.o(i.mbedtls_ecp_keypair_free))
<BR><BR>[Stack]<UL><LI>Max Depth = 48<LI>Call Chain = mbedtls_ecp_keypair_free &rArr; mbedtls_ecp_group_free &rArr; mbedtls_ecp_point_free &rArr; mbedtls_mpi_free &rArr; mbedtls_mpi_zeroize
</UL>
<BR>[Calls]<UL><LI><a href="#[bc]">&gt;&gt;</a>&nbsp;&nbsp;&nbsp;mbedtls_ecp_group_free
<LI><a href="#[85]">&gt;&gt;</a>&nbsp;&nbsp;&nbsp;mbedtls_ecp_point_free
<LI><a href="#[7c]">&gt;&gt;</a>&nbsp;&nbsp;&nbsp;mbedtls_mpi_free
</UL>
<BR>[Called By]<UL><LI><a href="#[cb]">&gt;&gt;</a>&nbsp;&nbsp;&nbsp;mbedtls_ecdsa_free
</UL>

<P><STRONG><a name="[ce]"></a>mbedtls_ecp_keypair_init</STRONG> (Thumb, 26 bytes, Stack size 8 bytes, ecp.o(i.mbedtls_ecp_keypair_init))
<BR><BR>[Stack]<UL><LI>Max Depth = 32<LI>Call Chain = mbedtls_ecp_keypair_init &rArr; mbedtls_ecp_group_init &rArr; mbedtls_ecp_point_init
</UL>
<BR>[Calls]<UL><LI><a href="#[d6]">&gt;&gt;</a>&nbsp;&nbsp;&nbsp;mbedtls_ecp_group_init
<LI><a href="#[7e]">&gt;&gt;</a>&nbsp;&nbsp;&nbsp;mbedtls_ecp_point_init
<LI><a href="#[76]">&gt;&gt;</a>&nbsp;&nbsp;&nbsp;mbedtls_mpi_init
</UL>
<BR>[Called By]<UL><LI><a href="#[cd]">&gt;&gt;</a>&nbsp;&nbsp;&nbsp;mbedtls_ecdsa_init
</UL>

<P><STRONG><a name="[80]"></a>mbedtls_ecp_mul_restartable</STRONG> (Thumb, 96 bytes, Stack size 48 bytes, ecp.o(i.mbedtls_ecp_mul_restartable))
<BR><BR>[Stack]<UL><LI>Max Depth = 1140<LI>Call Chain = mbedtls_ecp_mul_restartable &rArr; ecp_mul_comb &rArr; ecp_precompute_comb &rArr; ecp_normalize_jac_many &rArr; ecp_normalize_jac &rArr; mbedtls_mpi_inv_mod &rArr; mbedtls_mpi_mod_mpi &rArr; mbedtls_mpi_div_mpi &rArr; mbedtls_mpi_mul_int &rArr; mbedtls_mpi_mul_mpi &rArr; mbedtls_mpi_copy &rArr; mbedtls_mpi_grow &rArr; calloc &rArr; malloc
</UL>
<BR>[Calls]<UL><LI><a href="#[d4]">&gt;&gt;</a>&nbsp;&nbsp;&nbsp;mbedtls_ecp_get_type
<LI><a href="#[d5]">&gt;&gt;</a>&nbsp;&nbsp;&nbsp;mbedtls_ecp_check_pubkey
<LI><a href="#[d3]">&gt;&gt;</a>&nbsp;&nbsp;&nbsp;mbedtls_ecp_check_privkey
<LI><a href="#[b4]">&gt;&gt;</a>&nbsp;&nbsp;&nbsp;ecp_mul_mxz
<LI><a href="#[ab]">&gt;&gt;</a>&nbsp;&nbsp;&nbsp;ecp_mul_comb
</UL>
<BR>[Called By]<UL><LI><a href="#[d9]">&gt;&gt;</a>&nbsp;&nbsp;&nbsp;mbedtls_ecp_mul_shortcuts
<LI><a href="#[7a]">&gt;&gt;</a>&nbsp;&nbsp;&nbsp;ecdsa_sign_restartable
</UL>

<P><STRONG><a name="[8c]"></a>mbedtls_ecp_muladd_restartable</STRONG> (Thumb, 106 bytes, Stack size 80 bytes, ecp.o(i.mbedtls_ecp_muladd_restartable))
<BR><BR>[Stack]<UL><LI>Max Depth = 1268<LI>Call Chain = mbedtls_ecp_muladd_restartable &rArr; mbedtls_ecp_mul_shortcuts &rArr; mbedtls_ecp_mul_restartable &rArr; ecp_mul_comb &rArr; ecp_precompute_comb &rArr; ecp_normalize_jac_many &rArr; ecp_normalize_jac &rArr; mbedtls_mpi_inv_mod &rArr; mbedtls_mpi_mod_mpi &rArr; mbedtls_mpi_div_mpi &rArr; mbedtls_mpi_mul_int &rArr; mbedtls_mpi_mul_mpi &rArr; mbedtls_mpi_copy &rArr; mbedtls_mpi_grow &rArr; calloc &rArr; malloc
</UL>
<BR>[Calls]<UL><LI><a href="#[d4]">&gt;&gt;</a>&nbsp;&nbsp;&nbsp;mbedtls_ecp_get_type
<LI><a href="#[d9]">&gt;&gt;</a>&nbsp;&nbsp;&nbsp;mbedtls_ecp_mul_shortcuts
<LI><a href="#[af]">&gt;&gt;</a>&nbsp;&nbsp;&nbsp;ecp_normalize_jac
<LI><a href="#[8e]">&gt;&gt;</a>&nbsp;&nbsp;&nbsp;ecp_add_mixed
<LI><a href="#[7e]">&gt;&gt;</a>&nbsp;&nbsp;&nbsp;mbedtls_ecp_point_init
<LI><a href="#[85]">&gt;&gt;</a>&nbsp;&nbsp;&nbsp;mbedtls_ecp_point_free
</UL>
<BR>[Called By]<UL><LI><a href="#[8b]">&gt;&gt;</a>&nbsp;&nbsp;&nbsp;ecdsa_verify_restartable
</UL>

<P><STRONG><a name="[85]"></a>mbedtls_ecp_point_free</STRONG> (Thumb, 28 bytes, Stack size 8 bytes, ecp.o(i.mbedtls_ecp_point_free))
<BR><BR>[Stack]<UL><LI>Max Depth = 24<LI>Call Chain = mbedtls_ecp_point_free &rArr; mbedtls_mpi_free &rArr; mbedtls_mpi_zeroize
</UL>
<BR>[Calls]<UL><LI><a href="#[7c]">&gt;&gt;</a>&nbsp;&nbsp;&nbsp;mbedtls_mpi_free
</UL>
<BR>[Called By]<UL><LI><a href="#[bc]">&gt;&gt;</a>&nbsp;&nbsp;&nbsp;mbedtls_ecp_group_free
<LI><a href="#[b4]">&gt;&gt;</a>&nbsp;&nbsp;&nbsp;ecp_mul_mxz
<LI><a href="#[ad]">&gt;&gt;</a>&nbsp;&nbsp;&nbsp;ecp_mul_comb_core
<LI><a href="#[ab]">&gt;&gt;</a>&nbsp;&nbsp;&nbsp;ecp_mul_comb
<LI><a href="#[8c]">&gt;&gt;</a>&nbsp;&nbsp;&nbsp;mbedtls_ecp_muladd_restartable
<LI><a href="#[cc]">&gt;&gt;</a>&nbsp;&nbsp;&nbsp;mbedtls_ecp_keypair_free
<LI><a href="#[8b]">&gt;&gt;</a>&nbsp;&nbsp;&nbsp;ecdsa_verify_restartable
<LI><a href="#[7a]">&gt;&gt;</a>&nbsp;&nbsp;&nbsp;ecdsa_sign_restartable
</UL>

<P><STRONG><a name="[7e]"></a>mbedtls_ecp_point_init</STRONG> (Thumb, 26 bytes, Stack size 8 bytes, ecp.o(i.mbedtls_ecp_point_init))
<BR><BR>[Stack]<UL><LI>Max Depth = 8<LI>Call Chain = mbedtls_ecp_point_init
</UL>
<BR>[Calls]<UL><LI><a href="#[76]">&gt;&gt;</a>&nbsp;&nbsp;&nbsp;mbedtls_mpi_init
</UL>
<BR>[Called By]<UL><LI><a href="#[d6]">&gt;&gt;</a>&nbsp;&nbsp;&nbsp;mbedtls_ecp_group_init
<LI><a href="#[b4]">&gt;&gt;</a>&nbsp;&nbsp;&nbsp;ecp_mul_mxz
<LI><a href="#[ad]">&gt;&gt;</a>&nbsp;&nbsp;&nbsp;ecp_mul_comb_core
<LI><a href="#[ab]">&gt;&gt;</a>&nbsp;&nbsp;&nbsp;ecp_mul_comb
<LI><a href="#[8c]">&gt;&gt;</a>&nbsp;&nbsp;&nbsp;mbedtls_ecp_muladd_restartable
<LI><a href="#[ce]">&gt;&gt;</a>&nbsp;&nbsp;&nbsp;mbedtls_ecp_keypair_init
<LI><a href="#[8b]">&gt;&gt;</a>&nbsp;&nbsp;&nbsp;ecdsa_verify_restartable
<LI><a href="#[7a]">&gt;&gt;</a>&nbsp;&nbsp;&nbsp;ecdsa_sign_restartable
</UL>

<P><STRONG><a name="[da]"></a>mbedtls_ecp_point_read_binary</STRONG> (Thumb, 212 bytes, Stack size 56 bytes, ecp.o(i.mbedtls_ecp_point_read_binary))
<BR><BR>[Stack]<UL><LI>Max Depth = 164<LI>Call Chain = mbedtls_ecp_point_read_binary &rArr; mbedtls_mpi_read_binary &rArr; mbedtls_mpi_lset &rArr; mbedtls_mpi_grow &rArr; calloc &rArr; malloc
</UL>
<BR>[Calls]<UL><LI><a href="#[91]">&gt;&gt;</a>&nbsp;&nbsp;&nbsp;mbedtls_ecp_set_zero
<LI><a href="#[d4]">&gt;&gt;</a>&nbsp;&nbsp;&nbsp;mbedtls_ecp_get_type
<LI><a href="#[70]">&gt;&gt;</a>&nbsp;&nbsp;&nbsp;mbedtls_mpi_read_binary
<LI><a href="#[aa]">&gt;&gt;</a>&nbsp;&nbsp;&nbsp;mbedtls_mpi_set_bit
<LI><a href="#[db]">&gt;&gt;</a>&nbsp;&nbsp;&nbsp;mbedtls_mpi_read_binary_le
<LI><a href="#[b2]">&gt;&gt;</a>&nbsp;&nbsp;&nbsp;mbedtls_mpi_lset
<LI><a href="#[7c]">&gt;&gt;</a>&nbsp;&nbsp;&nbsp;mbedtls_mpi_free
<LI><a href="#[ca]">&gt;&gt;</a>&nbsp;&nbsp;&nbsp;mbedtls_mpi_size
</UL>
<BR>[Called By]<UL><LI><a href="#[102]">&gt;&gt;</a>&nbsp;&nbsp;&nbsp;sissdk_ecdsa_loadKeyPair
</UL>

<P><STRONG><a name="[91]"></a>mbedtls_ecp_set_zero</STRONG> (Thumb, 40 bytes, Stack size 8 bytes, ecp.o(i.mbedtls_ecp_set_zero))
<BR><BR>[Stack]<UL><LI>Max Depth = 76<LI>Call Chain = mbedtls_ecp_set_zero &rArr; mbedtls_mpi_lset &rArr; mbedtls_mpi_grow &rArr; calloc &rArr; malloc
</UL>
<BR>[Calls]<UL><LI><a href="#[b2]">&gt;&gt;</a>&nbsp;&nbsp;&nbsp;mbedtls_mpi_lset
</UL>
<BR>[Called By]<UL><LI><a href="#[8e]">&gt;&gt;</a>&nbsp;&nbsp;&nbsp;ecp_add_mixed
<LI><a href="#[da]">&gt;&gt;</a>&nbsp;&nbsp;&nbsp;mbedtls_ecp_point_read_binary
</UL>

<P><STRONG><a name="[dc]"></a>mbedtls_ecp_tls_read_group</STRONG> (Thumb, 26 bytes, Stack size 16 bytes, ecp.o(i.mbedtls_ecp_tls_read_group))
<BR><BR>[Stack]<UL><LI>Max Depth = 324<LI>Call Chain = mbedtls_ecp_tls_read_group &rArr; mbedtls_ecp_group_load &rArr; ecp_use_curve448 &rArr; mbedtls_mpi_read_string &rArr; mbedtls_mpi_mul_int &rArr; mbedtls_mpi_mul_mpi &rArr; mbedtls_mpi_copy &rArr; mbedtls_mpi_grow &rArr; calloc &rArr; malloc
</UL>
<BR>[Calls]<UL><LI><a href="#[dd]">&gt;&gt;</a>&nbsp;&nbsp;&nbsp;mbedtls_ecp_tls_read_group_id
<LI><a href="#[d7]">&gt;&gt;</a>&nbsp;&nbsp;&nbsp;mbedtls_ecp_group_load
</UL>
<BR>[Called By]<UL><LI><a href="#[102]">&gt;&gt;</a>&nbsp;&nbsp;&nbsp;sissdk_ecdsa_loadKeyPair
</UL>

<P><STRONG><a name="[dd]"></a>mbedtls_ecp_tls_read_group_id</STRONG> (Thumb, 62 bytes, Stack size 12 bytes, ecp.o(i.mbedtls_ecp_tls_read_group_id))
<BR><BR>[Stack]<UL><LI>Max Depth = 12<LI>Call Chain = mbedtls_ecp_tls_read_group_id
</UL>
<BR>[Calls]<UL><LI><a href="#[de]">&gt;&gt;</a>&nbsp;&nbsp;&nbsp;mbedtls_ecp_curve_info_from_tls_id
</UL>
<BR>[Called By]<UL><LI><a href="#[dc]">&gt;&gt;</a>&nbsp;&nbsp;&nbsp;mbedtls_ecp_tls_read_group
</UL>

<P><STRONG><a name="[7b]"></a>mbedtls_hmac_drbg_free</STRONG> (Thumb, 20 bytes, Stack size 8 bytes, hmac_drbg.o(i.mbedtls_hmac_drbg_free))
<BR><BR>[Stack]<UL><LI>Max Depth = 24<LI>Call Chain = mbedtls_hmac_drbg_free &rArr; mbedtls_md_free &rArr; free
</UL>
<BR>[Calls]<UL><LI><a href="#[df]">&gt;&gt;</a>&nbsp;&nbsp;&nbsp;mbedtls_md_free
<LI><a href="#[c5]">&gt;&gt;</a>&nbsp;&nbsp;&nbsp;mbedtls_platform_zeroize
</UL>
<BR>[Called By]<UL><LI><a href="#[74]">&gt;&gt;</a>&nbsp;&nbsp;&nbsp;ecdsa_sign_det_restartable
</UL>

<P><STRONG><a name="[77]"></a>mbedtls_hmac_drbg_init</STRONG> (Thumb, 10 bytes, Stack size 8 bytes, hmac_drbg.o(i.mbedtls_hmac_drbg_init))
<BR><BR>[Stack]<UL><LI>Max Depth = 8<LI>Call Chain = mbedtls_hmac_drbg_init
</UL>
<BR>[Calls]<UL><LI><a href="#[5b]">&gt;&gt;</a>&nbsp;&nbsp;&nbsp;__aeabi_memclr4
</UL>
<BR>[Called By]<UL><LI><a href="#[74]">&gt;&gt;</a>&nbsp;&nbsp;&nbsp;ecdsa_sign_det_restartable
</UL>

<P><STRONG><a name="[26]"></a>mbedtls_hmac_drbg_random</STRONG> (Thumb, 12 bytes, Stack size 8 bytes, hmac_drbg.o(i.mbedtls_hmac_drbg_random))
<BR><BR>[Stack]<UL><LI>Max Depth = 616<LI>Call Chain = mbedtls_hmac_drbg_random &rArr; mbedtls_hmac_drbg_random_with_add &rArr; mbedtls_hmac_drbg_reseed &rArr; mbedtls_hmac_drbg_update_ret &rArr; mbedtls_md_hmac_starts
</UL>
<BR>[Calls]<UL><LI><a href="#[e0]">&gt;&gt;</a>&nbsp;&nbsp;&nbsp;mbedtls_hmac_drbg_random_with_add
</UL>
<BR>[Address Reference Count : 1]<UL><LI> ecdsa.o(i.ecdsa_sign_det_restartable)
</UL>
<P><STRONG><a name="[e0]"></a>mbedtls_hmac_drbg_random_with_add</STRONG> (Thumb, 214 bytes, Stack size 64 bytes, hmac_drbg.o(i.mbedtls_hmac_drbg_random_with_add))
<BR><BR>[Stack]<UL><LI>Max Depth = 608<LI>Call Chain = mbedtls_hmac_drbg_random_with_add &rArr; mbedtls_hmac_drbg_reseed &rArr; mbedtls_hmac_drbg_update_ret &rArr; mbedtls_md_hmac_starts
</UL>
<BR>[Calls]<UL><LI><a href="#[e5]">&gt;&gt;</a>&nbsp;&nbsp;&nbsp;mbedtls_md_hmac_update
<LI><a href="#[e4]">&gt;&gt;</a>&nbsp;&nbsp;&nbsp;mbedtls_md_hmac_reset
<LI><a href="#[e6]">&gt;&gt;</a>&nbsp;&nbsp;&nbsp;mbedtls_md_hmac_finish
<LI><a href="#[e1]">&gt;&gt;</a>&nbsp;&nbsp;&nbsp;mbedtls_md_get_size
<LI><a href="#[e3]">&gt;&gt;</a>&nbsp;&nbsp;&nbsp;mbedtls_hmac_drbg_update_ret
<LI><a href="#[e2]">&gt;&gt;</a>&nbsp;&nbsp;&nbsp;mbedtls_hmac_drbg_reseed
<LI><a href="#[8a]">&gt;&gt;</a>&nbsp;&nbsp;&nbsp;__aeabi_memcpy
</UL>
<BR>[Called By]<UL><LI><a href="#[26]">&gt;&gt;</a>&nbsp;&nbsp;&nbsp;mbedtls_hmac_drbg_random
</UL>

<P><STRONG><a name="[e2]"></a>mbedtls_hmac_drbg_reseed</STRONG> (Thumb, 118 bytes, Stack size 408 bytes, hmac_drbg.o(i.mbedtls_hmac_drbg_reseed))
<BR><BR>[Stack]<UL><LI>Max Depth = 544<LI>Call Chain = mbedtls_hmac_drbg_reseed &rArr; mbedtls_hmac_drbg_update_ret &rArr; mbedtls_md_hmac_starts
</UL>
<BR>[Calls]<UL><LI><a href="#[e3]">&gt;&gt;</a>&nbsp;&nbsp;&nbsp;mbedtls_hmac_drbg_update_ret
<LI><a href="#[5b]">&gt;&gt;</a>&nbsp;&nbsp;&nbsp;__aeabi_memclr4
<LI><a href="#[8a]">&gt;&gt;</a>&nbsp;&nbsp;&nbsp;__aeabi_memcpy
<LI><a href="#[c5]">&gt;&gt;</a>&nbsp;&nbsp;&nbsp;mbedtls_platform_zeroize
</UL>
<BR>[Called By]<UL><LI><a href="#[e0]">&gt;&gt;</a>&nbsp;&nbsp;&nbsp;mbedtls_hmac_drbg_random_with_add
</UL>

<P><STRONG><a name="[79]"></a>mbedtls_hmac_drbg_seed_buf</STRONG> (Thumb, 72 bytes, Stack size 24 bytes, hmac_drbg.o(i.mbedtls_hmac_drbg_seed_buf))
<BR><BR>[Stack]<UL><LI>Max Depth = 160<LI>Call Chain = mbedtls_hmac_drbg_seed_buf &rArr; mbedtls_hmac_drbg_update_ret &rArr; mbedtls_md_hmac_starts
</UL>
<BR>[Calls]<UL><LI><a href="#[e7]">&gt;&gt;</a>&nbsp;&nbsp;&nbsp;mbedtls_md_setup
<LI><a href="#[e8]">&gt;&gt;</a>&nbsp;&nbsp;&nbsp;mbedtls_md_hmac_starts
<LI><a href="#[e1]">&gt;&gt;</a>&nbsp;&nbsp;&nbsp;mbedtls_md_get_size
<LI><a href="#[e3]">&gt;&gt;</a>&nbsp;&nbsp;&nbsp;mbedtls_hmac_drbg_update_ret
<LI><a href="#[43]">&gt;&gt;</a>&nbsp;&nbsp;&nbsp;__aeabi_memset
</UL>
<BR>[Called By]<UL><LI><a href="#[74]">&gt;&gt;</a>&nbsp;&nbsp;&nbsp;ecdsa_sign_det_restartable
</UL>

<P><STRONG><a name="[e3]"></a>mbedtls_hmac_drbg_update_ret</STRONG> (Thumb, 198 bytes, Stack size 72 bytes, hmac_drbg.o(i.mbedtls_hmac_drbg_update_ret))
<BR><BR>[Stack]<UL><LI>Max Depth = 136<LI>Call Chain = mbedtls_hmac_drbg_update_ret &rArr; mbedtls_md_hmac_starts
</UL>
<BR>[Calls]<UL><LI><a href="#[e5]">&gt;&gt;</a>&nbsp;&nbsp;&nbsp;mbedtls_md_hmac_update
<LI><a href="#[e8]">&gt;&gt;</a>&nbsp;&nbsp;&nbsp;mbedtls_md_hmac_starts
<LI><a href="#[e4]">&gt;&gt;</a>&nbsp;&nbsp;&nbsp;mbedtls_md_hmac_reset
<LI><a href="#[e6]">&gt;&gt;</a>&nbsp;&nbsp;&nbsp;mbedtls_md_hmac_finish
<LI><a href="#[e1]">&gt;&gt;</a>&nbsp;&nbsp;&nbsp;mbedtls_md_get_size
<LI><a href="#[c5]">&gt;&gt;</a>&nbsp;&nbsp;&nbsp;mbedtls_platform_zeroize
</UL>
<BR>[Called By]<UL><LI><a href="#[e2]">&gt;&gt;</a>&nbsp;&nbsp;&nbsp;mbedtls_hmac_drbg_reseed
<LI><a href="#[e0]">&gt;&gt;</a>&nbsp;&nbsp;&nbsp;mbedtls_hmac_drbg_random_with_add
<LI><a href="#[79]">&gt;&gt;</a>&nbsp;&nbsp;&nbsp;mbedtls_hmac_drbg_seed_buf
</UL>

<P><STRONG><a name="[c2]"></a>mbedtls_internal_aes_decrypt</STRONG> (Thumb, 1018 bytes, Stack size 72 bytes, aes.o(i.mbedtls_internal_aes_decrypt))
<BR><BR>[Stack]<UL><LI>Max Depth = 72<LI>Call Chain = mbedtls_internal_aes_decrypt
</UL>
<BR>[Calls]<UL><LI><a href="#[c6]">&gt;&gt;</a>&nbsp;&nbsp;&nbsp;__aeabi_uread4
</UL>
<BR>[Called By]<UL><LI><a href="#[c1]">&gt;&gt;</a>&nbsp;&nbsp;&nbsp;mbedtls_aes_crypt_ecb
</UL>

<P><STRONG><a name="[c3]"></a>mbedtls_internal_aes_encrypt</STRONG> (Thumb, 1028 bytes, Stack size 72 bytes, aes.o(i.mbedtls_internal_aes_encrypt))
<BR><BR>[Stack]<UL><LI>Max Depth = 72<LI>Call Chain = mbedtls_internal_aes_encrypt
</UL>
<BR>[Calls]<UL><LI><a href="#[c6]">&gt;&gt;</a>&nbsp;&nbsp;&nbsp;__aeabi_uread4
</UL>
<BR>[Called By]<UL><LI><a href="#[c1]">&gt;&gt;</a>&nbsp;&nbsp;&nbsp;mbedtls_aes_crypt_ecb
</UL>

<P><STRONG><a name="[e9]"></a>mbedtls_internal_sha256_process</STRONG> (Thumb, 2216 bytes, Stack size 360 bytes, sha256.o(i.mbedtls_internal_sha256_process))
<BR><BR>[Stack]<UL><LI>Max Depth = 360<LI>Call Chain = mbedtls_internal_sha256_process
</UL>
<BR>[Calls]<UL><LI><a href="#[c6]">&gt;&gt;</a>&nbsp;&nbsp;&nbsp;__aeabi_uread4
</UL>
<BR>[Called By]<UL><LI><a href="#[38]">&gt;&gt;</a>&nbsp;&nbsp;&nbsp;sha224_process_wrap
<LI><a href="#[fb]">&gt;&gt;</a>&nbsp;&nbsp;&nbsp;mbedtls_sha256_update_ret
<LI><a href="#[f6]">&gt;&gt;</a>&nbsp;&nbsp;&nbsp;mbedtls_sha256_finish_ret
</UL>

<P><STRONG><a name="[df]"></a>mbedtls_md_free</STRONG> (Thumb, 54 bytes, Stack size 8 bytes, md.o(i.mbedtls_md_free))
<BR><BR>[Stack]<UL><LI>Max Depth = 16<LI>Call Chain = mbedtls_md_free &rArr; free
</UL>
<BR>[Calls]<UL><LI><a href="#[c5]">&gt;&gt;</a>&nbsp;&nbsp;&nbsp;mbedtls_platform_zeroize
<LI><a href="#[b0]">&gt;&gt;</a>&nbsp;&nbsp;&nbsp;free
</UL>
<BR>[Called By]<UL><LI><a href="#[7b]">&gt;&gt;</a>&nbsp;&nbsp;&nbsp;mbedtls_hmac_drbg_free
</UL>

<P><STRONG><a name="[e1]"></a>mbedtls_md_get_size</STRONG> (Thumb, 8 bytes, Stack size 0 bytes, md.o(i.mbedtls_md_get_size))
<BR><BR>[Called By]<UL><LI><a href="#[e3]">&gt;&gt;</a>&nbsp;&nbsp;&nbsp;mbedtls_hmac_drbg_update_ret
<LI><a href="#[e0]">&gt;&gt;</a>&nbsp;&nbsp;&nbsp;mbedtls_hmac_drbg_random_with_add
<LI><a href="#[79]">&gt;&gt;</a>&nbsp;&nbsp;&nbsp;mbedtls_hmac_drbg_seed_buf
</UL>

<P><STRONG><a name="[e6]"></a>mbedtls_md_hmac_finish</STRONG> (Thumb, 102 bytes, Stack size 48 bytes, md.o(i.mbedtls_md_hmac_finish))
<BR><BR>[Stack]<UL><LI>Max Depth = 48<LI>Call Chain = mbedtls_md_hmac_finish
</UL>
<BR>[Called By]<UL><LI><a href="#[e3]">&gt;&gt;</a>&nbsp;&nbsp;&nbsp;mbedtls_hmac_drbg_update_ret
<LI><a href="#[e0]">&gt;&gt;</a>&nbsp;&nbsp;&nbsp;mbedtls_hmac_drbg_random_with_add
</UL>

[...]
<LI><a href="#[9b]">&gt;&gt;</a>&nbsp;&nbsp;&nbsp;mbedtls_mpi_safe_cond_assign
<LI><a href="#[76]">&gt;&gt;</a>&nbsp;&nbsp;&nbsp;mbedtls_mpi_init
<LI><a href="#[7c]">&gt;&gt;</a>&nbsp;&nbsp;&nbsp;mbedtls_mpi_free
<LI><a href="#[7d]">&gt;&gt;</a>&nbsp;&nbsp;&nbsp;mbedtls_mpi_cmp_int
</UL>
<BR>[Called By]<UL><LI><a href="#[b1]">&gt;&gt;</a>&nbsp;&nbsp;&nbsp;ecp_select_comb
<LI><a href="#[ab]">&gt;&gt;</a>&nbsp;&nbsp;&nbsp;ecp_mul_comb
</UL>

<P><STRONG><a name="[b1]"></a>ecp_select_comb</STRONG> (Thumb, 94 bytes, Stack size 40 bytes, ecp.o(i.ecp_select_comb))
<BR><BR>[Stack]<UL><LI>Max Depth = 204<LI>Call Chain = ecp_select_comb &rArr; ecp_safe_invert_jac &rArr; mbedtls_mpi_sub_mpi &rArr; mbedtls_mpi_sub_abs &rArr; mbedtls_mpi_copy &rArr; mbedtls_mpi_grow &rArr; calloc &rArr; malloc
</UL>
<BR>[Calls]<UL><LI><a href="#[ae]">&gt;&gt;</a>&nbsp;&nbsp;&nbsp;ecp_safe_invert_jac
<LI><a href="#[9b]">&gt;&gt;</a>&nbsp;&nbsp;&nbsp;mbedtls_mpi_safe_cond_assign
</UL>
<BR>[Called By]<UL><LI><a href="#[ad]">&gt;&gt;</a>&nbsp;&nbsp;&nbsp;ecp_mul_comb_core
</UL>

<P><STRONG><a name="[d9]"></a>mbedtls_ecp_mul_shortcuts</STRONG> (Thumb, 116 bytes, Stack size 48 bytes, ecp.o(i.mbedtls_ecp_mul_shortcuts))
<BR><BR>[Stack]<UL><LI>Max Depth = 1188<LI>Call Chain = mbedtls_ecp_mul_shortcuts &rArr; mbedtls_ecp_mul_restartable &rArr; ecp_mul_comb &rArr; ecp_precompute_comb &rArr; ecp_normalize_jac_many &rArr; ecp_normalize_jac &rArr; mbedtls_mpi_inv_mod &rArr; mbedtls_mpi_mod_mpi &rArr; mbedtls_mpi_div_mpi &rArr; mbedtls_mpi_mul_int &rArr; mbedtls_mpi_mul_mpi &rArr; mbedtls_mpi_copy &rArr; mbedtls_mpi_grow &rArr; calloc &rArr; malloc
</UL>
<BR>[Calls]<UL><LI><a href="#[80]">&gt;&gt;</a>&nbsp;&nbsp;&nbsp;mbedtls_ecp_mul_restartable
<LI><a href="#[8f]">&gt;&gt;</a>&nbsp;&nbsp;&nbsp;mbedtls_ecp_copy
<LI><a href="#[73]">&gt;&gt;</a>&nbsp;&nbsp;&nbsp;mbedtls_mpi_sub_mpi
<LI><a href="#[7d]">&gt;&gt;</a>&nbsp;&nbsp;&nbsp;mbedtls_mpi_cmp_int
</UL>
<BR>[Called By]<UL><LI><a href="#[8c]">&gt;&gt;</a>&nbsp;&nbsp;&nbsp;mbedtls_ecp_muladd_restartable
</UL>

<P><STRONG><a name="[a8]"></a>add32</STRONG> (Thumb, 26 bytes, Stack size 0 bytes, ecp_curves.o(i.add32))
<BR><BR>[Called By]<UL><LI><a href="#[2a]">&gt;&gt;</a>&nbsp;&nbsp;&nbsp;ecp_mod_p384
<LI><a href="#[29]">&gt;&gt;</a>&nbsp;&nbsp;&nbsp;ecp_mod_p256
<LI><a href="#[28]">&gt;&gt;</a>&nbsp;&nbsp;&nbsp;ecp_mod_p224
</UL>

<P><STRONG><a name="[a5]"></a>add64</STRONG> (Thumb, 62 bytes, Stack size 16 bytes, ecp_curves.o(i.add64))
<BR><BR>[Stack]<UL><LI>Max Depth = 16<LI>Call Chain = add64
</UL>
<BR>[Called By]<UL><LI><a href="#[27]">&gt;&gt;</a>&nbsp;&nbsp;&nbsp;ecp_mod_p192
</UL>

<P><STRONG><a name="[a6]"></a>carry64</STRONG> (Thumb, 38 bytes, Stack size 8 bytes, ecp_curves.o(i.carry64))
<BR><BR>[Stack]<UL><LI>Max Depth = 8<LI>Call Chain = carry64
</UL>
<BR>[Called By]<UL><LI><a href="#[27]">&gt;&gt;</a>&nbsp;&nbsp;&nbsp;ecp_mod_p192
</UL>

<P><STRONG><a name="[9e]"></a>ecp_group_load</STRONG> (Thumb, 114 bytes, Stack size 24 bytes, ecp_curves.o(i.ecp_group_load))
<BR><BR>[Stack]<UL><LI>Max Depth = 32<LI>Call Chain = ecp_group_load &rArr; mbedtls_mpi_bitlen
</UL>
<BR>[Calls]<UL><LI><a href="#[9f]">&gt;&gt;</a>&nbsp;&nbsp;&nbsp;ecp_mpi_load
<LI><a href="#[a0]">&gt;&gt;</a>&nbsp;&nbsp;&nbsp;mbedtls_mpi_bitlen
</UL>
<BR>[Called By]<UL><LI><a href="#[d7]">&gt;&gt;</a>&nbsp;&nbsp;&nbsp;mbedtls_ecp_group_load
</UL>

<P><STRONG><a name="[a1]"></a>ecp_mod_koblitz</STRONG> (Thumb, 310 bytes, Stack size 104 bytes, ecp_curves.o(i.ecp_mod_koblitz))
<BR><BR>[Stack]<UL><LI>Max Depth = 244<LI>Call Chain = ecp_mod_koblitz &rArr; mbedtls_mpi_mul_mpi &rArr; mbedtls_mpi_copy &rArr; mbedtls_mpi_grow &rArr; calloc &rArr; malloc
</UL>
<BR>[Calls]<UL><LI><a href="#[5b]">&gt;&gt;</a>&nbsp;&nbsp;&nbsp;__aeabi_memclr4
<LI><a href="#[a2]">&gt;&gt;</a>&nbsp;&nbsp;&nbsp;__aeabi_memcpy4
<LI><a href="#[71]">&gt;&gt;</a>&nbsp;&nbsp;&nbsp;mbedtls_mpi_shift_r
<LI><a href="#[82]">&gt;&gt;</a>&nbsp;&nbsp;&nbsp;mbedtls_mpi_mul_mpi
<LI><a href="#[a3]">&gt;&gt;</a>&nbsp;&nbsp;&nbsp;mbedtls_mpi_add_abs
</UL>
<BR>[Called By]<UL><LI><a href="#[2e]">&gt;&gt;</a>&nbsp;&nbsp;&nbsp;ecp_mod_p256k1
<LI><a href="#[2d]">&gt;&gt;</a>&nbsp;&nbsp;&nbsp;ecp_mod_p224k1
<LI><a href="#[2c]">&gt;&gt;</a>&nbsp;&nbsp;&nbsp;ecp_mod_p192k1
</UL>

<P><STRONG><a name="[27]"></a>ecp_mod_p192</STRONG> (Thumb, 152 bytes, Stack size 32 bytes, ecp_curves.o(i.ecp_mod_p192))
<BR><BR>[Stack]<UL><LI>Max Depth = 84<LI>Call Chain = ecp_mod_p192 &rArr; mbedtls_mpi_grow &rArr; calloc &rArr; malloc
</UL>
<BR>[Calls]<UL><LI><a href="#[a6]">&gt;&gt;</a>&nbsp;&nbsp;&nbsp;carry64
<LI><a href="#[a5]">&gt;&gt;</a>&nbsp;&nbsp;&nbsp;add64
<LI><a href="#[a4]">&gt;&gt;</a>&nbsp;&nbsp;&nbsp;mbedtls_mpi_grow
</UL>
<BR>[Address Reference Count : 1]<UL><LI> ecp_curves.o(i.mbedtls_ecp_group_load)
</UL>
<P><STRONG><a name="[2c]"></a>ecp_mod_p192k1</STRONG> (Thumb, 20 bytes, Stack size 16 bytes, ecp_curves.o(i.ecp_mod_p192k1))
<BR><BR>[Stack]<UL><LI>Max Depth = 260<LI>Call Chain = ecp_mod_p192k1 &rArr; ecp_mod_koblitz &rArr; mbedtls_mpi_mul_mpi &rArr; mbedtls_mpi_copy &rArr; mbedtls_mpi_grow &rArr; calloc &rArr; malloc
</UL>
<BR>[Calls]<UL><LI><a href="#[a1]">&gt;&gt;</a>&nbsp;&nbsp;&nbsp;ecp_mod_koblitz
</UL>
<BR>[Address Reference Count : 1]<UL><LI> ecp_curves.o(i.mbedtls_ecp_group_load)
</UL>
<P><STRONG><a name="[28]"></a>ecp_mod_p224</STRONG> (Thumb, 556 bytes, Stack size 88 bytes, ecp_curves.o(i.ecp_mod_p224))
<BR><BR>[Stack]<UL><LI>Max Depth = 204<LI>Call Chain = ecp_mod_p224 &rArr; fix_negative &rArr; mbedtls_mpi_sub_abs &rArr; mbedtls_mpi_copy &rArr; mbedtls_mpi_grow &rArr; calloc &rArr; malloc
</UL>
<BR>[Calls]<UL><LI><a href="#[a7]">&gt;&gt;</a>&nbsp;&nbsp;&nbsp;sub32
<LI><a href="#[a9]">&gt;&gt;</a>&nbsp;&nbsp;&nbsp;fix_negative
<LI><a href="#[a8]">&gt;&gt;</a>&nbsp;&nbsp;&nbsp;add32
<LI><a href="#[5b]">&gt;&gt;</a>&nbsp;&nbsp;&nbsp;__aeabi_memclr4
<LI><a href="#[a4]">&gt;&gt;</a>&nbsp;&nbsp;&nbsp;mbedtls_mpi_grow
</UL>
<BR>[Address Reference Count : 1]<UL><LI> ecp_curves.o(i.mbedtls_ecp_group_load)
</UL>
<P><STRONG><a name="[2d]"></a>ecp_mod_p224k1</STRONG> (Thumb, 20 bytes, Stack size 16 bytes, ecp_curves.o(i.ecp_mod_p224k1))
<BR><BR>[Stack]<UL><LI>Max Depth = 260<LI>Call Chain = ecp_mod_p224k1 &rArr; ecp_mod_koblitz &rArr; mbedtls_mpi_mul_mpi &rArr; mbedtls_mpi_copy &rArr; mbedtls_mpi_grow &rArr; calloc &rArr; malloc
</UL>
<BR>[Calls]<UL><LI><a href="#[a1]">&gt;&gt;</a>&nbsp;&nbsp;&nbsp;ecp_mod_koblitz
</UL>
<BR>[Address Reference Count : 1]<UL><LI> ecp_curves.o(i.mbedtls_ecp_group_load)
</UL>
<P><STRONG><a name="[2f]"></a>ecp_mod_p255</STRONG> (Thumb, 138 bytes, Stack size 64 bytes, ecp_curves.o(i.ecp_mod_p255))
<BR><BR>[Stack]<UL><LI>Max Depth = 228<LI>Call Chain = ecp_mod_p255 &rArr; mbedtls_mpi_mul_int &rArr; mbedtls_mpi_mul_mpi &rArr; mbedtls_mpi_copy &rArr; mbedtls_mpi_grow &rArr; calloc &rArr; malloc
</UL>
<BR>[Calls]<UL><LI><a href="#[5b]">&gt;&gt;</a>&nbsp;&nbsp;&nbsp;__aeabi_memclr4
<LI><a href="#[a2]">&gt;&gt;</a>&nbsp;&nbsp;&nbsp;__aeabi_memcpy4
<LI><a href="#[71]">&gt;&gt;</a>&nbsp;&nbsp;&nbsp;mbedtls_mpi_shift_r
<LI><a href="#[aa]">&gt;&gt;</a>&nbsp;&nbsp;&nbsp;mbedtls_mpi_set_bit
<LI><a href="#[93]">&gt;&gt;</a>&nbsp;&nbsp;&nbsp;mbedtls_mpi_mul_int
<LI><a href="#[a3]">&gt;&gt;</a>&nbsp;&nbsp;&nbsp;mbedtls_mpi_add_abs
</UL>
<BR>[Address Reference Count : 1]<UL><LI> ecp_curves.o(i.mbedtls_ecp_group_load)
</UL>
<P><STRONG><a name="[29]"></a>ecp_mod_p256</STRONG> (Thumb, 1052 bytes, Stack size 88 bytes, ecp_curves.o(i.ecp_mod_p256))
<BR><BR>[Stack]<UL><LI>Max Depth = 204<LI>Call Chain = ecp_mod_p256 &rArr; fix_negative &rArr; mbedtls_mpi_sub_abs &rArr; mbedtls_mpi_copy &rArr; mbedtls_mpi_grow &rArr; calloc &rArr; malloc
</UL>
<BR>[Calls]<UL><LI><a href="#[a7]">&gt;&gt;</a>&nbsp;&nbsp;&nbsp;sub32
<LI><a href="#[a9]">&gt;&gt;</a>&nbsp;&nbsp;&nbsp;fix_negative
<LI><a href="#[a8]">&gt;&gt;</a>&nbsp;&nbsp;&nbsp;add32
<LI><a href="#[5b]">&gt;&gt;</a>&nbsp;&nbsp;&nbsp;__aeabi_memclr4
<LI><a href="#[a4]">&gt;&gt;</a>&nbsp;&nbsp;&nbsp;mbedtls_mpi_grow
</UL>
<BR>[Address Reference Count : 1]<UL><LI> ecp_curves.o(i.mbedtls_ecp_group_load)
</UL>
<P><STRONG><a name="[2e]"></a>ecp_mod_p256k1</STRONG> (Thumb, 20 bytes, Stack size 16 bytes, ecp_curves.o(i.ecp_mod_p256k1))
<BR><BR>[Stack]<UL><LI>Max Depth = 260<LI>Call Chain = ecp_mod_p256k1 &rArr; ecp_mod_koblitz &rArr; mbedtls_mpi_mul_mpi &rArr; mbedtls_mpi_copy &rArr; mbedtls_mpi_grow &rArr; calloc &rArr; malloc
</UL>
<BR>[Calls]<UL><LI><a href="#[a1]">&gt;&gt;</a>&nbsp;&nbsp;&nbsp;ecp_mod_koblitz
</UL>
<BR>[Address Reference Count : 1]<UL><LI> ecp_curves.o(i.mbedtls_ecp_group_load)
</UL>
<P><STRONG><a name="[2a]"></a>ecp_mod_p384</STRONG> (Thumb, 1336 bytes, Stack size 104 bytes, ecp_curves.o(i.ecp_mod_p384))
<BR><BR>[Stack]<UL><LI>Max Depth = 220<LI>Call Chain = ecp_mod_p384 &rArr; fix_negative &rArr; mbedtls_mpi_sub_abs &rArr; mbedtls_mpi_copy &rArr; mbedtls_mpi_grow &rArr; calloc &rArr; malloc
</UL>
<BR>[Calls]<UL><LI><a href="#[a7]">&gt;&gt;</a>&nbsp;&nbsp;&nbsp;sub32
<LI><a href="#[a9]">&gt;&gt;</a>&nbsp;&nbsp;&nbsp;fix_negative
<LI><a href="#[a8]">&gt;&gt;</a>&nbsp;&nbsp;&nbsp;add32
<LI><a href="#[5b]">&gt;&gt;</a>&nbsp;&nbsp;&nbsp;__aeabi_memclr4
<LI><a href="#[a4]">&gt;&gt;</a>&nbsp;&nbsp;&nbsp;mbedtls_mpi_grow
</UL>
<BR>[Address Reference Count : 1]<UL><LI> ecp_curves.o(i.mbedtls_ecp_group_load)
</UL>
<P><STRONG><a name="[30]"></a>ecp_mod_p448</STRONG> (Thumb, 200 bytes, Stack size 160 bytes, ecp_curves.o(i.ecp_mod_p448))
<BR><BR>[Stack]<UL><LI>Max Depth = 292<LI>Call Chain = ecp_mod_p448 &rArr; mbedtls_mpi_add_mpi &rArr; mbedtls_mpi_sub_abs &rArr; mbedtls_mpi_copy &rArr; mbedtls_mpi_grow &rArr; calloc &rArr; malloc
</UL>
<BR>[Calls]<UL><LI><a href="#[5b]">&gt;&gt;</a>&nbsp;&nbsp;&nbsp;__aeabi_memclr4
<LI><a href="#[a2]">&gt;&gt;</a>&nbsp;&nbsp;&nbsp;__aeabi_memcpy4
<LI><a href="#[71]">&gt;&gt;</a>&nbsp;&nbsp;&nbsp;mbedtls_mpi_shift_r
<LI><a href="#[9d]">&gt;&gt;</a>&nbsp;&nbsp;&nbsp;mbedtls_mpi_shift_l
<LI><a href="#[83]">&gt;&gt;</a>&nbsp;&nbsp;&nbsp;mbedtls_mpi_add_mpi
</UL>
<BR>[Address Reference Count : 1]<UL><LI> ecp_curves.o(i.mbedtls_ecp_group_load)
</UL>
<P><STRONG><a name="[2b]"></a>ecp_mod_p521</STRONG> (Thumb, 108 bytes, Stack size 96 bytes, ecp_curves.o(i.ecp_mod_p521))
<BR><BR>[Stack]<UL><LI>Max Depth = 196<LI>Call Chain = ecp_mod_p521 &rArr; mbedtls_mpi_add_abs &rArr; mbedtls_mpi_copy &rArr; mbedtls_mpi_grow &rArr; calloc &rArr; malloc
</UL>
<BR>[Calls]<UL><LI><a href="#[a2]">&gt;&gt;</a>&nbsp;&nbsp;&nbsp;__aeabi_memcpy4
<LI><a href="#[71]">&gt;&gt;</a>&nbsp;&nbsp;&nbsp;mbedtls_mpi_shift_r
<LI><a href="#[a3]">&gt;&gt;</a>&nbsp;&nbsp;&nbsp;mbedtls_mpi_add_abs
</UL>
<BR>[Address Reference Count : 1]<UL><LI> ecp_curves.o(i.mbedtls_ecp_group_load)
</UL>
<P><STRONG><a name="[9f]"></a>ecp_mpi_load</STRONG> (Thumb, 12 bytes, Stack size 0 bytes, ecp_curves.o(i.ecp_mpi_load))
<BR><BR>[Called By]<UL><LI><a href="#[9e]">&gt;&gt;</a>&nbsp;&nbsp;&nbsp;ecp_group_load
</UL>

<P><STRONG><a name="[ba]"></a>ecp_use_curve25519</STRONG> (Thumb, 148 bytes, Stack size 16 bytes, ecp_curves.o(i.ecp_use_curve25519))
<BR><BR>[Stack]<UL><LI>Max Depth = 236<LI>Call Chain = ecp_use_curve25519 &rArr; mbedtls_mpi_read_string &rArr; mbedtls_mpi_mul_int &rArr; mbedtls_mpi_mul_mpi &rArr; mbedtls_mpi_copy &rArr; mbedtls_mpi_grow &rArr; calloc &rArr; malloc
</UL>
<BR>[Calls]<UL><LI><a href="#[bc]">&gt;&gt;</a>&nbsp;&nbsp;&nbsp;mbedtls_ecp_group_free
<LI><a href="#[97]">&gt;&gt;</a>&nbsp;&nbsp;&nbsp;mbedtls_mpi_sub_int
<LI><a href="#[9d]">&gt;&gt;</a>&nbsp;&nbsp;&nbsp;mbedtls_mpi_shift_l
<LI><a href="#[aa]">&gt;&gt;</a>&nbsp;&nbsp;&nbsp;mbedtls_mpi_set_bit
<LI><a href="#[bb]">&gt;&gt;</a>&nbsp;&nbsp;&nbsp;mbedtls_mpi_read_string
<LI><a href="#[b2]">&gt;&gt;</a>&nbsp;&nbsp;&nbsp;mbedtls_mpi_lset
<LI><a href="#[7c]">&gt;&gt;</a>&nbsp;&nbsp;&nbsp;mbedtls_mpi_free
<LI><a href="#[a0]">&gt;&gt;</a>&nbsp;&nbsp;&nbsp;mbedtls_mpi_bitlen
</UL>
<BR>[Called By]<UL><LI><a href="#[d7]">&gt;&gt;</a>&nbsp;&nbsp;&nbsp;mbedtls_ecp_group_load
</UL>

<P><STRONG><a name="[bd]"></a>ecp_use_curve448</STRONG> (Thumb, 206 bytes, Stack size 32 bytes, ecp_curves.o(i.ecp_use_curve448))
<BR><BR>[Stack]<UL><LI>Max Depth = 252<LI>Call Chain = ecp_use_curve448 &rArr; mbedtls_mpi_read_string &rArr; mbedtls_mpi_mul_int &rArr; mbedtls_mpi_mul_mpi &rArr; mbedtls_mpi_copy &rArr; mbedtls_mpi_grow &rArr; calloc &rArr; malloc
</UL>
<BR>[Calls]<UL><LI><a href="#[bc]">&gt;&gt;</a>&nbsp;&nbsp;&nbsp;mbedtls_ecp_group_free
<LI><a href="#[73]">&gt;&gt;</a>&nbsp;&nbsp;&nbsp;mbedtls_mpi_sub_mpi
<LI><a href="#[97]">&gt;&gt;</a>&nbsp;&nbsp;&nbsp;mbedtls_mpi_sub_int
<LI><a href="#[9d]">&gt;&gt;</a>&nbsp;&nbsp;&nbsp;mbedtls_mpi_shift_l
<LI><a href="#[aa]">&gt;&gt;</a>&nbsp;&nbsp;&nbsp;mbedtls_mpi_set_bit
<LI><a href="#[bb]">&gt;&gt;</a>&nbsp;&nbsp;&nbsp;mbedtls_mpi_read_string
<LI><a href="#[b2]">&gt;&gt;</a>&nbsp;&nbsp;&nbsp;mbedtls_mpi_lset
<LI><a href="#[76]">&gt;&gt;</a>&nbsp;&nbsp;&nbsp;mbedtls_mpi_init
<LI><a href="#[7c]">&gt;&gt;</a>&nbsp;&nbsp;&nbsp;mbedtls_mpi_free
<LI><a href="#[a0]">&gt;&gt;</a>&nbsp;&nbsp;&nbsp;mbedtls_mpi_bitlen
</UL>
<BR>[Called By]<UL><LI><a href="#[d7]">&gt;&gt;</a>&nbsp;&nbsp;&nbsp;mbedtls_ecp_group_load
</UL>

<P><STRONG><a name="[a9]"></a>fix_negative</STRONG> (Thumb, 38 bytes, Stack size 8 bytes, ecp_curves.o(i.fix_negative))
<BR><BR>[Stack]<UL><LI>Max Depth = 116<LI>Call Chain = fix_negative &rArr; mbedtls_mpi_sub_abs &rArr; mbedtls_mpi_copy &rArr; mbedtls_mpi_grow &rArr; calloc &rArr; malloc
</UL>
<BR>[Calls]<UL><LI><a href="#[94]">&gt;&gt;</a>&nbsp;&nbsp;&nbsp;mbedtls_mpi_sub_abs
</UL>
<BR>[Called By]<UL><LI><a href="#[2a]">&gt;&gt;</a>&nbsp;&nbsp;&nbsp;ecp_mod_p384
<LI><a href="#[29]">&gt;&gt;</a>&nbsp;&nbsp;&nbsp;ecp_mod_p256
<LI><a href="#[28]">&gt;&gt;</a>&nbsp;&nbsp;&nbsp;ecp_mod_p224
</UL>

<P><STRONG><a name="[a7]"></a>sub32</STRONG> (Thumb, 30 bytes, Stack size 8 bytes, ecp_curves.o(i.sub32))
<BR><BR>[Stack]<UL><LI>Max Depth = 8<LI>Call Chain = sub32
</UL>
<BR>[Called By]<UL><LI><a href="#[2a]">&gt;&gt;</a>&nbsp;&nbsp;&nbsp;ecp_mod_p384
<LI><a href="#[29]">&gt;&gt;</a>&nbsp;&nbsp;&nbsp;ecp_mod_p256
<LI><a href="#[28]">&gt;&gt;</a>&nbsp;&nbsp;&nbsp;ecp_mod_p224
</UL>

<P><STRONG><a name="[37]"></a>sha224_clone_wrap</STRONG> (Thumb, 8 bytes, Stack size 8 bytes, md_wrap.o(i.sha224_clone_wrap))
<BR><BR>[Stack]<UL><LI>Max Depth = 24<LI>Call Chain = sha224_clone_wrap &rArr; mbedtls_sha256_clone &rArr; __aeabi_memcpy4
</UL>
<BR>[Calls]<UL><LI><a href="#[f5]">&gt;&gt;</a>&nbsp;&nbsp;&nbsp;mbedtls_sha256_clone
</UL>
<BR>[Address Reference Count : 2]<UL><LI> md_wrap.o(.constdata)
<LI> md_wrap.o(.constdata)
</UL>
<P><STRONG><a name="[35]"></a>sha224_ctx_alloc</STRONG> (Thumb, 22 bytes, Stack size 8 bytes, md_wrap.o(i.sha224_ctx_alloc))
<BR><BR>[Stack]<UL><LI>Max Depth = 36<LI>Call Chain = sha224_ctx_alloc &rArr; calloc &rArr; malloc
</UL>
<BR>[Calls]<UL><LI><a href="#[f8]">&gt;&gt;</a>&nbsp;&nbsp;&nbsp;mbedtls_sha256_init
<LI><a href="#[44]">&gt;&gt;</a>&nbsp;&nbsp;&nbsp;calloc
</UL>
<BR>[Address Reference Count : 2]<UL><LI> md_wrap.o(.constdata)
<LI> md_wrap.o(.constdata)
</UL>
<P><STRONG><a name="[36]"></a>sha224_ctx_free</STRONG> (Thumb, 16 bytes, Stack size 8 bytes, md_wrap.o(i.sha224_ctx_free))
<BR><BR>[Stack]<UL><LI>Max Depth = 16<LI>Call Chain = sha224_ctx_free &rArr; mbedtls_sha256_free
</UL>
<BR>[Calls]<UL><LI><a href="#[f7]">&gt;&gt;</a>&nbsp;&nbsp;&nbsp;mbedtls_sha256_free
<LI><a href="#[b0]">&gt;&gt;</a>&nbsp;&nbsp;&nbsp;free
</UL>
<BR>[Address Reference Count : 2]<UL><LI> md_wrap.o(.constdata)
<LI> md_wrap.o(.constdata)
</UL>
<P><STRONG><a name="[33]"></a>sha224_finish_wrap</STRONG> (Thumb, 8 bytes, Stack size 8 bytes, md_wrap.o(i.sha224_finish_wrap))
<BR><BR>[Stack]<UL><LI>Max Depth = 384<LI>Call Chain = sha224_finish_wrap &rArr; mbedtls_sha256_finish_ret &rArr; mbedtls_internal_sha256_process
</UL>
<BR>[Calls]<UL><LI><a href="#[f6]">&gt;&gt;</a>&nbsp;&nbsp;&nbsp;mbedtls_sha256_finish_ret
</UL>
<BR>[Address Reference Count : 2]<UL><LI> md_wrap.o(.constdata)
<LI> md_wrap.o(.constdata)
</UL>
<P><STRONG><a name="[38]"></a>sha224_process_wrap</STRONG> (Thumb, 8 bytes, Stack size 8 bytes, md_wrap.o(i.sha224_process_wrap))
<BR><BR>[Stack]<UL><LI>Max Depth = 368<LI>Call Chain = sha224_process_wrap &rArr; mbedtls_internal_sha256_process
</UL>
<BR>[Calls]<UL><LI><a href="#[e9]">&gt;&gt;</a>&nbsp;&nbsp;&nbsp;mbedtls_internal_sha256_process
</UL>
<BR>[Address Reference Count : 2]<UL><LI> md_wrap.o(.constdata)
<LI> md_wrap.o(.constdata)
</UL>
<P><STRONG><a name="[31]"></a>sha224_starts_wrap</STRONG> (Thumb, 10 bytes, Stack size 8 bytes, md_wrap.o(i.sha224_starts_wrap))
<BR><BR>[Stack]<UL><LI>Max Depth = 8<LI>Call Chain = sha224_starts_wrap
</UL>
<BR>[Calls]<UL><LI><a href="#[fa]">&gt;&gt;</a>&nbsp;&nbsp;&nbsp;mbedtls_sha256_starts_ret
</UL>
<BR>[Address Reference Count : 1]<UL><LI> md_wrap.o(.constdata)
</UL>
<P><STRONG><a name="[32]"></a>sha224_update_wrap</STRONG> (Thumb, 8 bytes, Stack size 8 bytes, md_wrap.o(i.sha224_update_wrap))
<BR><BR>[Stack]<UL><LI>Max Depth = 400<LI>Call Chain = sha224_update_wrap &rArr; mbedtls_sha256_update_ret &rArr; mbedtls_internal_sha256_process
</UL>
<BR>[Calls]<UL><LI><a href="#[fb]">&gt;&gt;</a>&nbsp;&nbsp;&nbsp;mbedtls_sha256_update_ret
</UL>
<BR>[Address Reference Count : 2]<UL><LI> md_wrap.o(.constdata)
<LI> md_wrap.o(.constdata)
</UL>
<P><STRONG><a name="[34]"></a>sha224_wrap</STRONG> (Thumb, 10 bytes, Stack size 8 bytes, md_wrap.o(i.sha224_wrap))
<BR><BR>[Stack]<UL><LI>Max Depth = 528<LI>Call Chain = sha224_wrap &rArr; mbedtls_sha256_ret &rArr; mbedtls_sha256_update_ret &rArr; mbedtls_internal_sha256_process
</UL>
<BR>[Calls]<UL><LI><a href="#[f9]">&gt;&gt;</a>&nbsp;&nbsp;&nbsp;mbedtls_sha256_ret
</UL>
<BR>[Address Reference Count : 1]<UL><LI> md_wrap.o(.constdata)
</UL>
<P><STRONG><a name="[39]"></a>sha256_starts_wrap</STRONG> (Thumb, 10 bytes, Stack size 8 bytes, md_wrap.o(i.sha256_starts_wrap))
<BR><BR>[Stack]<UL><LI>Max Depth = 8<LI>Call Chain = sha256_starts_wrap
</UL>
<BR>[Calls]<UL><LI><a href="#[fa]">&gt;&gt;</a>&nbsp;&nbsp;&nbsp;mbedtls_sha256_starts_ret
</UL>
<BR>[Address Reference Count : 1]<UL><LI> md_wrap.o(.constdata)
</UL>
<P><STRONG><a name="[3a]"></a>sha256_wrap</STRONG> (Thumb, 10 bytes, Stack size 8 bytes, md_wrap.o(i.sha256_wrap))
<BR><BR>[Stack]<UL><LI>Max Depth = 528<LI>Call Chain = sha256_wrap &rArr; mbedtls_sha256_ret &rArr; mbedtls_sha256_update_ret &rArr; mbedtls_internal_sha256_process
</UL>
<BR>[Calls]<UL><LI><a href="#[f9]">&gt;&gt;</a>&nbsp;&nbsp;&nbsp;mbedtls_sha256_ret
</UL>
<BR>[Address Reference Count : 1]<UL><LI> md_wrap.o(.constdata)
</UL>
<P><STRONG><a name="[65]"></a>_printf_core</STRONG> (Thumb, 1020 bytes, Stack size 104 bytes, printf8.o(i._printf_core), UNUSED)
<BR><BR>[Calls]<UL><LI><a href="#[3f]">&gt;&gt;</a>&nbsp;&nbsp;&nbsp;__aeabi_uldivmod
<LI><a href="#[66]">&gt;&gt;</a>&nbsp;&nbsp;&nbsp;_printf_pre_padding
<LI><a href="#[67]">&gt;&gt;</a>&nbsp;&nbsp;&nbsp;_printf_post_padding
</UL>
<BR>[Called By]<UL><LI><a href="#[64]">&gt;&gt;</a>&nbsp;&nbsp;&nbsp;__0printf$8
</UL>

<P><STRONG><a name="[67]"></a>_printf_post_padding</STRONG> (Thumb, 32 bytes, Stack size 24 bytes, printf8.o(i._printf_post_padding), UNUSED)
<BR><BR>[Called By]<UL><LI><a href="#[65]">&gt;&gt;</a>&nbsp;&nbsp;&nbsp;_printf_core
</UL>

<P><STRONG><a name="[66]"></a>_printf_pre_padding</STRONG> (Thumb, 44 bytes, Stack size 40 bytes, printf8.o(i._printf_pre_padding), UNUSED)
<BR><BR>[Called By]<UL><LI><a href="#[65]">&gt;&gt;</a>&nbsp;&nbsp;&nbsp;_printf_core
</UL>
<P>
<H3>
Undefined Global Symbols
</H3><HR></body></html>
